Archive member included to satisfy reference by file (symbol)

libopencm3/lib\libopencm3_stm32f1.a(adc.o)
                              obj/anain.o (adc_power_on)
libopencm3/lib\libopencm3_stm32f1.a(adc_common_v1.o)
                              obj/anain.o (adc_power_off)
libopencm3/lib\libopencm3_stm32f1.a(can.o)
                              obj/stm32_can.o (can_reset)
libopencm3/lib\libopencm3_stm32f1.a(crc_common_all.o)
                              obj/hwinit.o (crc_reset)
libopencm3/lib\libopencm3_stm32f1.a(desig_common_v1.o)
                              obj/hwinit.o (desig_get_flash_size)
libopencm3/lib\libopencm3_stm32f1.a(dma_common_l1f013.o)
                              obj/terminal.o (dma_channel_reset)
libopencm3/lib\libopencm3_stm32f1.a(flash.o)
                              obj/hwinit.o (flash_erase_page)
libopencm3/lib\libopencm3_stm32f1.a(flash_common_all.o)
                              obj/canmap.o (flash_set_ws)
libopencm3/lib\libopencm3_stm32f1.a(flash_common_f.o)
                              obj/hwinit.o (flash_unlock)
libopencm3/lib\libopencm3_stm32f1.a(flash_common_f01.o)
                              libopencm3/lib\libopencm3_stm32f1.a(flash.o) (flash_clear_pgerr_flag)
libopencm3/lib\libopencm3_stm32f1.a(gpio.o)
                              obj/terminal.o (gpio_set_mode)
libopencm3/lib\libopencm3_stm32f1.a(gpio_common_all.o)
                              obj/main.o (gpio_set)
libopencm3/lib\libopencm3_stm32f1.a(iwdg_common_all.o)
                              obj/main.o (iwdg_reset)
libopencm3/lib\libopencm3_stm32f1.a(rcc.o)
                              obj/stm32scheduler.o (rcc_apb2_frequency)
libopencm3/lib\libopencm3_stm32f1.a(rcc_common_all.o)
                              obj/hwinit.o (rcc_periph_clock_enable)
libopencm3/lib\libopencm3_stm32f1.a(rtc.o)
                              obj/main.o (rtc_get_counter_val)
libopencm3/lib\libopencm3_stm32f1.a(timer_common_all.o)
                              obj/stm32scheduler.o (timer_enable_irq)
libopencm3/lib\libopencm3_stm32f1.a(usart_common_all.o)
                              obj/terminal.o (usart_set_baudrate)
libopencm3/lib\libopencm3_stm32f1.a(usart_common_f124.o)
                              libopencm3/lib\libopencm3_stm32f1.a(usart_common_all.o) (usart_send)
libopencm3/lib\libopencm3_stm32f1.a(vector.o)
                              (reset_handler)
libopencm3/lib\libopencm3_stm32f1.a(scb.o)
                              obj/terminalcommands.o (scb_reset_system)
libopencm3/lib\libopencm3_stm32f1.a(nvic.o)
                              obj/hwinit.o (nvic_enable_irq)
libopencm3/lib\libopencm3_stm32f1.a(assert.o)
                              libopencm3/lib\libopencm3_stm32f1.a(rcc.o) (cm3_assert_failed)
libopencm3/lib\libopencm3_stm32f1.a(pwr_common_v1.o)
                              libopencm3/lib\libopencm3_stm32f1.a(rtc.o) (pwr_disable_backup_domain_write_protect)
C:/msys64/mingw64/bin/../lib/gcc/arm-none-eabi/13.3.0/thumb/v7/nofp\libgcc.a(_arm_mulsf3.o)
                              obj/params.o (__aeabi_fmul)
C:/msys64/mingw64/bin/../lib/gcc/arm-none-eabi/13.3.0/thumb/v7/nofp\libgcc.a(_arm_addsubdf3.o)
                              obj/main.o (__aeabi_f2d)
C:/msys64/mingw64/bin/../lib/gcc/arm-none-eabi/13.3.0/thumb/v7/nofp\libgcc.a(_arm_muldivdf3.o)
                              obj/main.o (__aeabi_ddiv)
C:/msys64/mingw64/bin/../lib/gcc/arm-none-eabi/13.3.0/thumb/v7/nofp\libgcc.a(_arm_truncdfsf2.o)
                              obj/main.o (__aeabi_d2f)
C:/msys64/mingw64/bin/../lib/gcc/arm-none-eabi/13.3.0/thumb/v7/nofp\libgcc.a(_arm_addsubsf3.o)
                              obj/main.o (__aeabi_fsub)
C:/msys64/mingw64/bin/../lib/gcc/arm-none-eabi/13.3.0/thumb/v7/nofp\libgcc.a(_arm_muldivsf3.o)
                              obj/main.o (__aeabi_fdiv)
C:/msys64/mingw64/bin/../lib/gcc/arm-none-eabi/13.3.0/thumb/v7/nofp\libgcc.a(_arm_fixsfsi.o)
                              obj/params.o (__aeabi_f2iz)

Discarded input sections

 .group         0x00000000        0x8 obj/main.o
 .group         0x00000000        0x8 obj/main.o
 .group         0x00000000        0xc obj/main.o
 .group         0x00000000        0xc obj/main.o
 .group         0x00000000        0xc obj/main.o
 .group         0x00000000        0xc obj/main.o
 .group         0x00000000        0xc obj/main.o
 .group         0x00000000        0xc obj/main.o
 .group         0x00000000        0xc obj/main.o
 .group         0x00000000        0xc obj/main.o
 .group         0x00000000        0xc obj/main.o
 .group         0x00000000        0xc obj/main.o
 .group         0x00000000        0xc obj/main.o
 .group         0x00000000        0xc obj/main.o
 .group         0x00000000        0xc obj/main.o
 .group         0x00000000        0xc obj/main.o
 .group         0x00000000        0xc obj/main.o
 .group         0x00000000        0xc obj/main.o
 .group         0x00000000        0xc obj/main.o
 .group         0x00000000        0xc obj/main.o
[...]
Memory Configuration

Name             Origin             Length             Attributes
rom              0x08001000         0x0001e000         xr
ram              0x20000000         0x00005000         xrw
*default*        0x00000000         0xffffffff

Linker script and memory map

LOAD obj/main.o
LOAD obj/hwinit.o
LOAD obj/stm32scheduler.o
LOAD obj/params.o
LOAD obj/terminal.o
LOAD obj/terminal_prj.o
LOAD obj/my_string.o
LOAD obj/digio.o
LOAD obj/my_fp.o
LOAD obj/printf.o
LOAD obj/anain.o
LOAD obj/param_save.o
LOAD obj/errormessage.o
LOAD obj/stm32_can.o
LOAD obj/canhardware.o
LOAD obj/canmap.o
LOAD obj/picontroller.o
LOAD obj/terminalcommands.o
LOAD obj/cansdo.o
LOAD libopencm3/lib\libopencm3_stm32f1.a
START GROUP
LOAD C:/msys64/mingw64/bin/../lib/gcc/arm-none-eabi/13.3.0/thumb/v7/nofp\libgcc.a
LOAD C:/msys64/mingw64/bin/../lib/gcc/arm-none-eabi/13.3.0/../../../../arm-none-eabi/lib/thumb/v7/nofp\libc.a
END GROUP

.text           0x08001000     0x6cf4
 *(.vectors)
 .vectors       0x08001000      0x150 libopencm3/lib\libopencm3_stm32f1.a(vector.o)
                0x08001000                vector_table
 *(.text*)
 .text._ZN23FunctionPointerCallback8HandleRxEmPmh
                0x08001150       0x10 obj/main.o
                0x08001150                FunctionPointerCallback::HandleRx(unsigned long, unsigned long*, unsigned char)
 .text._ZN23FunctionPointerCallback11HandleClearEv
                0x08001160        0x8 obj/main.o
                0x08001160                FunctionPointerCallback::HandleClear()
 .text._ZL7Ms1Taskv
                0x08001168        0x2 obj/main.o
 .text._ZL11CanCallbackmPmh
                0x0800116a        0xc obj/main.o
 *fill*         0x08001176        0x2 
 .text._ZL9Ms200Taskv
                0x08001178       0x38 obj/main.o
 .text._ZL13SetCanFiltersv
                0x080011b0       0x24 obj/main.o
 .text._ZL8Ms10Taskv
                0x080011d4        0xc obj/main.o
 .text.__cxa_pure_virtual
                0x080011e0        0x2 obj/main.o
                0x080011e0                __cxa_pure_virtual
 *fill*         0x080011e2        0x2 
 .text.Analog_Outputs
                0x080011e4      0x148 obj/main.o
                0x080011e4                Analog_Outputs
 .text.Can_Tasks
                0x0800132c       0x50 obj/main.o
                0x0800132c                Can_Tasks
 .text._Z16PinIntializationv
                0x0800137c       0xd8 obj/main.o
                0x0800137c                PinIntialization()
 .text.Disable_Calibers
                0x08001454       0x58 obj/main.o
                0x08001454                Disable_Calibers
 .text.eBrake_Control
                0x080014ac      0x528 obj/main.o
                0x080014ac                eBrake_Control
 *fill*         0x080019d4        0x4 
 .text._ZL9Ms100Taskv
                0x080019d8      0x1b4 obj/main.o
 .text._ZN5Param6ChangeENS_9PARAM_NUME
                0x08001b8c       0x5c obj/main.o
                0x08001b8c                Param::Change(Param::PARAM_NUM)
 .text.tim2_isr
                0x08001be8       0x10 obj/main.o
                0x08001be8                tim2_isr
 .text.main     0x08001bf8      0x314 obj/main.o
                0x08001bf8                main
 .text.clock_setup
                0x08001f0c       0x7c obj/hwinit.o
                0x08001f0c                clock_setup
 .text.write_bootloader_pininit
                0x08001f88       0x90 obj/hwinit.o
                0x08001f88                write_bootloader_pininit
 .text.nvic_setup
                0x08002018       0x12 obj/hwinit.o
                0x08002018                nvic_setup
 .text.rtc_setup
                0x0800202a       0x14 obj/hwinit.o
                0x0800202a                rtc_setup
 *fill*         0x0800203e        0x2 
 .text._ZN14Stm32SchedulerC2Em
                0x08002040       0x44 obj/stm32scheduler.o
                0x08002040                Stm32Scheduler::Stm32Scheduler(unsigned long)
                0x08002040                Stm32Scheduler::Stm32Scheduler(unsigned long)
 .text._ZN14Stm32Scheduler7AddTaskEPFvvEt
                0x08002084       0x6c obj/stm32scheduler.o
                0x08002084                Stm32Scheduler::AddTask(void (*)(), unsigned short)
 .text._ZN14Stm32Scheduler3RunEv
                0x080020f0       0x70 obj/stm32scheduler.o
                0x080020f0                Stm32Scheduler::Run()
 .text._ZN14Stm32Scheduler10GetCpuLoadEv
                0x08002160       0x30 obj/stm32scheduler.o
                0x08002160                Stm32Scheduler::GetCpuLoad()
 .text._ZN5Param3SetENS_9PARAM_NUMEl
                0x08002190       0x3c obj/params.o
                0x08002190                Param::Set(Param::PARAM_NUM, long)
 .text._ZN5Param3GetENS_9PARAM_NUME
                0x080021cc        0xc obj/params.o
                0x080021cc                Param::Get(Param::PARAM_NUM)
 .text._ZN5Param6GetIntENS_9PARAM_NUME
                0x080021d8       0x10 obj/params.o
                0x080021d8                Param::GetInt(Param::PARAM_NUM)
 .text._ZN5Param8GetFloatENS_9PARAM_NUME
                0x080021e8       0x1c obj/params.o
                0x080021e8                Param::GetFloat(Param::PARAM_NUM)
 .text._ZN5Param6SetIntENS_9PARAM_NUMEi
                0x08002204       0x10 obj/params.o
                0x08002204                Param::SetInt(Param::PARAM_NUM, int)
 .text._ZN5Param8SetFixedENS_9PARAM_NUMEl
                0x08002214        0xc obj/params.o
                0x08002214                Param::SetFixed(Param::PARAM_NUM, long)
 .text._ZN5Param8SetFloatENS_9PARAM_NUMEf
                0x08002220       0x20 obj/params.o
                0x08002220                Param::SetFloat(Param::PARAM_NUM, float)
 .text._ZN5Param13NumFromStringEPKc
                0x08002240       0x28 obj/params.o
                0x08002240                Param::NumFromString(char const*)
 .text._ZN5Param9NumFromIdEm
                0x08002268       0x20 obj/params.o
                0x08002268                Param::NumFromId(unsigned long)
 .text._ZN5Param9GetAttribENS_9PARAM_NUME
                0x08002288       0x10 obj/params.o
                0x08002288                Param::GetAttrib(Param::PARAM_NUM)
 .text._ZN5Param12LoadDefaultsEv
                0x08002298       0x28 obj/params.o
                0x08002298                Param::LoadDefaults()
 .text._ZN5Param11SetFlagsRawENS_9PARAM_NUMEh
                0x080022c0        0xc obj/params.o
                0x080022c0                Param::SetFlagsRaw(Param::PARAM_NUM, unsigned char)
 .text._ZN5Param7SetFlagENS_9PARAM_NUMENS_10PARAM_FLAGE
                0x080022cc       0x10 obj/params.o
                0x080022cc                Param::SetFlag(Param::PARAM_NUM, Param::PARAM_FLAG)
 .text._ZN5Param9ClearFlagENS_9PARAM_NUMENS_10PARAM_FLAGE
                0x080022dc       0x10 obj/params.o
                0x080022dc                Param::ClearFlag(Param::PARAM_NUM, Param::PARAM_FLAG)
 .text._ZN5Param7GetFlagENS_9PARAM_NUME
                0x080022ec        0xc obj/params.o
                0x080022ec                Param::GetFlag(Param::PARAM_NUM)
 .text._ZN5Param7GetTypeENS_9PARAM_NUME
                0x080022f8       0x14 obj/params.o
                0x080022f8                Param::GetType(Param::PARAM_NUM)
 .text._ZN5Param8GetIdSumEv
                0x0800230c        0x6 obj/params.o
                0x0800230c                Param::GetIdSum()
 .text._ZN8Terminal10KeyPressedEv
                0x08002312        0xc obj/terminal.o
                0x08002312                Terminal::KeyPressed()
 .text._ZN8Terminal10FlushInputEv
                0x0800231e        0xa obj/terminal.o
                0x0800231e                Terminal::FlushInput()
 .text._ZN8Terminal8ResetDMAEv
                0x08002328       0x34 obj/terminal.o
                0x08002328                Terminal::ResetDMA()
 .text._ZN8TerminalC2EmPK8TERM_CMDbb
                0x0800235c      0x15c obj/terminal.o
                0x0800235c                Terminal::Terminal(unsigned long, TERM_CMD const*, bool, bool)
                0x0800235c                Terminal::Terminal(unsigned long, TERM_CMD const*, bool, bool)
 .text._ZN8Terminal9CmdLookupEPc
                0x080024b8       0x2a obj/terminal.o
                0x080024b8                Terminal::CmdLookup(char*)
 .text._ZN8Terminal17SendCurrentBufferEm
                0x080024e2       0x82 obj/terminal.o
                0x080024e2                Terminal::SendCurrentBuffer(unsigned long)
 .text._ZN8Terminal7PutCharEc
                0x08002564       0x4c obj/terminal.o
                0x08002564                Terminal::PutChar(char)
 .text._ZN8Terminal10SendBinaryEPKhm
                0x080025b0       0x32 obj/terminal.o
                0x080025b0                Terminal::SendBinary(unsigned char const*, unsigned long)
 .text._ZN8Terminal4SendEPKc
                0x080025e2       0x18 obj/terminal.o
                0x080025e2                Terminal::Send(char const*)
 *fill*         0x080025fa        0x2 
 .text._ZN8Terminal10EnableUartEPc
                0x080025fc       0x70 obj/terminal.o
                0x080025fc                Terminal::EnableUart(char*)
 .text._ZN8Terminal8FastUartEPc
                0x0800266c       0x78 obj/terminal.o
                0x0800266c                Terminal::FastUart(char*)
 .text._ZN8Terminal4EchoEPc
                0x080026e4       0x3c obj/terminal.o
                0x080026e4                Terminal::Echo(char*)
 .text._ZN8Terminal3RunEv
                0x08002720      0x17c obj/terminal.o
                0x08002720                Terminal::Run()
 .text.putchar  0x0800289c       0x18 obj/terminal.o
                0x0800289c                putchar
 .text._ZL4HelpP8TerminalPc
                0x080028b4        0x2 obj/terminal_prj.o
 .text._ZL11PrintErrorsP8TerminalPc
                0x080028b6        0x8 obj/terminal_prj.o
 *fill*         0x080028be        0x2 
 .text._ZL11PrintSerialP8TerminalPc
                0x080028c0       0x28 obj/terminal_prj.o
 .text._ZL12LoadDefaultsP8TerminalPc
                0x080028e8       0x18 obj/terminal_prj.o
 .text._ZN16TerminalCommands15PrintParamsJsonEP8TerminalPc
                0x08002900        0x8 obj/terminal_prj.o
                0x08002900                TerminalCommands::PrintParamsJson(Terminal*, char*)
 .text.my_strcmp
                0x08002908       0x1c obj/my_string.o
                0x08002908                my_strcmp
 .text.my_strcpy
                0x08002924       0x12 obj/my_string.o
                0x08002924                my_strcpy
 .text.my_strlen
                0x08002936        0xe obj/my_string.o
                0x08002936                my_strlen
 .text.my_strchr
                0x08002944       0x10 obj/my_string.o
                0x08002944                my_strchr
 .text.my_ltoa  0x08002954       0x56 obj/my_string.o
                0x08002954                my_ltoa
 .text.my_atoi  0x080029aa       0x30 obj/my_string.o
                0x080029aa                my_atoi
 *fill*         0x080029da        0x2 
 .text.my_trim  0x080029dc       0x54 obj/my_string.o
                0x080029dc                my_trim
 .text.memcpy32
                0x08002a30       0x16 obj/my_string.o
                0x08002a30                memcpy32
 .text.memset32
                0x08002a46        0xc obj/my_string.o
                0x08002a46                memset32
 .text._ZN5DigIo9ConfigureEmtN7PinMode7PinModeE
                0x08002a52       0xa6 obj/digio.o
                0x08002a52                DigIo::Configure(unsigned long, unsigned short, PinMode::PinMode)
 .text.fp_itoa  0x08002af8       0x5a obj/my_fp.o
                0x08002af8                fp_itoa
 .text.fp_atoi  0x08002b52       0x62 obj/my_fp.o
                0x08002b52                fp_atoi
 .text._ZL6printsP8IPutCharPKcii
                0x08002bb4       0x86 obj/printf.o
 .text._ZL6printiP8IPutChariiiiii
                0x08002c3a       0xae obj/printf.o
 .text._ZN13ExternPutChar7PutCharEc
                0x08002ce8        0xa obj/printf.o
                0x08002ce8                ExternPutChar::PutChar(char)
 .text._ZL7printfpP8IPutChariii
                0x08002cf2       0x20 obj/printf.o
 *fill*         0x08002d12        0x2 
 .text._ZL5printP8IPutCharPKcSt9__va_list
                0x08002d14      0x16c obj/printf.o
 .text._Z6printfPKcz
                0x08002e80       0x28 obj/printf.o
                0x08002e80                printf(char const*, ...)
 .text._Z7fprintfP8IPutCharPKcz
                0x08002ea8       0x1c obj/printf.o
                0x08002ea8                fprintf(IPutChar*, char const*, ...)
 .text._Z41__static_initialization_and_destruction_0v
                0x08002ec4       0x74 obj/anain.o
 .text._ZN5AnaIn5StartEv
                0x08002f38       0xec obj/anain.o
                0x08002f38                AnaIn::Start()
 .text._ZN5AnaIn7median3Eiii
                0x08003024       0x24 obj/anain.o
                0x08003024                AnaIn::median3(int, int, int)
 .text._ZN5AnaIn3GetEv
                0x08003048       0x44 obj/anain.o
                0x08003048                AnaIn::Get()
 .text._ZN5AnaIn13AdcChFromPortEmi
                0x0800308c       0x44 obj/anain.o
                0x0800308c                AnaIn::AdcChFromPort(unsigned long, int)
 .text._ZN5AnaIn9ConfigureEmh
                0x080030d0       0x38 obj/anain.o
                0x080030d0                AnaIn::Configure(unsigned long, unsigned char)
 .text._GLOBAL__sub_I__ZN5AnaIn13channel_arrayE
                0x08003108        0x8 obj/anain.o
 .text._ZL15GetFlashAddressv
                0x08003110       0x12 obj/param_save.o
 .text.parm_save
                0x08003122       0xb6 obj/param_save.o
                0x08003122                parm_save
 .text.parm_load
                0x080031d8       0x5c obj/param_save.o
                0x080031d8                parm_load
 .text._ZN12ErrorMessage7SetTimeEm
                0x08003234        0xc obj/errormessage.o
                0x08003234                ErrorMessage::SetTime(unsigned long)
 .text._ZN12ErrorMessage10PrintErrorEm17ERROR_MESSAGE_NUM
                0x08003240       0x2c obj/errormessage.o
                0x08003240                ErrorMessage::PrintError(unsigned long, ERROR_MESSAGE_NUM)
 .text._ZN12ErrorMessage14PrintAllErrorsEv
                0x0800326c       0x3c obj/errormessage.o
                0x0800326c                ErrorMessage::PrintAllErrors()
 .text._ZN8Stm32Can11SetBaudrateEN11CanHardware9baudratesE
                0x080032a8       0x48 obj/stm32_can.o
                0x080032a8                Stm32Can::SetBaudrate(CanHardware::baudrates)
 .text._ZN8Stm32Can4SendEmPmh
                0x080032f0       0x78 obj/stm32_can.o
                0x080032f0                Stm32Can::Send(unsigned long, unsigned long*, unsigned char)
 .text._ZN8Stm32Can12GetInterfaceEi
                0x08003368       0x14 obj/stm32_can.o
                0x08003368                Stm32Can::GetInterface(int)
 .text._ZN8Stm32Can13HandleMessageEi
                0x0800337c       0x54 obj/stm32_can.o
                0x0800337c                Stm32Can::HandleMessage(int)
 .text._ZN8Stm32Can8HandleTxEv
                0x080033d0       0x64 obj/stm32_can.o
                0x080033d0                Stm32Can::HandleTx()
 .text._ZN8Stm32Can13SetFilterBankERiS0_Pt
                0x08003434       0x56 obj/stm32_can.o
                0x08003434                Stm32Can::SetFilterBank(int&, int&, unsigned short*)
 .text._ZN8Stm32Can17SetFilterBankMaskERiS0_Pt
                0x0800348a       0x5a obj/stm32_can.o
                0x0800348a                Stm32Can::SetFilterBankMask(int&, int&, unsigned short*)
 .text._ZN8Stm32Can15SetFilterBank29ERiS0_Pm
                0x080034e4       0x38 obj/stm32_can.o
                0x080034e4                Stm32Can::SetFilterBank29(int&, int&, unsigned long*)
 .text._ZN8Stm32Can16ConfigureFiltersEv
                0x0800351c      0x134 obj/stm32_can.o
                0x0800351c                Stm32Can::ConfigureFilters()
 .text._ZN8Stm32CanC2EmN11CanHardware9baudratesEb
                0x08003650      0x174 obj/stm32_can.o
                0x08003650                Stm32Can::Stm32Can(unsigned long, CanHardware::baudrates, bool)
                0x08003650                Stm32Can::Stm32Can(unsigned long, CanHardware::baudrates, bool)
 .text.usb_lp_can_rx0_isr
                0x080037c4       0x10 obj/stm32_can.o
                0x080037c4                usb_lp_can_rx0_isr
 .text.can_rx1_isr
                0x080037d4       0x10 obj/stm32_can.o
                0x080037d4                can_rx1_isr
 .text.usb_hp_can_tx_isr
                0x080037e4        0xe obj/stm32_can.o
                0x080037e4                usb_hp_can_tx_isr
 .text.can2_rx0_isr
                0x080037f2       0x10 obj/stm32_can.o
                0x080037f2                can2_rx0_isr
 .text.can2_rx1_isr
                0x08003802       0x10 obj/stm32_can.o
                0x08003802                can2_rx1_isr
 .text.can2_tx_isr
                0x08003812        0xe obj/stm32_can.o
                0x08003812                can2_tx_isr
 .text._ZN12NullCallback8HandleRxEmPmh
                0x08003820        0x2 obj/canhardware.o
                0x08003820                NullCallback::HandleRx(unsigned long, unsigned long*, unsigned char)
 .text._ZN12NullCallback11HandleClearEv
                0x08003822        0x2 obj/canhardware.o
                0x08003822                NullCallback::HandleClear()
 .text._ZN11CanHardwareC2Ev
                0x08003824       0x2c obj/canhardware.o
                0x08003824                CanHardware::CanHardware()
                0x08003824                CanHardware::CanHardware()
 .text._ZN11CanHardware11AddCallbackEP11CanCallback
                0x08003850       0x1e obj/canhardware.o
                0x08003850                CanHardware::AddCallback(CanCallback*)
 .text._ZN11CanHardware19RegisterUserMessageEmm
                0x0800386e       0x46 obj/canhardware.o
                0x0800386e                CanHardware::RegisterUserMessage(unsigned long, unsigned long)
 .text._ZN11CanHardware17ClearUserMessagesEv
                0x080038b4       0x2c obj/canhardware.o
                0x080038b4                CanHardware::ClearUserMessages()
 .text._ZN11CanHardware8HandleRxEmPmh
                0x080038e0       0x32 obj/canhardware.o
                0x080038e0                CanHardware::HandleRx(unsigned long, unsigned long*, unsigned char)
 .text._ZN6CanMap11HandleClearEv
                0x08003912       0x32 obj/canmap.o
                0x08003912                CanMap::HandleClear()
 .text._ZN6CanMap7SendAllEv
                0x08003944      0x148 obj/canmap.o
                0x08003944                CanMap::SendAll()
 .text._ZN6CanMap6RemoveEbhh
                0x08003a8c       0xa4 obj/canmap.o
                0x08003a8c                CanMap::Remove(bool, unsigned char, unsigned char)
 .text._ZN6CanMap6RemoveEN5Param9PARAM_NUME
                0x08003b30       0x80 obj/canmap.o
                0x08003b30                CanMap::Remove(Param::PARAM_NUM)
 .text._ZN6CanMap7FindMapEN5Param9PARAM_NUMERmRhRaRfS4_Rb
                0x08003bb0       0x9a obj/canmap.o
                0x08003bb0                CanMap::FindMap(Param::PARAM_NUM, unsigned long&, unsigned char&, signed char&, float&, signed char&, bool&)
 .text._ZN6CanMap6GetMapEbhhRm
                0x08003c4a       0x6c obj/canmap.o
                0x08003c4a                CanMap::GetMap(bool, unsigned char, unsigned char, unsigned long&)
 .text._ZN6CanMap13IterateCanMapEPFvN5Param9PARAM_NUMEmhafabE
                0x08003cb6       0x7a obj/canmap.o
                0x08003cb6                CanMap::IterateCanMap(void (*)(Param::PARAM_NUM, unsigned long, unsigned char, signed char, float, signed char, bool))
 .text._ZN6CanMap8ClearMapEPNS_8CANIDMAPE
                0x08003d30       0x30 obj/canmap.o
                0x08003d30                CanMap::ClearMap(CanMap::CANIDMAP*)
 .text._ZN6CanMap5ClearEv
                0x08003d60       0x1e obj/canmap.o
                0x08003d60                CanMap::Clear()
 .text._ZN6CanMap11SaveToFlashEmPmi
                0x08003d7e       0x30 obj/canmap.o
                0x08003d7e                CanMap::SaveToFlash(unsigned long, unsigned long*, int)
 .text._ZN6CanMap8FindByIdEPNS_8CANIDMAPEm
                0x08003dae       0x26 obj/canmap.o
                0x08003dae                CanMap::FindById(CanMap::CANIDMAP*, unsigned long)
 .text._ZN6CanMap8HandleRxEmPmh
                0x08003dd4      0x134 obj/canmap.o
                0x08003dd4                CanMap::HandleRx(unsigned long, unsigned long*, unsigned char)
 .text._ZN6CanMap3AddEPNS_8CANIDMAPEN5Param9PARAM_NUMEmhafa
                0x08003f08      0x128 obj/canmap.o
                0x08003f08                CanMap::Add(CanMap::CANIDMAP*, Param::PARAM_NUM, unsigned long, unsigned char, signed char, float, signed char)
 .text._ZN6CanMap7AddSendEN5Param9PARAM_NUMEmhafa
                0x08004030       0x32 obj/canmap.o
                0x08004030                CanMap::AddSend(Param::PARAM_NUM, unsigned long, unsigned char, signed char, float, signed char)
 .text._ZN6CanMap7AddRecvEN5Param9PARAM_NUMEmhafa
                0x08004062       0x50 obj/canmap.o
                0x08004062                CanMap::AddRecv(Param::PARAM_NUM, unsigned long, unsigned char, signed char, float, signed char)
 .text._ZZN6CanMap19LegacyLoadFromFlashEvENKUlPZNS_19LegacyLoadFromFlashEvE15LEGACY_CANIDMAPPNS_8CANIDMAPEbE_clES1_S3_b
                0x080040b2       0x9e obj/canmap.o
 .text._ZN6CanMap15GetFlashAddressEv
                0x08004150       0x12 obj/canmap.o
                0x08004150                CanMap::GetFlashAddress()
 .text._ZN6CanMap19LegacyLoadFromFlashEv
                0x08004162       0x4a obj/canmap.o
                0x08004162                CanMap::LegacyLoadFromFlash()
 .text._ZN6CanMap21ReplaceParamEnumByUidEPNS_8CANIDMAPE
                0x080041ac       0x42 obj/canmap.o
                0x080041ac                CanMap::ReplaceParamEnumByUid(CanMap::CANIDMAP*)
 .text._ZN6CanMap21ReplaceParamUidByEnumEPNS_8CANIDMAPE
                0x080041ee       0x40 obj/canmap.o
                0x080041ee                CanMap::ReplaceParamUidByEnum(CanMap::CANIDMAP*)
 *fill*         0x0800422e        0x2 
 .text._ZN6CanMap4SaveEv
                0x08004230       0xbc obj/canmap.o
                0x08004230                CanMap::Save()
 .text._ZN6CanMap13LoadFromFlashEv
                0x080042ec       0x66 obj/canmap.o
                0x080042ec                CanMap::LoadFromFlash()
 *fill*         0x08004352        0x2 
 .text._ZN6CanMapC2EP11CanHardwareb
                0x08004354       0x48 obj/canmap.o
                0x08004354                CanMap::CanMap(CanHardware*, bool)
                0x08004354                CanMap::CanMap(CanHardware*, bool)
 .text._ZN16TerminalCommands11PrintCanMapEN5Param9PARAM_NUMEmhafab
                0x0800439c       0x80 obj/terminalcommands.o
                0x0800439c                TerminalCommands::PrintCanMap(Param::PARAM_NUM, unsigned long, unsigned char, signed char, float, signed char, bool)
 .text._ZN16TerminalCommands8ParamSetEP8TerminalPc
                0x0800441c       0x70 obj/terminalcommands.o
                0x0800441c                TerminalCommands::ParamSet(Terminal*, char*)
 .text._ZN16TerminalCommands8ParamGetEP8TerminalPc
                0x0800448c       0x58 obj/terminalcommands.o
                0x0800448c                TerminalCommands::ParamGet(Terminal*, char*)
 .text._ZN16TerminalCommands9ParamFlagEP8TerminalPc
                0x080044e4       0xa4 obj/terminalcommands.o
                0x080044e4                TerminalCommands::ParamFlag(Terminal*, char*)
 .text._ZN16TerminalCommands15PrintParamsJsonEP8IPutCharPc
                0x08004588      0x158 obj/terminalcommands.o
                0x08004588                TerminalCommands::PrintParamsJson(IPutChar*, char*)
 .text._ZN16TerminalCommands6MapCanEP8TerminalPc
                0x080046e0      0x21c obj/terminalcommands.o
                0x080046e0                TerminalCommands::MapCan(Terminal*, char*)
 .text._ZN16TerminalCommands14SaveParametersEP8TerminalPc
                0x080048fc       0x4c obj/terminalcommands.o
                0x080048fc                TerminalCommands::SaveParameters(Terminal*, char*)
 .text._ZN16TerminalCommands14LoadParametersEP8TerminalPc
                0x08004948       0x30 obj/terminalcommands.o
                0x08004948                TerminalCommands::LoadParameters(Terminal*, char*)
 .text._ZN16TerminalCommands5ResetEP8TerminalPc
                0x08004978        0x6 obj/terminalcommands.o
                0x08004978                TerminalCommands::Reset(Terminal*, char*)
 .text._ZN16TerminalCommands19ParamNamesToIndexesEPcPN5Param9PARAM_NUMEm
                0x0800497e       0x48 obj/terminalcommands.o
                0x0800497e                TerminalCommands::ParamNamesToIndexes(char*, Param::PARAM_NUM*, unsigned long)
 *fill*         0x080049c6        0x2 
 .text._ZN16TerminalCommands11ParamStreamEP8TerminalPc
                0x080049c8       0xb0 obj/terminalcommands.o
                0x080049c8                TerminalCommands::ParamStream(Terminal*, char*)
 .text._ZN6CanSdo7PutCharEc
                0x08004a78       0x1e obj/cansdo.o
                0x08004a78                CanSdo::PutChar(char)
 .text._ZThn4_N6CanSdo7PutCharEc
                0x08004a96        0x8 obj/cansdo.o
                0x08004a96                non-virtual thunk to CanSdo::PutChar(char)
 .text._ZN6CanSdo11HandleClearEv
                0x08004a9e       0x28 obj/cansdo.o
                0x08004a9e                CanSdo::HandleClear()
 *fill*         0x08004ac6        0x2 
 .text._ZN6CanSdoC2EP11CanHardwareP6CanMap
                0x08004ac8       0x48 obj/cansdo.o
                0x08004ac8                CanSdo::CanSdo(CanHardware*, CanMap*)
                0x08004ac8                CanSdo::CanSdo(CanHardware*, CanMap*)
 .text._ZN6CanSdo9SetNodeIdEh
                0x08004b10        0xc obj/cansdo.o
                0x08004b10                CanSdo::SetNodeId(unsigned char)
 .text._ZN6CanSdo24ProcessSpecialSDOObjectsEPNS_7CAN_SDOE
                0x08004b1c      0x124 obj/cansdo.o
                0x08004b1c                CanSdo::ProcessSpecialSDOObjects(CanSdo::CAN_SDO*)
 .text._ZN6CanSdo18ReadOrDeleteCanMapEPNS_7CAN_SDOE
                0x08004c40       0xdc obj/cansdo.o
                0x08004c40                CanSdo::ReadOrDeleteCanMap(CanSdo::CAN_SDO*)
 .text._ZN6CanSdo9AddCanMapEPNS_7CAN_SDOEb
                0x08004d1c       0xf4 obj/cansdo.o
                0x08004d1c                CanSdo::AddCanMap(CanSdo::CAN_SDO*, bool)
 .text._ZN6CanSdo10ProcessSDOEPm
                0x08004e10      0x130 obj/cansdo.o
                0x08004e10                CanSdo::ProcessSDO(unsigned long*)
 .text._ZN6CanSdo8HandleRxEmPmh
                0x08004f40       0x36 obj/cansdo.o
                0x08004f40                CanSdo::HandleRx(unsigned long, unsigned long*, unsigned char)
 .text.adc_power_on
                0x08004f76       0x10 libopencm3/lib\libopencm3_stm32f1.a(adc.o)
                0x08004f76                adc_power_on
 *fill*         0x08004f86        0x2 
 .text.adc_enable_temperature_sensor
                0x08004f88       0x14 libopencm3/lib\libopencm3_stm32f1.a(adc.o)
                0x08004f88                adc_enable_temperature_sensor
 .text.adc_enable_external_trigger_regular
                0x08004f9c       0x14 libopencm3/lib\libopencm3_stm32f1.a(adc.o)
                0x08004f9c                adc_enable_external_trigger_regular
 .text.adc_reset_calibration
                0x08004fb0       0x14 libopencm3/lib\libopencm3_stm32f1.a(adc.o)
                0x08004fb0                adc_reset_calibration
 .text.adc_calibrate_async
                0x08004fc4        0xa libopencm3/lib\libopencm3_stm32f1.a(adc.o)
                0x08004fc4                adc_calibrate_async
 .text.adc_is_calibrating
                0x08004fce        0x8 libopencm3/lib\libopencm3_stm32f1.a(adc.o)
                0x08004fce                adc_is_calibrating
 .text.adc_calibrate
                0x08004fd6       0x14 libopencm3/lib\libopencm3_stm32f1.a(adc.o)
                0x08004fd6                adc_calibrate
 .text.adc_set_sample_time_on_all_channels
                0x08004fea       0x2a libopencm3/lib\libopencm3_stm32f1.a(adc.o)
                0x08004fea                adc_set_sample_time_on_all_channels
 .text.adc_power_off
                0x08005014        0xa libopencm3/lib\libopencm3_stm32f1.a(adc_common_v1.o)
                0x08005014                adc_power_off
 .text.adc_enable_scan_mode
                0x0800501e        0xa libopencm3/lib\libopencm3_stm32f1.a(adc_common_v1.o)
                0x0800501e                adc_enable_scan_mode
 .text.adc_set_right_aligned
                0x08005028        0xa libopencm3/lib\libopencm3_stm32f1.a(adc_common_v1.o)
                0x08005028                adc_set_right_aligned
 .text.adc_set_continuous_conversion_mode
                0x08005032        0xa libopencm3/lib\libopencm3_stm32f1.a(adc_common_v1.o)
                0x08005032                adc_set_continuous_conversion_mode
 .text.adc_set_regular_sequence
                0x0800503c       0x5c libopencm3/lib\libopencm3_stm32f1.a(adc_common_v1.o)
                0x0800503c                adc_set_regular_sequence
 .text.adc_start_conversion_regular
                0x08005098       0x14 libopencm3/lib\libopencm3_stm32f1.a(adc_common_v1.o)
                0x08005098                adc_start_conversion_regular
 .text.adc_enable_dma
                0x080050ac        0xa libopencm3/lib\libopencm3_stm32f1.a(adc_common_v1.o)
                0x080050ac                adc_enable_dma
 *fill*         0x080050b6        0x2 
 .text.can_reset
                0x080050b8       0x18 libopencm3/lib\libopencm3_stm32f1.a(can.o)
                0x080050b8                can_reset
 .text.can_init
                0x080050d0      0x12a libopencm3/lib\libopencm3_stm32f1.a(can.o)
                0x080050d0                can_init
 *fill*         0x080051fa        0x2 
 .text.can_filter_init
                0x080051fc       0x98 libopencm3/lib\libopencm3_stm32f1.a(can.o)
                0x080051fc                can_filter_init
 .text.can_filter_id_mask_16bit_init
                0x08005294       0x20 libopencm3/lib\libopencm3_stm32f1.a(can.o)
                0x08005294                can_filter_id_mask_16bit_init
 .text.can_filter_id_list_16bit_init
                0x080052b4       0x20 libopencm3/lib\libopencm3_stm32f1.a(can.o)
                0x080052b4                can_filter_id_list_16bit_init
 .text.can_filter_id_list_32bit_init
                0x080052d4       0x1a libopencm3/lib\libopencm3_stm32f1.a(can.o)
                0x080052d4                can_filter_id_list_32bit_init
 .text.can_enable_irq
                0x080052ee        0x8 libopencm3/lib\libopencm3_stm32f1.a(can.o)
                0x080052ee                can_enable_irq
 .text.can_disable_irq
                0x080052f6        0xa libopencm3/lib\libopencm3_stm32f1.a(can.o)
                0x080052f6                can_disable_irq
 .text.can_transmit
                0x08005300       0xca libopencm3/lib\libopencm3_stm32f1.a(can.o)
                0x08005300                can_transmit
 .text.can_fifo_release
                0x080053ca       0x16 libopencm3/lib\libopencm3_stm32f1.a(can.o)
                0x080053ca                can_fifo_release
 .text.can_fifo_pending
                0x080053e0        0xe libopencm3/lib\libopencm3_stm32f1.a(can.o)
                0x080053e0                can_fifo_pending
 .text.can_receive
                0x080053ee       0xb8 libopencm3/lib\libopencm3_stm32f1.a(can.o)
                0x080053ee                can_receive
 *fill*         0x080054a6        0x2 
 .text.crc_reset
                0x080054a8       0x10 libopencm3/lib\libopencm3_stm32f1.a(crc_common_all.o)
                0x080054a8                crc_reset
 .text.crc_calculate
                0x080054b8        0xc libopencm3/lib\libopencm3_stm32f1.a(crc_common_all.o)
                0x080054b8                crc_calculate
 .text.crc_calculate_block
                0x080054c4       0x1c libopencm3/lib\libopencm3_stm32f1.a(crc_common_all.o)
                0x080054c4                crc_calculate_block
 .text.desig_get_flash_size
                0x080054e0        0xc libopencm3/lib\libopencm3_stm32f1.a(desig_common_v1.o)
                0x080054e0                desig_get_flash_size
 .text.dma_channel_reset
                0x080054ec       0x20 libopencm3/lib\libopencm3_stm32f1.a(dma_common_l1f013.o)
                0x080054ec                dma_channel_reset
 .text.dma_clear_interrupt_flags
                0x0800550c        0xa libopencm3/lib\libopencm3_stm32f1.a(dma_common_l1f013.o)
                0x0800550c                dma_clear_interrupt_flags
 .text.dma_get_interrupt_flag
                0x08005516       0x12 libopencm3/lib\libopencm3_stm32f1.a(dma_common_l1f013.o)
                0x08005516                dma_get_interrupt_flag
 .text.dma_set_memory_size
                0x08005528       0x18 libopencm3/lib\libopencm3_stm32f1.a(dma_common_l1f013.o)
                0x08005528                dma_set_memory_size
 .text.dma_set_peripheral_size
                0x08005540       0x18 libopencm3/lib\libopencm3_stm32f1.a(dma_common_l1f013.o)
                0x08005540                dma_set_peripheral_size
 .text.dma_enable_memory_increment_mode
                0x08005558       0x12 libopencm3/lib\libopencm3_stm32f1.a(dma_common_l1f013.o)
                0x08005558                dma_enable_memory_increment_mode
 .text.dma_enable_circular_mode
                0x0800556a       0x1a libopencm3/lib\libopencm3_stm32f1.a(dma_common_l1f013.o)
                0x0800556a                dma_enable_circular_mode
 .text.dma_set_read_from_memory
                0x08005584       0x12 libopencm3/lib\libopencm3_stm32f1.a(dma_common_l1f013.o)
                0x08005584                dma_set_read_from_memory
 .text.dma_enable_channel
                0x08005596       0x12 libopencm3/lib\libopencm3_stm32f1.a(dma_common_l1f013.o)
                0x08005596                dma_enable_channel
 .text.dma_disable_channel
                0x080055a8       0x12 libopencm3/lib\libopencm3_stm32f1.a(dma_common_l1f013.o)
                0x080055a8                dma_disable_channel
 .text.dma_set_peripheral_address
                0x080055ba       0x12 libopencm3/lib\libopencm3_stm32f1.a(dma_common_l1f013.o)
                0x080055ba                dma_set_peripheral_address
 .text.dma_set_memory_address
                0x080055cc       0x12 libopencm3/lib\libopencm3_stm32f1.a(dma_common_l1f013.o)
                0x080055cc                dma_set_memory_address
 .text.dma_get_number_of_data
                0x080055de        0xe libopencm3/lib\libopencm3_stm32f1.a(dma_common_l1f013.o)
                0x080055de                dma_get_number_of_data
 .text.dma_set_number_of_data
                0x080055ec        0xc libopencm3/lib\libopencm3_stm32f1.a(dma_common_l1f013.o)
                0x080055ec                dma_set_number_of_data
 .text.flash_get_status_flags
                0x080055f8       0x20 libopencm3/lib\libopencm3_stm32f1.a(flash.o)
                0x080055f8                flash_get_status_flags
 .text.flash_program_half_word
                0x08005618       0x64 libopencm3/lib\libopencm3_stm32f1.a(flash.o)
                0x08005618                flash_program_half_word
 .text.flash_erase_page
                0x0800567c       0x74 libopencm3/lib\libopencm3_stm32f1.a(flash.o)
                0x0800567c                flash_erase_page
 .text.flash_set_ws
                0x080056f0       0x14 libopencm3/lib\libopencm3_stm32f1.a(flash_common_all.o)
                0x080056f0                flash_set_ws
 .text.flash_unlock
                0x08005704       0x18 libopencm3/lib\libopencm3_stm32f1.a(flash_common_f.o)
                0x08005704                flash_unlock
 .text.flash_lock
                0x0800571c       0x10 libopencm3/lib\libopencm3_stm32f1.a(flash_common_f.o)
                0x0800571c                flash_lock
 .text.flash_wait_for_last_operation
                0x0800572c        0xc libopencm3/lib\libopencm3_stm32f1.a(flash_common_f01.o)
                0x0800572c                flash_wait_for_last_operation
 .text.flash_program_word
                0x08005738       0x18 libopencm3/lib\libopencm3_stm32f1.a(flash_common_f01.o)
                0x08005738                flash_program_word
 .text.gpio_set_mode
                0x08005750       0x5e libopencm3/lib\libopencm3_stm32f1.a(gpio.o)
                0x08005750                gpio_set_mode
 *fill*         0x080057ae        0x2 
 .text.gpio_primary_remap
                0x080057b0       0x14 libopencm3/lib\libopencm3_stm32f1.a(gpio.o)
                0x080057b0                gpio_primary_remap
 .text.gpio_set
                0x080057c4        0x4 libopencm3/lib\libopencm3_stm32f1.a(gpio_common_all.o)
                0x080057c4                gpio_set
 .text.gpio_clear
                0x080057c8        0x6 libopencm3/lib\libopencm3_stm32f1.a(gpio_common_all.o)
                0x080057c8                gpio_clear
 .text.gpio_toggle
                0x080057ce       0x12 libopencm3/lib\libopencm3_stm32f1.a(gpio_common_all.o)
                0x080057ce                gpio_toggle
 .text.iwdg_reset
                0x080057e0       0x10 libopencm3/lib\libopencm3_stm32f1.a(iwdg_common_all.o)
                0x080057e0                iwdg_reset
 .text.rcc_is_osc_ready
                0x080057f0       0x58 libopencm3/lib\libopencm3_stm32f1.a(rcc.o)
                0x080057f0                rcc_is_osc_ready
 .text.rcc_wait_for_osc_ready
                0x08005848       0x10 libopencm3/lib\libopencm3_stm32f1.a(rcc.o)
                0x08005848                rcc_wait_for_osc_ready
 .text.rcc_osc_on
                0x08005858       0x60 libopencm3/lib\libopencm3_stm32f1.a(rcc.o)
                0x08005858                rcc_osc_on
 .text.rcc_set_sysclk_source
                0x080058b8       0x14 libopencm3/lib\libopencm3_stm32f1.a(rcc.o)
                0x080058b8                rcc_set_sysclk_source
 .text.rcc_set_pll_multiplication_factor
                0x080058cc       0x14 libopencm3/lib\libopencm3_stm32f1.a(rcc.o)
                0x080058cc                rcc_set_pll_multiplication_factor
 .text.rcc_set_pll2_multiplication_factor
                0x080058e0       0x14 libopencm3/lib\libopencm3_stm32f1.a(rcc.o)
                0x080058e0                rcc_set_pll2_multiplication_factor
 .text.rcc_set_pll3_multiplication_factor
                0x080058f4       0x14 libopencm3/lib\libopencm3_stm32f1.a(rcc.o)
                0x080058f4                rcc_set_pll3_multiplication_factor
 .text.rcc_set_pll_source
                0x08005908       0x14 libopencm3/lib\libopencm3_stm32f1.a(rcc.o)
                0x08005908                rcc_set_pll_source
 .text.rcc_set_pllxtpre
                0x0800591c       0x14 libopencm3/lib\libopencm3_stm32f1.a(rcc.o)
                0x0800591c                rcc_set_pllxtpre
 .text.rcc_rtc_clock_enabled_flag
                0x08005930       0x10 libopencm3/lib\libopencm3_stm32f1.a(rcc.o)
                0x08005930                rcc_rtc_clock_enabled_flag
 .text.rcc_enable_rtc_clock
                0x08005940       0x10 libopencm3/lib\libopencm3_stm32f1.a(rcc.o)
                0x08005940                rcc_enable_rtc_clock
 .text.rcc_set_rtc_clock_source
                0x08005950       0x84 libopencm3/lib\libopencm3_stm32f1.a(rcc.o)
                0x08005950                rcc_set_rtc_clock_source
 .text.rcc_set_adcpre
                0x080059d4       0x14 libopencm3/lib\libopencm3_stm32f1.a(rcc.o)
                0x080059d4                rcc_set_adcpre
 .text.rcc_set_ppre2
                0x080059e8       0x14 libopencm3/lib\libopencm3_stm32f1.a(rcc.o)
                0x080059e8                rcc_set_ppre2
 .text.rcc_set_ppre1
                0x080059fc       0x14 libopencm3/lib\libopencm3_stm32f1.a(rcc.o)
                0x080059fc                rcc_set_ppre1
 .text.rcc_set_hpre
                0x08005a10       0x14 libopencm3/lib\libopencm3_stm32f1.a(rcc.o)
                0x08005a10                rcc_set_hpre
 .text.rcc_set_usbpre
                0x08005a24       0x18 libopencm3/lib\libopencm3_stm32f1.a(rcc.o)
                0x08005a24                rcc_set_usbpre
 .text.rcc_set_prediv1
                0x08005a3c       0x14 libopencm3/lib\libopencm3_stm32f1.a(rcc.o)
                0x08005a3c                rcc_set_prediv1
 .text.rcc_set_prediv2
                0x08005a50       0x14 libopencm3/lib\libopencm3_stm32f1.a(rcc.o)
                0x08005a50                rcc_set_prediv2
 .text.rcc_set_prediv1_source
                0x08005a64       0x18 libopencm3/lib\libopencm3_stm32f1.a(rcc.o)
                0x08005a64                rcc_set_prediv1_source
 .text.rcc_clock_setup_pll
                0x08005a7c       0xbc libopencm3/lib\libopencm3_stm32f1.a(rcc.o)
                0x08005a7c                rcc_clock_setup_pll
 .text.rcc_periph_clock_enable
                0x08005b38       0x1a libopencm3/lib\libopencm3_stm32f1.a(rcc_common_all.o)
                0x08005b38                rcc_periph_clock_enable
 .text.rcc_periph_reset_pulse
                0x08005b52       0x22 libopencm3/lib\libopencm3_stm32f1.a(rcc_common_all.o)
                0x08005b52                rcc_periph_reset_pulse
 .text.rtc_enter_config_mode
                0x08005b74       0x1c libopencm3/lib\libopencm3_stm32f1.a(rtc.o)
                0x08005b74                rtc_enter_config_mode
 .text.rtc_exit_config_mode
                0x08005b90       0x1c libopencm3/lib\libopencm3_stm32f1.a(rtc.o)
                0x08005b90                rtc_exit_config_mode
 .text.rtc_awake_from_off
                0x08005bac       0x6c libopencm3/lib\libopencm3_stm32f1.a(rtc.o)
                0x08005bac                rtc_awake_from_off
 .text.rtc_set_prescale_val
                0x08005c18       0x24 libopencm3/lib\libopencm3_stm32f1.a(rtc.o)
                0x08005c18                rtc_set_prescale_val
 .text.rtc_get_counter_val
                0x08005c3c       0x14 libopencm3/lib\libopencm3_stm32f1.a(rtc.o)
                0x08005c3c                rtc_get_counter_val
 .text.rtc_set_counter_val
                0x08005c50       0x20 libopencm3/lib\libopencm3_stm32f1.a(rtc.o)
                0x08005c50                rtc_set_counter_val
 .text.rtc_awake_from_standby
                0x08005c70       0x3c libopencm3/lib\libopencm3_stm32f1.a(rtc.o)
                0x08005c70                rtc_awake_from_standby
 .text.rtc_auto_awake
                0x08005cac       0x34 libopencm3/lib\libopencm3_stm32f1.a(rtc.o)
                0x08005cac                rtc_auto_awake
 .text.timer_enable_irq
                0x08005ce0        0x8 libopencm3/lib\libopencm3_stm32f1.a(timer_common_all.o)
                0x08005ce0                timer_enable_irq
 .text.timer_get_flag
                0x08005ce8        0xc libopencm3/lib\libopencm3_stm32f1.a(timer_common_all.o)
                0x08005ce8                timer_get_flag
 .text.timer_clear_flag
                0x08005cf4        0x6 libopencm3/lib\libopencm3_stm32f1.a(timer_common_all.o)
                0x08005cf4                timer_clear_flag
 .text.timer_enable_preload
                0x08005cfa        0xa libopencm3/lib\libopencm3_stm32f1.a(timer_common_all.o)
                0x08005cfa                timer_enable_preload
 .text.timer_direction_up
                0x08005d04        0xa libopencm3/lib\libopencm3_stm32f1.a(timer_common_all.o)
                0x08005d04                timer_direction_up
 .text.timer_enable_counter
                0x08005d0e        0xa libopencm3/lib\libopencm3_stm32f1.a(timer_common_all.o)
                0x08005d0e                timer_enable_counter
 .text.timer_disable_counter
                0x08005d18        0xa libopencm3/lib\libopencm3_stm32f1.a(timer_common_all.o)
                0x08005d18                timer_disable_counter
 .text.timer_set_prescaler
                0x08005d22        0x4 libopencm3/lib\libopencm3_stm32f1.a(timer_common_all.o)
                0x08005d22                timer_set_prescaler
 .text.timer_set_period
                0x08005d26        0x4 libopencm3/lib\libopencm3_stm32f1.a(timer_common_all.o)
                0x08005d26                timer_set_period
 .text.timer_set_oc_mode
                0x08005d2a      0x18c libopencm3/lib\libopencm3_stm32f1.a(timer_common_all.o)
                0x08005d2a                timer_set_oc_mode
 .text.timer_set_oc_value
                0x08005eb6       0x20 libopencm3/lib\libopencm3_stm32f1.a(timer_common_all.o)
                0x08005eb6                timer_set_oc_value
 .text.timer_get_counter
                0x08005ed6        0x4 libopencm3/lib\libopencm3_stm32f1.a(timer_common_all.o)
                0x08005ed6                timer_get_counter
 .text.timer_set_counter
                0x08005eda        0x4 libopencm3/lib\libopencm3_stm32f1.a(timer_common_all.o)
                0x08005eda                timer_set_counter
 *fill*         0x08005ede        0x2 
 .text.usart_set_baudrate
                0x08005ee0       0x28 libopencm3/lib\libopencm3_stm32f1.a(usart_common_all.o)
                0x08005ee0                usart_set_baudrate
 .text.usart_set_databits
                0x08005f08       0x12 libopencm3/lib\libopencm3_stm32f1.a(usart_common_all.o)
                0x08005f08                usart_set_databits
 .text.usart_set_stopbits
                0x08005f1a        0xc libopencm3/lib\libopencm3_stm32f1.a(usart_common_all.o)
                0x08005f1a                usart_set_stopbits
 .text.usart_set_parity
                0x08005f26        0xc libopencm3/lib\libopencm3_stm32f1.a(usart_common_all.o)
                0x08005f26                usart_set_parity
 .text.usart_set_mode
                0x08005f32        0xc libopencm3/lib\libopencm3_stm32f1.a(usart_common_all.o)
                0x08005f32                usart_set_mode
 .text.usart_set_flow_control
                0x08005f3e        0xc libopencm3/lib\libopencm3_stm32f1.a(usart_common_all.o)
                0x08005f3e                usart_set_flow_control
 .text.usart_enable
                0x08005f4a        0xa libopencm3/lib\libopencm3_stm32f1.a(usart_common_all.o)
                0x08005f4a                usart_enable
 .text.usart_send_blocking
                0x08005f54       0x16 libopencm3/lib\libopencm3_stm32f1.a(usart_common_all.o)
                0x08005f54                usart_send_blocking
 .text.usart_enable_rx_dma
                0x08005f6a        0xa libopencm3/lib\libopencm3_stm32f1.a(usart_common_all.o)
                0x08005f6a                usart_enable_rx_dma
 .text.usart_enable_tx_dma
                0x08005f74        0xa libopencm3/lib\libopencm3_stm32f1.a(usart_common_all.o)
                0x08005f74                usart_enable_tx_dma
 .text.usart_send
                0x08005f7e        0x8 libopencm3/lib\libopencm3_stm32f1.a(usart_common_f124.o)
                0x08005f7e                usart_send
 .text.usart_recv
                0x08005f86        0x8 libopencm3/lib\libopencm3_stm32f1.a(usart_common_f124.o)
                0x08005f86                usart_recv
 .text.usart_wait_send_ready
                0x08005f8e        0x8 libopencm3/lib\libopencm3_stm32f1.a(usart_common_f124.o)
                0x08005f8e                usart_wait_send_ready
 .text.usart_get_flag
                0x08005f96        0xc libopencm3/lib\libopencm3_stm32f1.a(usart_common_f124.o)
                0x08005f96                usart_get_flag
 .text.blocking_handler
                0x08005fa2        0x2 libopencm3/lib\libopencm3_stm32f1.a(vector.o)
                0x08005fa2                usart3_isr
                0x08005fa2                rtc_isr
                0x08005fa2                tim7_isr
                0x08005fa2                adc1_2_isr
                0x08005fa2                tim1_trg_com_isr
                0x08005fa2                tim6_isr
                0x08005fa2                usb_wakeup_isr
                0x08005fa2                blocking_handler
                0x08005fa2                tim5_isr
                0x08005fa2                otg_fs_isr
                0x08005fa2                spi1_isr
                0x08005fa2                exti2_isr
                0x08005fa2                dma1_channel6_isr
                0x08005fa2                dma1_channel5_isr
                0x08005fa2                dma2_channel5_isr
                0x08005fa2                usart1_isr
                0x08005fa2                usage_fault_handler
                0x08005fa2                tim8_trg_com_isr
                0x08005fa2                tim1_brk_isr
                0x08005fa2                tim1_cc_isr
                0x08005fa2                sdio_isr
                0x08005fa2                eth_isr
                0x08005fa2                dma1_channel4_isr
                0x08005fa2                tim8_brk_isr
                0x08005fa2                dma2_channel4_5_isr
                0x08005fa2                pvd_isr
                0x08005fa2                rcc_isr
                0x08005fa2                flash_isr
                0x08005fa2                uart4_isr
                0x08005fa2                rtc_alarm_isr
                0x08005fa2                exti15_10_isr
                0x08005fa2                hard_fault_handler
                0x08005fa2                exti1_isr
                0x08005fa2                i2c1_ev_isr
                0x08005fa2                dma2_channel1_isr
                0x08005fa2                spi2_isr
                0x08005fa2                tim8_up_isr
                0x08005fa2                dma2_channel2_isr
                0x08005fa2                exti3_isr
                0x08005fa2                adc3_isr
                0x08005fa2                tim3_isr
                0x08005fa2                usart2_isr
                0x08005fa2                i2c2_er_isr
                0x08005fa2                i2c2_ev_isr
                0x08005fa2                uart5_isr
                0x08005fa2                fsmc_isr
                0x08005fa2                dma1_channel1_isr
                0x08005fa2                exti4_isr
                0x08005fa2                mem_manage_handler
                0x08005fa2                exti9_5_isr
                0x08005fa2                dma2_channel3_isr
                0x08005fa2                dma1_channel7_isr
                0x08005fa2                tim1_up_isr
                0x08005fa2                can2_sce_isr
                0x08005fa2                tim4_isr
                0x08005fa2                dma1_channel2_isr
                0x08005fa2                i2c1_er_isr
                0x08005fa2                can_sce_isr
                0x08005fa2                tim8_cc_isr
                0x08005fa2                tamper_isr
                0x08005fa2                eth_wkup_isr
                0x08005fa2                bus_fault_handler
                0x08005fa2                wwdg_isr
                0x08005fa2                dma1_channel3_isr
                0x08005fa2                spi3_isr
                0x08005fa2                exti0_isr
 .text.null_handler
                0x08005fa4        0x2 libopencm3/lib\libopencm3_stm32f1.a(vector.o)
                0x08005fa4                sv_call_handler
                0x08005fa4                pend_sv_handler
                0x08005fa4                debug_monitor_handler
                0x08005fa4                sys_tick_handler
                0x08005fa4                nmi_handler
                0x08005fa4                null_handler
 *fill*         0x08005fa6        0x2 
 .text.reset_handler
                0x08005fa8       0xc8 libopencm3/lib\libopencm3_stm32f1.a(vector.o)
                0x08005fa8                reset_handler
 .text.scb_reset_system
                0x08006070       0x10 libopencm3/lib\libopencm3_stm32f1.a(scb.o)
                0x08006070                scb_reset_system
 .text.nvic_enable_irq
                0x08006080       0x18 libopencm3/lib\libopencm3_stm32f1.a(nvic.o)
                0x08006080                nvic_enable_irq
 .text.nvic_set_priority
                0x08006098       0x20 libopencm3/lib\libopencm3_stm32f1.a(nvic.o)
                0x08006098                nvic_set_priority
 .text.pwr_disable_backup_domain_write_protect
                0x080060b8       0x10 libopencm3/lib\libopencm3_stm32f1.a(pwr_common_v1.o)
                0x080060b8                pwr_disable_backup_domain_write_protect
 .text          0x080060c8      0x378 C:/msys64/mingw64/bin/../lib/gcc/arm-none-eabi/13.3.0/thumb/v7/nofp\libgcc.a(_arm_addsubdf3.o)
                0x080060c8                __aeabi_drsub
                0x080060d0                __aeabi_dsub
                0x080060d0                __subdf3
                0x080060d4                __aeabi_dadd
                0x080060d4                __adddf3
                0x0800634c                __floatunsidf
                0x0800634c                __aeabi_ui2d
                0x0800636c                __floatsidf
                0x0800636c                __aeabi_i2d
                0x08006390                __aeabi_f2d
                0x08006390                __extendsfdf2
                0x080063d4                __floatundidf
                0x080063d4                __aeabi_ul2d
                0x080063e4                __floatdidf
                0x080063e4                __aeabi_l2d
 .text          0x08006440      0x424 C:/msys64/mingw64/bin/../lib/gcc/arm-none-eabi/13.3.0/thumb/v7/nofp\libgcc.a(_arm_muldivdf3.o)
                0x08006440                __aeabi_dmul
                0x08006440                __muldf3
                0x08006694                __divdf3
                0x08006694                __aeabi_ddiv
 .text          0x08006864       0xa0 C:/msys64/mingw64/bin/../lib/gcc/arm-none-eabi/13.3.0/thumb/v7/nofp\libgcc.a(_arm_truncdfsf2.o)
                0x08006864                __truncdfsf2
                0x08006864                __aeabi_d2f
 .text          0x08006904      0x21c C:/msys64/mingw64/bin/../lib/gcc/arm-none-eabi/13.3.0/thumb/v7/nofp\libgcc.a(_arm_addsubsf3.o)
                0x08006904                __aeabi_frsub
                0x0800690c                __subsf3
                0x0800690c                __aeabi_fsub
                0x08006910                __aeabi_fadd
                0x08006910                __addsf3
                0x08006a70                __aeabi_ui2f
                0x08006a70                __floatunsisf
                0x08006a78                __aeabi_i2f
                0x08006a78                __floatsisf
                0x08006a94                __aeabi_ul2f
                0x08006a94                __floatundisf
                0x08006aa4                __aeabi_l2f
                0x08006aa4                __floatdisf
 .text          0x08006b20      0x2a0 C:/msys64/mingw64/bin/../lib/gcc/arm-none-eabi/13.3.0/thumb/v7/nofp\libgcc.a(_arm_muldivsf3.o)
                0x08006b20                __mulsf3
                0x08006b20                __aeabi_fmul
                0x08006c88                __aeabi_fdiv
                0x08006c88                __divsf3
 .text          0x08006dc0       0x4c C:/msys64/mingw64/bin/../lib/gcc/arm-none-eabi/13.3.0/thumb/v7/nofp\libgcc.a(_arm_fixsfsi.o)
                0x08006dc0                __aeabi_f2iz
                0x08006dc0                __fixsfsi
                0x08006e0c                        . = ALIGN (0x4)
 *(.rodata*)
 .rodata._ZTV11CanCallback
                0x08006e0c       0x10 obj/main.o
                0x08006e0c                vtable for CanCallback
 .rodata._ZTV23FunctionPointerCallback
                0x08006e1c       0x10 obj/main.o
                0x08006e1c                vtable for FunctionPointerCallback
 .rodata._ZN14Stm32Scheduler5ocMapE
                0x08006e2c        0x4 obj/stm32scheduler.o
                0x08006e2c                Stm32Scheduler::ocMap
 .rodata.str1.4
                0x08006e30      0x7dd obj/params.o
                                0x296 (size before relaxing)
 *fill*         0x0800760d        0x3 
 .rodata._ZN5ParamL7attribsE
                0x08007610      0x47c obj/params.o
 .rodata._ZN8Terminal10EnableUartEPc.str1.4
                0x08007a8c        0x5 obj/terminal.o
 .rodata._ZN8Terminal8FastUartEPc.str1.4
                0x08007a8c       0x1b obj/terminal.o
 .rodata._ZN8Terminal4EchoEPc.str1.4
                0x08007a8c       0x17 obj/terminal.o
 .rodata._ZN8Terminal3RunEv.str1.4
                0x08007a8c       0x3b obj/terminal.o
 .rodata._ZTV8IPutChar
                0x08007a8c        0xc obj/terminal.o
                0x08007a8c                vtable for IPutChar
 .rodata._ZTV8Terminal
                0x08007a98        0xc obj/terminal.o
                0x08007a98                vtable for Terminal
 .rodata._ZN8Terminal6hwInfoE
                0x08007aa4       0x70 obj/terminal.o
                0x08007aa4                Terminal::hwInfo
 .rodata._ZL11PrintSerialP8TerminalPc.str1.4
                0x08007b14       0x11 obj/terminal_prj.o
 .rodata._ZL12LoadDefaultsP8TerminalPc.str1.4
                0x08007b14       0x12 obj/terminal_prj.o
 .rodata.str1.4
                0x08007b14       0x5f obj/terminal_prj.o
 .rodata.termCmds
                0x08007b14       0x70 obj/terminal_prj.o
                0x08007b14                termCmds
 .rodata._ZL5printP8IPutCharPKcSt9__va_list.str1.4
                0x08007b84        0x7 obj/printf.o
 .rodata._ZTV13ExternPutChar
                0x08007b84        0xc obj/printf.o
                0x08007b84                vtable for ExternPutChar
 .rodata        0x08007b90        0x8 obj/anain.o
 .rodata._ZN12ErrorMessage10PrintErrorEm17ERROR_MESSAGE_NUM.str1.4
                0x08007b98       0x10 obj/errormessage.o
 .rodata._ZN12ErrorMessage14PrintAllErrorsEv.str1.4
                0x08007b98        0xc obj/errormessage.o
 .rodata.str1.4
                0x08007b98       0x57 obj/errormessage.o
 .rodata._ZL5types
                0x08007b98        0xc obj/errormessage.o
 .rodata._ZL16errorDescriptors
                0x08007ba4       0x18 obj/errormessage.o
 .rodata._ZTV8Stm32Can
                0x08007bbc       0x14 obj/stm32_can.o
                0x08007bbc                vtable for Stm32Can
 .rodata._ZL8canSpeed
                0x08007bd0       0x3c obj/stm32_can.o
 .rodata        0x08007c0c        0x8 obj/stm32_can.o
 .rodata._ZTV11CanHardware
                0x08007c14       0x14 obj/canhardware.o
                0x08007c14                vtable for CanHardware
 .rodata._ZTV12NullCallback
                0x08007c28       0x10 obj/canhardware.o
                0x08007c28                vtable for NullCallback
 .rodata._ZTV6CanMap
                0x08007c38       0x10 obj/canmap.o
                0x08007c38                vtable for CanMap
 .rodata._ZN16TerminalCommands11PrintCanMapEN5Param9PARAM_NUMEmhafab.str1.4
                0x08007c48       0x24 obj/terminalcommands.o
 .rodata._ZN16TerminalCommands8ParamSetEP8TerminalPc.str1.4
                0x08007c48       0x57 obj/terminalcommands.o
 .rodata._ZN16TerminalCommands8ParamGetEP8TerminalPc.str1.4
                0x08007c48       0x22 obj/terminalcommands.o
 .rodata._ZN16TerminalCommands9ParamFlagEP8TerminalPc.str1.4
                0x08007c48       0x39 obj/terminalcommands.o
 .rodata._ZN16TerminalCommands15PrintParamsJsonEP8IPutCharPc.str1.4
                0x08007c48      0x13a obj/terminalcommands.o
 .rodata._ZN16TerminalCommands6MapCanEP8TerminalPc.str1.4
                0x08007c48      0x116 obj/terminalcommands.o
 .rodata._ZN16TerminalCommands14SaveParametersEP8TerminalPc.str1.4
                0x08007c48       0x6f obj/terminalcommands.o
 .rodata._ZN16TerminalCommands14LoadParametersEP8TerminalPc.str1.4
                0x08007c48       0x2a obj/terminalcommands.o
 .rodata._ZN16TerminalCommands11ParamStreamEP8TerminalPc.str1.4
                0x08007c48       0x2f obj/terminalcommands.o
 .rodata._ZTV6CanSdo
                0x08007c48       0x20 obj/cansdo.o
                0x08007c48                vtable for CanSdo
 .rodata.rcc_hse_configs
                0x08007c68       0x8c libopencm3/lib\libopencm3_stm32f1.a(rcc.o)
                0x08007c68                rcc_hse_configs
                0x08007d84                        . = ALIGN (0x4)

.glue_7         0x08007cf4        0x0
 .glue_7        0x08007cf4        0x0 linker stubs

.glue_7t        0x08007cf4        0x0
 .glue_7t       0x08007cf4        0x0 linker stubs

.vfp11_veneer   0x08007cf4        0x0
 .vfp11_veneer  0x08007cf4        0x0 linker stubs

.v4_bx          0x08007cf4        0x0
 .v4_bx         0x08007cf4        0x0 linker stubs

.iplt           0x08007cf4        0x0
 .iplt          0x08007cf4        0x0 obj/main.o

.rel.dyn        0x08007cf4        0x0
 .rel.iplt      0x08007cf4        0x0 obj/main.o

.preinit_array  0x08007cf4        0x0
                0x08007cf4                        . = ALIGN (0x4)
                0x08007cf4                        __preinit_array_start = .
 *(.preinit_array)
                0x08007cf4                        __preinit_array_end = .

.init_array     0x08007cf4        0x4
                0x08007cf4                        . = ALIGN (0x4)
                0x08007cf4                        __init_array_start = .
 *(SORT_BY_NAME(.init_array.*))
 *(.init_array)
 .init_array    0x08007cf4        0x4 obj/anain.o
                0x08007cf8                        __init_array_end = .

.fini_array     0x08007cf8        0x0
                0x08007cf8                        . = ALIGN (0x4)
                0x08007cf8                        __fini_array_start = .
 *(.fini_array)
 *(SORT_BY_NAME(.fini_array.*))
                0x08007cf8                        __fini_array_end = .

.ARM.extab
 *(.ARM.extab*)

.ARM.exidx      0x08007cf8        0x0
                0x08007cf8                        __exidx_start = .
 *(.ARM.exidx*)
                0x08007cf8                        __exidx_end = .
                0x08007cf8                        . = ALIGN (0x4)
                0x08007cf8                        _etext = .

.noinit
 *(.noinit*)
                0x08007cf8                        . = ALIGN (0x4)

.data           0x20000000       0xe0 load address 0x08007cf8
                0x20000000                        _data = .
 *(.data*)
 .data.analogGain
                0x20000000        0x4 obj/main.o
                0x20000000                analogGain
 .data.uauxGain
                0x20000004        0x4 obj/main.o
                0x20000004                uauxGain
 .data._ZN5ParamL6valuesE
                0x20000008       0xa4 obj/params.o
 .data.errorBuffer
                0x200000ac       0x20 obj/errormessage.o
                0x200000ac                errorBuffer
 .data._ZL12nullCallback
                0x200000cc        0x4 obj/canhardware.o
 .data._ZN16TerminalCommands11saveEnabledE
                0x200000d0        0x1 obj/terminalcommands.o
                0x200000d0                TerminalCommands::saveEnabled
 *fill*         0x200000d1        0x3 
 .data.rcc_ahb_frequency
                0x200000d4        0x4 libopencm3/lib\libopencm3_stm32f1.a(rcc.o)
                0x200000d4                rcc_ahb_frequency
 .data.rcc_apb2_frequency
                0x200000d8        0x4 libopencm3/lib\libopencm3_stm32f1.a(rcc.o)
                0x200000d8                rcc_apb2_frequency
 .data.rcc_apb1_frequency
                0x200000dc        0x4 libopencm3/lib\libopencm3_stm32f1.a(rcc.o)
                0x200000dc                rcc_apb1_frequency
 *(.ramtext*)
                0x200000e0                        . = ALIGN (0x4)
                0x200000e0                        _edata = .
                0x08007cf8                        _data_loadaddr = LOADADDR (.data)

.igot.plt       0x200000e0        0x0 load address 0x08007dd8
 .igot.plt      0x200000e0        0x0 obj/main.o

.bss            0x200000e0      0x210 load address 0x08007dd8
 *(.bss*)
 .bss.Gcount    0x200000e0        0x1 obj/main.o
                0x200000e0                Gcount
 *fill*         0x200000e1        0x3 
 .bss.L_Count   0x200000e4        0x4 obj/main.o
                0x200000e4                L_Count
 .bss.R_Count   0x200000e8        0x4 obj/main.o
                0x200000e8                R_Count
 .bss.L_Lock    0x200000ec        0x4 obj/main.o
                0x200000ec                L_Lock
 .bss.R_Lock    0x200000f0        0x4 obj/main.o
                0x200000f0                R_Lock
 .bss._ZL6canSdo
                0x200000f4        0x4 obj/main.o
 .bss._ZL6canMap
                0x200000f8        0x4 obj/main.o
 .bss._ZL3can   0x200000fc        0x4 obj/main.o
 .bss._ZL9scheduler
                0x20000100        0x4 obj/main.o
 .bss._ZN5ParamL5flagsE
                0x20000104       0x29 obj/params.o
 *fill*         0x2000012d        0x3 
 .bss._ZN8Terminal15defaultTerminalE
                0x20000130        0x4 obj/terminal.o
                0x20000130                Terminal::defaultTerminal
 .bss._ZN5DigIo5G_LEDE
                0x20000134        0x8 obj/digio.o
                0x20000134                DigIo::G_LED
 .bss._ZN5DigIo5R_LEDE
                0x2000013c        0x8 obj/digio.o
                0x2000013c                DigIo::R_LED
 .bss._ZN5DigIo6Aux_ENE
                0x20000144        0x8 obj/digio.o
                0x20000144                DigIo::Aux_EN
 .bss._ZN5DigIo10CompressorE
                0x2000014c        0x8 obj/digio.o
                0x2000014c                DigIo::Compressor
 .bss._ZN5DigIo9Rvrs2_VlvE
                0x20000154        0x8 obj/digio.o
                0x20000154                DigIo::Rvrs2_Vlv
 .bss._ZN5DigIo9Rvrs1_VlvE
                0x2000015c        0x8 obj/digio.o
                0x2000015c                DigIo::Rvrs1_Vlv
 .bss._ZN5DigIo7Amb_VlvE
                0x20000164        0x8 obj/digio.o
                0x20000164                DigIo::Amb_Vlv
 .bss._ZN5DigIo6RL_VlvE
                0x2000016c        0x8 obj/digio.o
                0x2000016c                DigIo::RL_Vlv
 .bss._ZN5DigIo6RR_VlvE
                0x20000174        0x8 obj/digio.o
                0x20000174                DigIo::RR_Vlv
 .bss._ZN5DigIo5L2_ENE
                0x2000017c        0x8 obj/digio.o
                0x2000017c                DigIo::L2_EN
 .bss._ZN5DigIo5L1_ENE
                0x20000184        0x8 obj/digio.o
                0x20000184                DigIo::L1_EN
 .bss._ZN5DigIo5R2_ENE
                0x2000018c        0x8 obj/digio.o
                0x2000018c                DigIo::R2_EN
 .bss._ZN5DigIo5R1_ENE
                0x20000194        0x8 obj/digio.o
                0x20000194                DigIo::R1_EN
 .bss._ZN5DigIo3REVE
                0x2000019c        0x8 obj/digio.o
                0x2000019c                DigIo::REV
 .bss._ZN5DigIo3FORE
                0x200001a4        0x8 obj/digio.o
                0x200001a4                DigIo::FOR
 .bss._ZN5DigIo7led_outE
                0x200001ac        0x8 obj/digio.o
                0x200001ac                DigIo::led_out
 .bss._ZN5AnaIn7Btn_SigE
                0x200001b4        0x4 obj/anain.o
                0x200001b4                AnaIn::Btn_Sig
 .bss._ZN5AnaIn6VsenseE
                0x200001b8        0x4 obj/anain.o
                0x200001b8                AnaIn::Vsense
 .bss._ZN5AnaIn8Comp_TmpE
                0x200001bc        0x4 obj/anain.o
                0x200001bc                AnaIn::Comp_Tmp
 .bss._ZN5AnaIn5Sus_LE
                0x200001c0        0x4 obj/anain.o
                0x200001c0                AnaIn::Sus_L
 .bss._ZN5AnaIn5Sus_RE
                0x200001c4        0x4 obj/anain.o
                0x200001c4                AnaIn::Sus_R
 .bss._ZN5AnaIn5PressE
                0x200001c8        0x4 obj/anain.o
                0x200001c8                AnaIn::Press
 .bss._ZN5AnaIn6Hall_LE
                0x200001cc        0x4 obj/anain.o
                0x200001cc                AnaIn::Hall_L
 .bss._ZN5AnaIn6Hall_RE
                0x200001d0        0x4 obj/anain.o
                0x200001d0                AnaIn::Hall_R
 .bss._ZN5AnaIn8ActCur_LE
                0x200001d4        0x4 obj/anain.o
                0x200001d4                AnaIn::ActCur_L
 .bss._ZN5AnaIn8ActCur_RE
                0x200001d8        0x4 obj/anain.o
                0x200001d8                AnaIn::ActCur_R
 .bss._ZN5AnaIn6valuesE
                0x200001dc       0xf0 obj/anain.o
                0x200001dc                AnaIn::values
 .bss._ZN5AnaIn13channel_arrayE
                0x200002cc        0xa obj/anain.o
                0x200002cc                AnaIn::channel_array
 *fill*         0x200002d6        0x2 
 .bss._ZN12ErrorMessage8timeTickE
                0x200002d8        0x4 obj/errormessage.o
                0x200002d8                ErrorMessage::timeTick
 .bss._ZN8Stm32Can10interfacesE
                0x200002dc        0x8 obj/stm32_can.o
                0x200002dc                Stm32Can::interfaces
 .bss._ZN6CanMap8isSavingE
                0x200002e4        0x1 obj/canmap.o
                0x200002e4                CanMap::isSaving
 *fill*         0x200002e5        0x3 
 .bss._ZN16TerminalCommands6canMapE
                0x200002e8        0x4 obj/terminalcommands.o
                0x200002e8                TerminalCommands::canMap
 .bss._ZL7curTerm
                0x200002ec        0x4 obj/terminalcommands.o
 *(COMMON)
                0x200002f0                        . = ALIGN (0x4)
                0x200002f0                        _ebss = .

/DISCARD/
 *(.eh_frame)
                0x200002f0                        . = ALIGN (0x4)
                0x200002f0                        end = .
                0x20005000                        PROVIDE (_stack = (ORIGIN (ram) + LENGTH (ram)))
OUTPUT(stm32_eBrake elf32-littlearm)
LOAD linker stubs

.debug_info     0x00000000    0x1737e
 .debug_info    0x00000000     0x32b7 obj/main.o
 .debug_info    0x000032b7      0x82d obj/hwinit.o
 .debug_info    0x00003ae4      0x641 obj/stm32scheduler.o
 .debug_info    0x00004125      0x959 obj/params.o
 .debug_info    0x00004a7e     0x171d obj/terminal.o
 .debug_info    0x0000619b      0x6b9 obj/terminal_prj.o
 .debug_info    0x00006854      0x47b obj/digio.o
 .debug_info    0x00006ccf      0xb4a obj/printf.o
 .debug_info    0x00007819      0xbac obj/anain.o
 .debug_info    0x000083c5      0x7a5 obj/param_save.o
 .debug_info    0x00008b6a      0x483 obj/errormessage.o
 .debug_info    0x00008fed     0x14dd obj/stm32_can.o
 .debug_info    0x0000a4ca      0x7dd obj/canhardware.o
 .debug_info    0x0000aca7     0x2571 obj/canmap.o
 .debug_info    0x0000d218     0x1b24 obj/terminalcommands.o
 .debug_info    0x0000ed3c     0x150f obj/cansdo.o
 .debug_info    0x0001024b      0x397 libopencm3/lib\libopencm3_stm32f1.a(adc.o)
 .debug_info    0x000105e2      0x888 libopencm3/lib\libopencm3_stm32f1.a(adc_common_v1.o)
 .debug_info    0x00010e6a      0xbaf libopencm3/lib\libopencm3_stm32f1.a(can.o)
 .debug_info    0x00011a19      0x119 libopencm3/lib\libopencm3_stm32f1.a(crc_common_all.o)
 .debug_info    0x00011b32       0xe8 libopencm3/lib\libopencm3_stm32f1.a(desig_common_v1.o)
 .debug_info    0x00011c1a      0x781 libopencm3/lib\libopencm3_stm32f1.a(dma_common_l1f013.o)
 .debug_info    0x0001239b      0x35e libopencm3/lib\libopencm3_stm32f1.a(flash.o)
 .debug_info    0x000126f9       0xf1 libopencm3/lib\libopencm3_stm32f1.a(flash_common_all.o)
 .debug_info    0x000127ea       0xb9 libopencm3/lib\libopencm3_stm32f1.a(flash_common_f.o)
 .debug_info    0x000128a3      0x20d libopencm3/lib\libopencm3_stm32f1.a(flash_common_f01.o)
 .debug_info    0x00012ab0      0x1f8 libopencm3/lib\libopencm3_stm32f1.a(gpio.o)
 .debug_info    0x00012ca8      0x256 libopencm3/lib\libopencm3_stm32f1.a(gpio_common_all.o)
 .debug_info    0x00012efe      0x177 libopencm3/lib\libopencm3_stm32f1.a(iwdg_common_all.o)
 .debug_info    0x00013075     0x14d0 libopencm3/lib\libopencm3_stm32f1.a(rcc.o)
 .debug_info    0x00014545      0x60d libopencm3/lib\libopencm3_stm32f1.a(rcc_common_all.o)
 .debug_info    0x00014b52      0x6e9 libopencm3/lib\libopencm3_stm32f1.a(rtc.o)
 .debug_info    0x0001523b      0xff0 libopencm3/lib\libopencm3_stm32f1.a(timer_common_all.o)
 .debug_info    0x0001622b      0x582 libopencm3/lib\libopencm3_stm32f1.a(usart_common_all.o)
 .debug_info    0x000167ad      0x192 libopencm3/lib\libopencm3_stm32f1.a(usart_common_f124.o)
 .debug_info    0x0001693f      0x2c4 libopencm3/lib\libopencm3_stm32f1.a(vector.o)
 .debug_info    0x00016c03       0xdb libopencm3/lib\libopencm3_stm32f1.a(scb.o)
 .debug_info    0x00016cde      0x239 libopencm3/lib\libopencm3_stm32f1.a(nvic.o)
 .debug_info    0x00016f17      0x1a1 libopencm3/lib\libopencm3_stm32f1.a(pwr_common_v1.o)
 .debug_info    0x000170b8       0xd3 C:/msys64/mingw64/bin/../lib/gcc/arm-none-eabi/13.3.0/thumb/v7/nofp\libgcc.a(_arm_addsubdf3.o)
 .debug_info    0x0001718b       0x57 C:/msys64/mingw64/bin/../lib/gcc/arm-none-eabi/13.3.0/thumb/v7/nofp\libgcc.a(_arm_muldivdf3.o)
 .debug_info    0x000171e2       0x3f C:/msys64/mingw64/bin/../lib/gcc/arm-none-eabi/13.3.0/thumb/v7/nofp\libgcc.a(_arm_truncdfsf2.o)
 .debug_info    0x00017221       0xca C:/msys64/mingw64/bin/../lib/gcc/arm-none-eabi/13.3.0/thumb/v7/nofp\libgcc.a(_arm_addsubsf3.o)
 .debug_info    0x000172eb       0x57 C:/msys64/mingw64/bin/../lib/gcc/arm-none-eabi/13.3.0/thumb/v7/nofp\libgcc.a(_arm_muldivsf3.o)
 .debug_info    0x00017342       0x3c C:/msys64/mingw64/bin/../lib/gcc/arm-none-eabi/13.3.0/thumb/v7/nofp\libgcc.a(_arm_fixsfsi.o)

.debug_abbrev   0x00000000     0x5781
 .debug_abbrev  0x00000000      0x765 obj/main.o
 .debug_abbrev  0x00000765      0x213 obj/hwinit.o
 .debug_abbrev  0x00000978      0x27a obj/stm32scheduler.o
 .debug_abbrev  0x00000bf2      0x25c obj/params.o
 .debug_abbrev  0x00000e4e      0x4bf obj/terminal.o
 .debug_abbrev  0x0000130d      0x23d obj/terminal_prj.o
 .debug_abbrev  0x0000154a      0x1fe obj/digio.o
 .debug_abbrev  0x00001748      0x384 obj/printf.o
 .debug_abbrev  0x00001acc      0x332 obj/anain.o
 .debug_abbrev  0x00001dfe      0x255 obj/param_save.o
 .debug_abbrev  0x00002053      0x267 obj/errormessage.o
 .debug_abbrev  0x000022ba      0x499 obj/stm32_can.o
 .debug_abbrev  0x00002753      0x342 obj/canhardware.o
 .debug_abbrev  0x00002a95      0x688 obj/canmap.o
 .debug_abbrev  0x0000311d      0x3fa obj/terminalcommands.o
 .debug_abbrev  0x00003517      0x51a obj/cansdo.o
 .debug_abbrev  0x00003a31      0x195 libopencm3/lib\libopencm3_stm32f1.a(adc.o)
 .debug_abbrev  0x00003bc6      0x1ab libopencm3/lib\libopencm3_stm32f1.a(adc_common_v1.o)
 .debug_abbrev  0x00003d71      0x2bd libopencm3/lib\libopencm3_stm32f1.a(can.o)
 .debug_abbrev  0x0000402e       0xb6 libopencm3/lib\libopencm3_stm32f1.a(crc_common_all.o)
 .debug_abbrev  0x000040e4       0x8e libopencm3/lib\libopencm3_stm32f1.a(desig_common_v1.o)
 .debug_abbrev  0x00004172      0x168 libopencm3/lib\libopencm3_stm32f1.a(dma_common_l1f013.o)
 .debug_abbrev  0x000042da      0x1a2 libopencm3/lib\libopencm3_stm32f1.a(flash.o)
 .debug_abbrev  0x0000447c       0x96 libopencm3/lib\libopencm3_stm32f1.a(flash_common_all.o)
 .debug_abbrev  0x00004512       0x56 libopencm3/lib\libopencm3_stm32f1.a(flash_common_f.o)
 .debug_abbrev  0x00004568       0xf5 libopencm3/lib\libopencm3_stm32f1.a(flash_common_f01.o)
 .debug_abbrev  0x0000465d       0xd2 libopencm3/lib\libopencm3_stm32f1.a(gpio.o)
 .debug_abbrev  0x0000472f      0x115 libopencm3/lib\libopencm3_stm32f1.a(gpio_common_all.o)
 .debug_abbrev  0x00004844      0x10e libopencm3/lib\libopencm3_stm32f1.a(iwdg_common_all.o)
 .debug_abbrev  0x00004952      0x2be libopencm3/lib\libopencm3_stm32f1.a(rcc.o)
 .debug_abbrev  0x00004c10      0x185 libopencm3/lib\libopencm3_stm32f1.a(rcc_common_all.o)
 .debug_abbrev  0x00004d95      0x20e libopencm3/lib\libopencm3_stm32f1.a(rtc.o)
 .debug_abbrev  0x00004fa3      0x1ae libopencm3/lib\libopencm3_stm32f1.a(timer_common_all.o)
 .debug_abbrev  0x00005151      0x164 libopencm3/lib\libopencm3_stm32f1.a(usart_common_all.o)
 .debug_abbrev  0x000052b5       0xb6 libopencm3/lib\libopencm3_stm32f1.a(usart_common_f124.o)
 .debug_abbrev  0x0000536b      0x149 libopencm3/lib\libopencm3_stm32f1.a(vector.o)
 .debug_abbrev  0x000054b4       0x88 libopencm3/lib\libopencm3_stm32f1.a(scb.o)
 .debug_abbrev  0x0000553c       0xb6 libopencm3/lib\libopencm3_stm32f1.a(nvic.o)
 .debug_abbrev  0x000055f2       0x9f libopencm3/lib\libopencm3_stm32f1.a(pwr_common_v1.o)
 .debug_abbrev  0x00005691       0x28 C:/msys64/mingw64/bin/../lib/gcc/arm-none-eabi/13.3.0/thumb/v7/nofp\libgcc.a(_arm_addsubdf3.o)
 .debug_abbrev  0x000056b9       0x28 C:/msys64/mingw64/bin/../lib/gcc/arm-none-eabi/13.3.0/thumb/v7/nofp\libgcc.a(_arm_muldivdf3.o)
 .debug_abbrev  0x000056e1       0x28 C:/msys64/mingw64/bin/../lib/gcc/arm-none-eabi/13.3.0/thumb/v7/nofp\libgcc.a(_arm_truncdfsf2.o)
 .debug_abbrev  0x00005709       0x28 C:/msys64/mingw64/bin/../lib/gcc/arm-none-eabi/13.3.0/thumb/v7/nofp\libgcc.a(_arm_addsubsf3.o)
 .debug_abbrev  0x00005731       0x28 C:/msys64/mingw64/bin/../lib/gcc/arm-none-eabi/13.3.0/thumb/v7/nofp\libgcc.a(_arm_muldivsf3.o)
 .debug_abbrev  0x00005759       0x28 C:/msys64/mingw64/bin/../lib/gcc/arm-none-eabi/13.3.0/thumb/v7/nofp\libgcc.a(_arm_fixsfsi.o)

.debug_loclists
                0x00000000     0x67f5
 .debug_loclists
                0x00000000      0x1a7 obj/main.o
 .debug_loclists
                0x000001a7       0x6b obj/hwinit.o
 .debug_loclists
                0x00000212      0x152 obj/stm32scheduler.o
 .debug_loclists
                0x00000364      0x2f5 obj/params.o
 .debug_loclists
                0x00000659      0x5a9 obj/terminal.o
 .debug_loclists
                0x00000c02       0xfb obj/terminal_prj.o
 .debug_loclists
                0x00000cfd      0x245 obj/digio.o
 .debug_loclists
                0x00000f42      0x5cd obj/printf.o
 .debug_loclists
                0x0000150f      0x30f obj/anain.o
 .debug_loclists
                0x0000181e      0x118 obj/param_save.o
 .debug_loclists
                0x00001936       0x6d obj/errormessage.o
 .debug_loclists
                0x000019a3      0x35a obj/stm32_can.o
 .debug_loclists
                0x00001cfd      0x1aa obj/canhardware.o
 .debug_loclists
                0x00001ea7     0x155e obj/canmap.o
 .debug_loclists
                0x00003405      0x984 obj/terminalcommands.o
 .debug_loclists
                0x00003d89      0x8aa obj/cansdo.o
 .debug_loclists
                0x00004633      0x164 libopencm3/lib\libopencm3_stm32f1.a(adc.o)
 .debug_loclists
                0x00004797      0x325 libopencm3/lib\libopencm3_stm32f1.a(adc_common_v1.o)
 .debug_loclists
                0x00004abc      0x7c7 libopencm3/lib\libopencm3_stm32f1.a(can.o)
 .debug_loclists
                0x00005283       0x6a libopencm3/lib\libopencm3_stm32f1.a(crc_common_all.o)
 .debug_loclists
                0x000052ed       0x2b libopencm3/lib\libopencm3_stm32f1.a(desig_common_v1.o)
 .debug_loclists
                0x00005318      0x6a9 libopencm3/lib\libopencm3_stm32f1.a(dma_common_l1f013.o)
 .debug_loclists
                0x000059c1       0x82 libopencm3/lib\libopencm3_stm32f1.a(flash.o)
 .debug_loclists
                0x00005a43       0x17 libopencm3/lib\libopencm3_stm32f1.a(flash_common_all.o)
 .debug_loclists
                0x00005a5a       0xa5 libopencm3/lib\libopencm3_stm32f1.a(flash_common_f01.o)
 .debug_loclists
                0x00005aff       0xd5 libopencm3/lib\libopencm3_stm32f1.a(gpio.o)
 .debug_loclists
                0x00005bd4       0x96 libopencm3/lib\libopencm3_stm32f1.a(gpio_common_all.o)
 .debug_loclists
                0x00005c6a       0x9d libopencm3/lib\libopencm3_stm32f1.a(iwdg_common_all.o)
 .debug_loclists
                0x00005d07      0x2cb libopencm3/lib\libopencm3_stm32f1.a(rcc.o)
 .debug_loclists
                0x00005fd2       0x87 libopencm3/lib\libopencm3_stm32f1.a(rcc_common_all.o)
 .debug_loclists
                0x00006059      0x1d9 libopencm3/lib\libopencm3_stm32f1.a(rtc.o)
 .debug_loclists
                0x00006232      0x220 libopencm3/lib\libopencm3_stm32f1.a(timer_common_all.o)
 .debug_loclists
                0x00006452      0x10e libopencm3/lib\libopencm3_stm32f1.a(usart_common_all.o)
 .debug_loclists
                0x00006560       0x79 libopencm3/lib\libopencm3_stm32f1.a(usart_common_f124.o)
 .debug_loclists
                0x000065d9       0xe2 libopencm3/lib\libopencm3_stm32f1.a(vector.o)
 .debug_loclists
                0x000066bb       0x29 libopencm3/lib\libopencm3_stm32f1.a(scb.o)
 .debug_loclists
                0x000066e4      0x111 libopencm3/lib\libopencm3_stm32f1.a(nvic.o)

.debug_aranges  0x00000000     0x1498
 .debug_aranges
                0x00000000       0xa8 obj/main.o
 .debug_aranges
                0x000000a8       0x38 obj/hwinit.o
 .debug_aranges
                0x000000e0       0x38 obj/stm32scheduler.o
 .debug_aranges
                0x00000118       0xa8 obj/params.o
 .debug_aranges
                0x000001c0       0xa0 obj/terminal.o
 .debug_aranges
                0x00000260       0x40 obj/terminal_prj.o
 .debug_aranges
                0x000002a0       0x20 obj/digio.o
 .debug_aranges
                0x000002c0       0x60 obj/printf.o
 .debug_aranges
                0x00000320       0x50 obj/anain.o
 .debug_aranges
                0x00000370       0x30 obj/param_save.o
 .debug_aranges
                0x000003a0       0x50 obj/errormessage.o
 .debug_aranges
                0x000003f0       0x98 obj/stm32_can.o
 .debug_aranges
                0x00000488       0x50 obj/canhardware.o
 .debug_aranges
                0x000004d8       0xe0 obj/canmap.o
 .debug_aranges
                0x000005b8       0x78 obj/terminalcommands.o
 .debug_aranges
                0x00000630       0x88 obj/cansdo.o
 .debug_aranges
                0x000006b8       0x98 libopencm3/lib\libopencm3_stm32f1.a(adc.o)
 .debug_aranges
                0x00000750      0x158 libopencm3/lib\libopencm3_stm32f1.a(adc_common_v1.o)
 .debug_aranges
                0x000008a8       0x88 libopencm3/lib\libopencm3_stm32f1.a(can.o)
 .debug_aranges
                0x00000930       0x30 libopencm3/lib\libopencm3_stm32f1.a(crc_common_all.o)
 .debug_aranges
                0x00000960       0x28 libopencm3/lib\libopencm3_stm32f1.a(desig_common_v1.o)
 .debug_aranges
                0x00000988       0xe8 libopencm3/lib\libopencm3_stm32f1.a(dma_common_l1f013.o)
 .debug_aranges
                0x00000a70       0x80 libopencm3/lib\libopencm3_stm32f1.a(flash.o)
 .debug_aranges
                0x00000af0       0x38 libopencm3/lib\libopencm3_stm32f1.a(flash_common_all.o)
 .debug_aranges
                0x00000b28       0x30 libopencm3/lib\libopencm3_stm32f1.a(flash_common_f.o)
 .debug_aranges
                0x00000b58       0x48 libopencm3/lib\libopencm3_stm32f1.a(flash_common_f01.o)
 .debug_aranges
                0x00000ba0       0x38 libopencm3/lib\libopencm3_stm32f1.a(gpio.o)
 .debug_aranges
                0x00000bd8       0x50 libopencm3/lib\libopencm3_stm32f1.a(gpio_common_all.o)
 .debug_aranges
                0x00000c28       0x40 libopencm3/lib\libopencm3_stm32f1.a(iwdg_common_all.o)
 .debug_aranges
                0x00000c68      0x170 libopencm3/lib\libopencm3_stm32f1.a(rcc.o)
 .debug_aranges
                0x00000dd8       0x80 libopencm3/lib\libopencm3_stm32f1.a(rcc_common_all.o)
 .debug_aranges
                0x00000e58       0xa0 libopencm3/lib\libopencm3_stm32f1.a(rtc.o)
 .debug_aranges
                0x00000ef8      0x278 libopencm3/lib\libopencm3_stm32f1.a(timer_common_all.o)
 .debug_aranges
                0x00001170       0xd8 libopencm3/lib\libopencm3_stm32f1.a(usart_common_all.o)
 .debug_aranges
                0x00001248       0x40 libopencm3/lib\libopencm3_stm32f1.a(usart_common_f124.o)
 .debug_aranges
                0x00001288       0x30 libopencm3/lib\libopencm3_stm32f1.a(vector.o)
 .debug_aranges
                0x000012b8       0x30 libopencm3/lib\libopencm3_stm32f1.a(scb.o)
 .debug_aranges
                0x000012e8       0x60 libopencm3/lib\libopencm3_stm32f1.a(nvic.o)
 .debug_aranges
                0x00001348       0x90 libopencm3/lib\libopencm3_stm32f1.a(pwr_common_v1.o)
 .debug_aranges
                0x000013d8       0x20 C:/msys64/mingw64/bin/../lib/gcc/arm-none-eabi/13.3.0/thumb/v7/nofp\libgcc.a(_arm_addsubdf3.o)
 .debug_aranges
                0x000013f8       0x20 C:/msys64/mingw64/bin/../lib/gcc/arm-none-eabi/13.3.0/thumb/v7/nofp\libgcc.a(_arm_muldivdf3.o)
 .debug_aranges
                0x00001418       0x20 C:/msys64/mingw64/bin/../lib/gcc/arm-none-eabi/13.3.0/thumb/v7/nofp\libgcc.a(_arm_truncdfsf2.o)
 .debug_aranges
                0x00001438       0x20 C:/msys64/mingw64/bin/../lib/gcc/arm-none-eabi/13.3.0/thumb/v7/nofp\libgcc.a(_arm_addsubsf3.o)
 .debug_aranges
                0x00001458       0x20 C:/msys64/mingw64/bin/../lib/gcc/arm-none-eabi/13.3.0/thumb/v7/nofp\libgcc.a(_arm_muldivsf3.o)
 .debug_aranges
                0x00001478       0x20 C:/msys64/mingw64/bin/../lib/gcc/arm-none-eabi/13.3.0/thumb/v7/nofp\libgcc.a(_arm_fixsfsi.o)

.debug_rnglists
                0x00000000     0x1169
 .debug_rnglists
                0x00000000       0x97 obj/main.o
 .debug_rnglists
                0x00000097       0x26 obj/hwinit.o
 .debug_rnglists
                0x000000bd       0x3d obj/stm32scheduler.o
 .debug_rnglists
                0x000000fa       0x9d obj/params.o
 .debug_rnglists
                0x00000197       0x85 obj/terminal.o
 .debug_rnglists
                0x0000021c       0x2b obj/terminal_prj.o
 .debug_rnglists
                0x00000247       0x14 obj/digio.o
 .debug_rnglists
                0x0000025b       0x55 obj/printf.o
 .debug_rnglists
                0x000002b0       0x45 obj/anain.o
 .debug_rnglists
                0x000002f5       0x38 obj/param_save.o
 .debug_rnglists
                0x0000032d       0x43 obj/errormessage.o
 .debug_rnglists
                0x00000370       0x7c obj/stm32_can.o
 .debug_rnglists
                0x000003ec       0x37 obj/canhardware.o
 .debug_rnglists
                0x00000423      0x222 obj/canmap.o
 .debug_rnglists
                0x00000645       0xc0 obj/terminalcommands.o
 .debug_rnglists
                0x00000705       0x9c obj/cansdo.o
 .debug_rnglists
                0x000007a1       0x6d libopencm3/lib\libopencm3_stm32f1.a(adc.o)
 .debug_rnglists
                0x0000080e       0xfd libopencm3/lib\libopencm3_stm32f1.a(adc_common_v1.o)
 .debug_rnglists
                0x0000090b       0x65 libopencm3/lib\libopencm3_stm32f1.a(can.o)
 .debug_rnglists
                0x00000970       0x1f libopencm3/lib\libopencm3_stm32f1.a(crc_common_all.o)
 .debug_rnglists
                0x0000098f       0x19 libopencm3/lib\libopencm3_stm32f1.a(desig_common_v1.o)
 .debug_rnglists
                0x000009a8       0xa9 libopencm3/lib\libopencm3_stm32f1.a(dma_common_l1f013.o)
 .debug_rnglists
                0x00000a51       0x5b libopencm3/lib\libopencm3_stm32f1.a(flash.o)
 .debug_rnglists
                0x00000aac       0x25 libopencm3/lib\libopencm3_stm32f1.a(flash_common_all.o)
 .debug_rnglists
                0x00000ad1       0x1f libopencm3/lib\libopencm3_stm32f1.a(flash_common_f.o)
 .debug_rnglists
                0x00000af0       0x31 libopencm3/lib\libopencm3_stm32f1.a(flash_common_f01.o)
 .debug_rnglists
                0x00000b21       0x25 libopencm3/lib\libopencm3_stm32f1.a(gpio.o)
 .debug_rnglists
                0x00000b46       0x37 libopencm3/lib\libopencm3_stm32f1.a(gpio_common_all.o)
 .debug_rnglists
                0x00000b7d       0x37 libopencm3/lib\libopencm3_stm32f1.a(iwdg_common_all.o)
 .debug_rnglists
                0x00000bb4      0x160 libopencm3/lib\libopencm3_stm32f1.a(rcc.o)
 .debug_rnglists
                0x00000d14       0x5b libopencm3/lib\libopencm3_stm32f1.a(rcc_common_all.o)
 .debug_rnglists
                0x00000d6f       0x73 libopencm3/lib\libopencm3_stm32f1.a(rtc.o)
 .debug_rnglists
                0x00000de2      0x1d6 libopencm3/lib\libopencm3_stm32f1.a(timer_common_all.o)
 .debug_rnglists
                0x00000fb8       0x9d libopencm3/lib\libopencm3_stm32f1.a(usart_common_all.o)
 .debug_rnglists
                0x00001055       0x2b libopencm3/lib\libopencm3_stm32f1.a(usart_common_f124.o)
 .debug_rnglists
                0x00001080       0x20 libopencm3/lib\libopencm3_stm32f1.a(vector.o)
 .debug_rnglists
                0x000010a0       0x1f libopencm3/lib\libopencm3_stm32f1.a(scb.o)
 .debug_rnglists
                0x000010bf       0x43 libopencm3/lib\libopencm3_stm32f1.a(nvic.o)
 .debug_rnglists
                0x00001102       0x67 libopencm3/lib\libopencm3_stm32f1.a(pwr_common_v1.o)

.debug_macro    0x00000000     0xa615
 .debug_macro   0x00000000      0x278 obj/main.o
 .debug_macro   0x00000278      0xb62 obj/main.o
 .debug_macro   0x00000dda       0x1c obj/main.o
 .debug_macro   0x00000df6       0x22 obj/main.o
 .debug_macro   0x00000e18       0x56 obj/main.o
 .debug_macro   0x00000e6e       0x51 obj/main.o
 .debug_macro   0x00000ebf      0x103 obj/main.o
 .debug_macro   0x00000fc2       0x6a obj/main.o
 .debug_macro   0x0000102c      0x1df obj/main.o
 .debug_macro   0x0000120b       0x1c obj/main.o
 .debug_macro   0x00001227       0x16 obj/main.o
 .debug_macro   0x0000123d       0xe8 obj/main.o
 .debug_macro   0x00001325       0x76 obj/main.o
 .debug_macro   0x0000139b      0x1b4 obj/main.o
 .debug_macro   0x0000154f       0x94 obj/main.o
 .debug_macro   0x000015e3      0x29e obj/main.o
 .debug_macro   0x00001881      0xf8f obj/main.o
 .debug_macro   0x00002810       0x8e obj/main.o
 .debug_macro   0x0000289e      0x8c6 obj/main.o
 .debug_macro   0x00003164       0x76 obj/main.o
 .debug_macro   0x000031da      0x519 obj/main.o
 .debug_macro   0x000036f3       0x70 obj/main.o
 .debug_macro   0x00003763       0x16 obj/main.o
 .debug_macro   0x00003779       0x46 obj/main.o
 .debug_macro   0x000037bf       0x58 obj/main.o
 .debug_macro   0x00003817       0x28 obj/main.o
 .debug_macro   0x0000383f       0x40 obj/main.o
 .debug_macro   0x0000387f       0x10 obj/main.o
 .debug_macro   0x0000388f       0x3a obj/main.o
 .debug_macro   0x000038c9       0x76 obj/main.o
 .debug_macro   0x0000393f      0xe04 obj/main.o
 .debug_macro   0x00004743       0x1c obj/main.o
 .debug_macro   0x0000475f       0x1c obj/main.o
 .debug_macro   0x0000477b       0x2e obj/main.o
 .debug_macro   0x000047a9       0x46 obj/main.o
 .debug_macro   0x000047ef       0x16 obj/main.o
 .debug_macro   0x00004805       0x10 obj/main.o
 .debug_macro   0x00004815       0x1c obj/main.o
 .debug_macro   0x00004831      0x269 obj/hwinit.o
 .debug_macro   0x00004a9a       0x68 obj/hwinit.o
 .debug_macro   0x00004b02      0x1a2 obj/hwinit.o
 .debug_macro   0x00004ca4      0x39b obj/hwinit.o
 .debug_macro   0x0000503f      0x1ba obj/hwinit.o
 .debug_macro   0x000051f9      0x449 obj/hwinit.o
 .debug_macro   0x00005642      0x456 obj/hwinit.o
 .debug_macro   0x00005a98      0x4f5 obj/hwinit.o
 .debug_macro   0x00005f8d       0x1c obj/hwinit.o
 .debug_macro   0x00005fa9       0xee obj/hwinit.o
 .debug_macro   0x00006097       0x82 obj/hwinit.o
 .debug_macro   0x00006119      0x2eb obj/hwinit.o
 .debug_macro   0x00006404       0x16 obj/hwinit.o
 .debug_macro   0x0000641a       0x2e obj/hwinit.o
 .debug_macro   0x00006448       0xe0 obj/stm32scheduler.o
 .debug_macro   0x00006528      0x159 obj/params.o
 .debug_macro   0x00006681       0x52 obj/params.o
 .debug_macro   0x000066d3      0x126 obj/terminal.o
 .debug_macro   0x000067f9      0x137 obj/terminal_prj.o
 .debug_macro   0x00006930       0xfd obj/digio.o
 .debug_macro   0x00006a2d       0x9b obj/printf.o
 .debug_macro   0x00006ac8       0x58 obj/printf.o
 .debug_macro   0x00006b20      0x14a obj/anain.o
 .debug_macro   0x00006c6a       0x16 obj/anain.o
 .debug_macro   0x00006c80      0x12f obj/param_save.o
 .debug_macro   0x00006daf       0xb0 obj/errormessage.o
 .debug_macro   0x00006e5f      0x17f obj/stm32_can.o
 .debug_macro   0x00006fde      0x513 obj/stm32_can.o
 .debug_macro   0x000074f1       0x6e obj/stm32_can.o
 .debug_macro   0x0000755f       0x77 obj/canhardware.o
 .debug_macro   0x000075d6       0x10 obj/canhardware.o
 .debug_macro   0x000075e6      0x18e obj/canmap.o
 .debug_macro   0x00007774      0x13f obj/terminalcommands.o
 .debug_macro   0x000078b3      0x395 obj/terminalcommands.o
 .debug_macro   0x00007c48       0x1f obj/terminalcommands.o
 .debug_macro   0x00007c67      0x1dc obj/cansdo.o
 .debug_macro   0x00007e43       0x46 obj/cansdo.o
 .debug_macro   0x00007e89       0xb8 libopencm3/lib\libopencm3_stm32f1.a(adc.o)
 .debug_macro   0x00007f41      0xac0 libopencm3/lib\libopencm3_stm32f1.a(adc.o)
 .debug_macro   0x00008a01       0x1c libopencm3/lib\libopencm3_stm32f1.a(adc.o)
 .debug_macro   0x00008a1d       0x56 libopencm3/lib\libopencm3_stm32f1.a(adc.o)
 .debug_macro   0x00008a73       0x22 libopencm3/lib\libopencm3_stm32f1.a(adc.o)
 .debug_macro   0x00008a95       0xb8 libopencm3/lib\libopencm3_stm32f1.a(adc_common_v1.o)
 .debug_macro   0x00008b4d       0xc9 libopencm3/lib\libopencm3_stm32f1.a(can.o)
 .debug_macro   0x00008c16       0xb3 libopencm3/lib\libopencm3_stm32f1.a(crc_common_all.o)
 .debug_macro   0x00008cc9       0xa6 libopencm3/lib\libopencm3_stm32f1.a(desig_common_v1.o)
 .debug_macro   0x00008d6f       0xb3 libopencm3/lib\libopencm3_stm32f1.a(dma_common_l1f013.o)
 .debug_macro   0x00008e22       0xca libopencm3/lib\libopencm3_stm32f1.a(flash.o)
 .debug_macro   0x00008eec       0xc0 libopencm3/lib\libopencm3_stm32f1.a(flash_common_all.o)
 .debug_macro   0x00008fac       0xc0 libopencm3/lib\libopencm3_stm32f1.a(flash_common_f.o)
 .debug_macro   0x0000906c       0xc0 libopencm3/lib\libopencm3_stm32f1.a(flash_common_f01.o)
 .debug_macro   0x0000912c       0xb8 libopencm3/lib\libopencm3_stm32f1.a(gpio.o)
 .debug_macro   0x000091e4       0xb8 libopencm3/lib\libopencm3_stm32f1.a(gpio_common_all.o)