Archive member included to satisfy reference by file (symbol)

libopencm3/lib\libopencm3_stm32f1.a(adc.o)
                              obj/anain.o (adc_power_on)
libopencm3/lib\libopencm3_stm32f1.a(adc_common_v1.o)
                              obj/anain.o (adc_power_off)
libopencm3/lib\libopencm3_stm32f1.a(can.o)
                              obj/stm32_can.o (can_reset)
libopencm3/lib\libopencm3_stm32f1.a(crc_common_all.o)
                              obj/hwinit.o (crc_reset)
libopencm3/lib\libopencm3_stm32f1.a(desig_common_v1.o)
                              obj/hwinit.o (desig_get_flash_size)
libopencm3/lib\libopencm3_stm32f1.a(dma_common_l1f013.o)
                              obj/terminal.o (dma_channel_reset)
libopencm3/lib\libopencm3_stm32f1.a(flash.o)
                              obj/hwinit.o (flash_erase_page)
libopencm3/lib\libopencm3_stm32f1.a(flash_common_all.o)
                              obj/canmap.o (flash_set_ws)
libopencm3/lib\libopencm3_stm32f1.a(flash_common_f.o)
                              obj/hwinit.o (flash_unlock)
libopencm3/lib\libopencm3_stm32f1.a(flash_common_f01.o)
                              libopencm3/lib\libopencm3_stm32f1.a(flash.o) (flash_clear_pgerr_flag)
libopencm3/lib\libopencm3_stm32f1.a(gpio.o)
                              obj/terminal.o (gpio_set_mode)
libopencm3/lib\libopencm3_stm32f1.a(gpio_common_all.o)
                              obj/main.o (gpio_set)
libopencm3/lib\libopencm3_stm32f1.a(iwdg_common_all.o)
                              obj/main.o (iwdg_reset)
libopencm3/lib\libopencm3_stm32f1.a(rcc.o)
                              obj/stm32scheduler.o (rcc_apb2_frequency)
libopencm3/lib\libopencm3_stm32f1.a(rcc_common_all.o)
                              obj/hwinit.o (rcc_periph_clock_enable)
libopencm3/lib\libopencm3_stm32f1.a(rtc.o)
                              obj/main.o (rtc_get_counter_val)
libopencm3/lib\libopencm3_stm32f1.a(timer_common_all.o)
                              obj/stm32scheduler.o (timer_enable_irq)
libopencm3/lib\libopencm3_stm32f1.a(usart_common_all.o)
                              obj/terminal.o (usart_set_baudrate)
libopencm3/lib\libopencm3_stm32f1.a(usart_common_f124.o)
                              libopencm3/lib\libopencm3_stm32f1.a(usart_common_all.o) (usart_send)
libopencm3/lib\libopencm3_stm32f1.a(vector.o)
                              (reset_handler)
libopencm3/lib\libopencm3_stm32f1.a(scb.o)
                              obj/terminalcommands.o (scb_reset_system)
libopencm3/lib\libopencm3_stm32f1.a(nvic.o)
                              obj/hwinit.o (nvic_enable_irq)
libopencm3/lib\libopencm3_stm32f1.a(assert.o)
                              libopencm3/lib\libopencm3_stm32f1.a(rcc.o) (cm3_assert_failed)
libopencm3/lib\libopencm3_stm32f1.a(pwr_common_v1.o)
                              libopencm3/lib\libopencm3_stm32f1.a(rtc.o) (pwr_disable_backup_domain_write_protect)
C:/msys64/mingw64/bin/../lib/gcc/arm-none-eabi/13.3.0/thumb/v7/nofp\libgcc.a(_arm_mulsf3.o)
                              obj/params.o (__aeabi_fmul)
C:/msys64/mingw64/bin/../lib/gcc/arm-none-eabi/13.3.0/thumb/v7/nofp\libgcc.a(_arm_addsubdf3.o)
                              obj/main.o (__aeabi_f2d)
C:/msys64/mingw64/bin/../lib/gcc/arm-none-eabi/13.3.0/thumb/v7/nofp\libgcc.a(_arm_muldivdf3.o)
                              obj/main.o (__aeabi_ddiv)
C:/msys64/mingw64/bin/../lib/gcc/arm-none-eabi/13.3.0/thumb/v7/nofp\libgcc.a(_arm_truncdfsf2.o)
                              obj/main.o (__aeabi_d2f)
C:/msys64/mingw64/bin/../lib/gcc/arm-none-eabi/13.3.0/thumb/v7/nofp\libgcc.a(_arm_addsubsf3.o)
                              obj/main.o (__aeabi_fsub)
C:/msys64/mingw64/bin/../lib/gcc/arm-none-eabi/13.3.0/thumb/v7/nofp\libgcc.a(_arm_muldivsf3.o)
                              obj/main.o (__aeabi_fdiv)
C:/msys64/mingw64/bin/../lib/gcc/arm-none-eabi/13.3.0/thumb/v7/nofp\libgcc.a(_arm_fixsfsi.o)
                              obj/params.o (__aeabi_f2iz)

Discarded input sections

 .group         0x00000000        0x8 obj/main.o
 .group         0x00000000        0x8 obj/main.o
 .group         0x00000000        0xc obj/main.o
 .group         0x00000000        0xc obj/main.o
 .group         0x00000000        0xc obj/main.o
 .group         0x00000000        0xc obj/main.o
 .group         0x00000000        0xc obj/main.o
 .group         0x00000000        0xc obj/main.o
 .group         0x00000000        0xc obj/main.o
 .group         0x00000000        0xc obj/main.o
 .group         0x00000000        0xc obj/main.o
 .group         0x00000000        0xc obj/main.o
 .group         0x00000000        0xc obj/main.o
 .group         0x00000000        0xc obj/main.o
 .group         0x00000000        0xc obj/main.o
 .group         0x00000000        0xc obj/main.o
 .group         0x00000000        0xc obj/main.o
 .group         0x00000000        0xc obj/main.o
 .group         0x00000000        0xc obj/main.o
 .group         0x00000000        0xc obj/main.o
[...]
Memory Configuration

Name             Origin             Length             Attributes
rom              0x08001000         0x0001e000         xr
ram              0x20000000         0x00005000         xrw
*default*        0x00000000         0xffffffff

Linker script and memory map

LOAD obj/main.o
LOAD obj/hwinit.o
LOAD obj/stm32scheduler.o
LOAD obj/params.o
LOAD obj/terminal.o
LOAD obj/terminal_prj.o
LOAD obj/my_string.o
LOAD obj/digio.o
LOAD obj/my_fp.o
LOAD obj/printf.o
LOAD obj/anain.o
LOAD obj/param_save.o
LOAD obj/errormessage.o
LOAD obj/stm32_can.o
LOAD obj/canhardware.o
LOAD obj/canmap.o
LOAD obj/picontroller.o
LOAD obj/terminalcommands.o
LOAD obj/cansdo.o
LOAD libopencm3/lib\libopencm3_stm32f1.a
START GROUP
LOAD C:/msys64/mingw64/bin/../lib/gcc/arm-none-eabi/13.3.0/thumb/v7/nofp\libgcc.a
LOAD C:/msys64/mingw64/bin/../lib/gcc/arm-none-eabi/13.3.0/../../../../arm-none-eabi/lib/thumb/v7/nofp\libc.a
END GROUP

.text           0x08001000     0x6cdc
 *(.vectors)
 .vectors       0x08001000      0x150 libopencm3/lib\libopencm3_stm32f1.a(vector.o)
                0x08001000                vector_table
 *(.text*)
 .text._ZN23FunctionPointerCallback8HandleRxEmPmh
                0x08001150       0x10 obj/main.o
                0x08001150                FunctionPointerCallback::HandleRx(unsigned long, unsigned long*, unsigned char)
 .text._ZN23FunctionPointerCallback11HandleClearEv
                0x08001160        0x8 obj/main.o
                0x08001160                FunctionPointerCallback::HandleClear()
 .text._ZL11CanCallbackmPmh
                0x08001168        0xc obj/main.o
 .text._ZL9Ms200Taskv
                0x08001174       0x38 obj/main.o
 .text._ZL13SetCanFiltersv
                0x080011ac       0x24 obj/main.o
 .text._ZL8Ms10Taskv
                0x080011d0        0xc obj/main.o
 .text.__cxa_pure_virtual
                0x080011dc        0x2 obj/main.o
                0x080011dc                __cxa_pure_virtual
 *fill*         0x080011de        0x2 
 .text.Analog_Outputs
                0x080011e0      0x148 obj/main.o
                0x080011e0                Analog_Outputs
 .text.Can_Tasks
                0x08001328       0x50 obj/main.o
                0x08001328                Can_Tasks
 .text._Z16PinIntializationv
                0x08001378       0xd8 obj/main.o
                0x08001378                PinIntialization()
 .text.Disable_Calibers
                0x08001450       0x58 obj/main.o
                0x08001450                Disable_Calibers
 .text.eBrake_Control
                0x080014a8      0x528 obj/main.o
                0x080014a8                eBrake_Control
 .text._ZL9Ms100Taskv
                0x080019d0      0x1b4 obj/main.o
 .text._ZN5Param6ChangeENS_9PARAM_NUME
                0x08001b84       0x5c obj/main.o
                0x08001b84                Param::Change(Param::PARAM_NUM)
 .text.tim2_isr
                0x08001be0       0x10 obj/main.o
                0x08001be0                tim2_isr
 .text.main     0x08001bf0      0x304 obj/main.o
                0x08001bf0                main
 .text.clock_setup
                0x08001ef4       0x7c obj/hwinit.o
                0x08001ef4                clock_setup
 .text.write_bootloader_pininit
                0x08001f70       0x90 obj/hwinit.o
                0x08001f70                write_bootloader_pininit
 .text.nvic_setup
                0x08002000       0x12 obj/hwinit.o
                0x08002000                nvic_setup
 .text.rtc_setup
                0x08002012       0x14 obj/hwinit.o
                0x08002012                rtc_setup
 *fill*         0x08002026        0x2 
 .text._ZN14Stm32SchedulerC2Em
                0x08002028       0x44 obj/stm32scheduler.o
                0x08002028                Stm32Scheduler::Stm32Scheduler(unsigned long)
                0x08002028                Stm32Scheduler::Stm32Scheduler(unsigned long)
 .text._ZN14Stm32Scheduler7AddTaskEPFvvEt
                0x0800206c       0x6c obj/stm32scheduler.o
                0x0800206c                Stm32Scheduler::AddTask(void (*)(), unsigned short)
 .text._ZN14Stm32Scheduler3RunEv
                0x080020d8       0x70 obj/stm32scheduler.o
                0x080020d8                Stm32Scheduler::Run()
 .text._ZN14Stm32Scheduler10GetCpuLoadEv
                0x08002148       0x30 obj/stm32scheduler.o
                0x08002148                Stm32Scheduler::GetCpuLoad()
 .text._ZN5Param3SetENS_9PARAM_NUMEl
                0x08002178       0x3c obj/params.o
                0x08002178                Param::Set(Param::PARAM_NUM, long)
 .text._ZN5Param3GetENS_9PARAM_NUME
                0x080021b4        0xc obj/params.o
                0x080021b4                Param::Get(Param::PARAM_NUM)
 .text._ZN5Param6GetIntENS_9PARAM_NUME
                0x080021c0       0x10 obj/params.o
                0x080021c0                Param::GetInt(Param::PARAM_NUM)
 .text._ZN5Param8GetFloatENS_9PARAM_NUME
                0x080021d0       0x1c obj/params.o
                0x080021d0                Param::GetFloat(Param::PARAM_NUM)
 .text._ZN5Param6SetIntENS_9PARAM_NUMEi
                0x080021ec       0x10 obj/params.o
                0x080021ec                Param::SetInt(Param::PARAM_NUM, int)
 .text._ZN5Param8SetFixedENS_9PARAM_NUMEl
                0x080021fc        0xc obj/params.o
                0x080021fc                Param::SetFixed(Param::PARAM_NUM, long)
 .text._ZN5Param8SetFloatENS_9PARAM_NUMEf
                0x08002208       0x20 obj/params.o
                0x08002208                Param::SetFloat(Param::PARAM_NUM, float)
 .text._ZN5Param13NumFromStringEPKc
                0x08002228       0x28 obj/params.o
                0x08002228                Param::NumFromString(char const*)
 .text._ZN5Param9NumFromIdEm
                0x08002250       0x20 obj/params.o
                0x08002250                Param::NumFromId(unsigned long)
 .text._ZN5Param9GetAttribENS_9PARAM_NUME
                0x08002270       0x10 obj/params.o
                0x08002270                Param::GetAttrib(Param::PARAM_NUM)
 .text._ZN5Param12LoadDefaultsEv
                0x08002280       0x28 obj/params.o
                0x08002280                Param::LoadDefaults()
 .text._ZN5Param11SetFlagsRawENS_9PARAM_NUMEh
                0x080022a8        0xc obj/params.o
                0x080022a8                Param::SetFlagsRaw(Param::PARAM_NUM, unsigned char)
 .text._ZN5Param7SetFlagENS_9PARAM_NUMENS_10PARAM_FLAGE
                0x080022b4       0x10 obj/params.o
                0x080022b4                Param::SetFlag(Param::PARAM_NUM, Param::PARAM_FLAG)
 .text._ZN5Param9ClearFlagENS_9PARAM_NUMENS_10PARAM_FLAGE
                0x080022c4       0x10 obj/params.o
                0x080022c4                Param::ClearFlag(Param::PARAM_NUM, Param::PARAM_FLAG)
 .text._ZN5Param7GetFlagENS_9PARAM_NUME
                0x080022d4        0xc obj/params.o
                0x080022d4                Param::GetFlag(Param::PARAM_NUM)
 .text._ZN5Param7GetTypeENS_9PARAM_NUME
                0x080022e0       0x14 obj/params.o
                0x080022e0                Param::GetType(Param::PARAM_NUM)
 .text._ZN5Param8GetIdSumEv
                0x080022f4        0x6 obj/params.o
                0x080022f4                Param::GetIdSum()
 .text._ZN8Terminal10KeyPressedEv
                0x080022fa        0xc obj/terminal.o
                0x080022fa                Terminal::KeyPressed()
 .text._ZN8Terminal10FlushInputEv
                0x08002306        0xa obj/terminal.o
                0x08002306                Terminal::FlushInput()
 .text._ZN8Terminal8ResetDMAEv
                0x08002310       0x34 obj/terminal.o
                0x08002310                Terminal::ResetDMA()
 .text._ZN8TerminalC2EmPK8TERM_CMDbb
                0x08002344      0x15c obj/terminal.o
                0x08002344                Terminal::Terminal(unsigned long, TERM_CMD const*, bool, bool)
                0x08002344                Terminal::Terminal(unsigned long, TERM_CMD const*, bool, bool)
 .text._ZN8Terminal9CmdLookupEPc
                0x080024a0       0x2a obj/terminal.o
                0x080024a0                Terminal::CmdLookup(char*)
 .text._ZN8Terminal17SendCurrentBufferEm
                0x080024ca       0x82 obj/terminal.o
                0x080024ca                Terminal::SendCurrentBuffer(unsigned long)
 .text._ZN8Terminal7PutCharEc
                0x0800254c       0x4c obj/terminal.o
                0x0800254c                Terminal::PutChar(char)
 .text._ZN8Terminal10SendBinaryEPKhm
                0x08002598       0x32 obj/terminal.o
                0x08002598                Terminal::SendBinary(unsigned char const*, unsigned long)
 .text._ZN8Terminal4SendEPKc
                0x080025ca       0x18 obj/terminal.o
                0x080025ca                Terminal::Send(char const*)
 *fill*         0x080025e2        0x2 
 .text._ZN8Terminal10EnableUartEPc
                0x080025e4       0x70 obj/terminal.o
                0x080025e4                Terminal::EnableUart(char*)
 .text._ZN8Terminal8FastUartEPc
                0x08002654       0x78 obj/terminal.o
                0x08002654                Terminal::FastUart(char*)
 .text._ZN8Terminal4EchoEPc
                0x080026cc       0x3c obj/terminal.o
                0x080026cc                Terminal::Echo(char*)
 .text._ZN8Terminal3RunEv
                0x08002708      0x17c obj/terminal.o
                0x08002708                Terminal::Run()
 .text.putchar  0x08002884       0x18 obj/terminal.o
                0x08002884                putchar
 .text._ZL4HelpP8TerminalPc
                0x0800289c        0x2 obj/terminal_prj.o
 .text._ZL11PrintErrorsP8TerminalPc
                0x0800289e        0x8 obj/terminal_prj.o
 *fill*         0x080028a6        0x2 
 .text._ZL11PrintSerialP8TerminalPc
                0x080028a8       0x28 obj/terminal_prj.o
 .text._ZL12LoadDefaultsP8TerminalPc
                0x080028d0       0x18 obj/terminal_prj.o
 .text._ZN16TerminalCommands15PrintParamsJsonEP8TerminalPc
                0x080028e8        0x8 obj/terminal_prj.o
                0x080028e8                TerminalCommands::PrintParamsJson(Terminal*, char*)
 .text.my_strcmp
                0x080028f0       0x1c obj/my_string.o
                0x080028f0                my_strcmp
 .text.my_strcpy
                0x0800290c       0x12 obj/my_string.o
                0x0800290c                my_strcpy
 .text.my_strlen
                0x0800291e        0xe obj/my_string.o
                0x0800291e                my_strlen
 .text.my_strchr
                0x0800292c       0x10 obj/my_string.o
                0x0800292c                my_strchr
 .text.my_ltoa  0x0800293c       0x56 obj/my_string.o
                0x0800293c                my_ltoa
 .text.my_atoi  0x08002992       0x30 obj/my_string.o
                0x08002992                my_atoi
 *fill*         0x080029c2        0x2 
 .text.my_trim  0x080029c4       0x54 obj/my_string.o
                0x080029c4                my_trim
 .text.memcpy32
                0x08002a18       0x16 obj/my_string.o
                0x08002a18                memcpy32
 .text.memset32
                0x08002a2e        0xc obj/my_string.o
                0x08002a2e                memset32
 .text._ZN5DigIo9ConfigureEmtN7PinMode7PinModeE
                0x08002a3a       0xa6 obj/digio.o
                0x08002a3a                DigIo::Configure(unsigned long, unsigned short, PinMode::PinMode)
 .text.fp_itoa  0x08002ae0       0x5a obj/my_fp.o
                0x08002ae0                fp_itoa
 .text.fp_atoi  0x08002b3a       0x62 obj/my_fp.o
                0x08002b3a                fp_atoi
 .text._ZL6printsP8IPutCharPKcii
                0x08002b9c       0x86 obj/printf.o
 .text._ZL6printiP8IPutChariiiiii
                0x08002c22       0xae obj/printf.o
 .text._ZN13ExternPutChar7PutCharEc
                0x08002cd0        0xa obj/printf.o
                0x08002cd0                ExternPutChar::PutChar(char)
 .text._ZL7printfpP8IPutChariii
                0x08002cda       0x20 obj/printf.o
 *fill*         0x08002cfa        0x2 
 .text._ZL5printP8IPutCharPKcSt9__va_list
                0x08002cfc      0x16c obj/printf.o
 .text._Z6printfPKcz
                0x08002e68       0x28 obj/printf.o
                0x08002e68                printf(char const*, ...)
 .text._Z7fprintfP8IPutCharPKcz
                0x08002e90       0x1c obj/printf.o
                0x08002e90                fprintf(IPutChar*, char const*, ...)
 .text._Z41__static_initialization_and_destruction_0v
                0x08002eac       0x74 obj/anain.o
 .text._ZN5AnaIn5StartEv
                0x08002f20       0xec obj/anain.o
                0x08002f20                AnaIn::Start()
 .text._ZN5AnaIn7median3Eiii
                0x0800300c       0x24 obj/anain.o
                0x0800300c                AnaIn::median3(int, int, int)
 .text._ZN5AnaIn3GetEv
                0x08003030       0x44 obj/anain.o
                0x08003030                AnaIn::Get()
 .text._ZN5AnaIn13AdcChFromPortEmi
                0x08003074       0x44 obj/anain.o
                0x08003074                AnaIn::AdcChFromPort(unsigned long, int)
 .text._ZN5AnaIn9ConfigureEmh
                0x080030b8       0x38 obj/anain.o
                0x080030b8                AnaIn::Configure(unsigned long, unsigned char)
 .text._GLOBAL__sub_I__ZN5AnaIn13channel_arrayE
                0x080030f0        0x8 obj/anain.o
 .text._ZL15GetFlashAddressv
                0x080030f8       0x12 obj/param_save.o
 .text.parm_save
                0x0800310a       0xb6 obj/param_save.o
                0x0800310a                parm_save
 .text.parm_load
                0x080031c0       0x5c obj/param_save.o
                0x080031c0                parm_load
 .text._ZN12ErrorMessage7SetTimeEm
                0x0800321c        0xc obj/errormessage.o
                0x0800321c                ErrorMessage::SetTime(unsigned long)
 .text._ZN12ErrorMessage10PrintErrorEm17ERROR_MESSAGE_NUM
                0x08003228       0x2c obj/errormessage.o
                0x08003228                ErrorMessage::PrintError(unsigned long, ERROR_MESSAGE_NUM)
 .text._ZN12ErrorMessage14PrintAllErrorsEv
                0x08003254       0x3c obj/errormessage.o
                0x08003254                ErrorMessage::PrintAllErrors()
 .text._ZN8Stm32Can11SetBaudrateEN11CanHardware9baudratesE
                0x08003290       0x48 obj/stm32_can.o
                0x08003290                Stm32Can::SetBaudrate(CanHardware::baudrates)
 .text._ZN8Stm32Can4SendEmPmh
                0x080032d8       0x78 obj/stm32_can.o
                0x080032d8                Stm32Can::Send(unsigned long, unsigned long*, unsigned char)
 .text._ZN8Stm32Can12GetInterfaceEi
                0x08003350       0x14 obj/stm32_can.o
                0x08003350                Stm32Can::GetInterface(int)
 .text._ZN8Stm32Can13HandleMessageEi
                0x08003364       0x54 obj/stm32_can.o
                0x08003364                Stm32Can::HandleMessage(int)
 .text._ZN8Stm32Can8HandleTxEv
                0x080033b8       0x64 obj/stm32_can.o
                0x080033b8                Stm32Can::HandleTx()
 .text._ZN8Stm32Can13SetFilterBankERiS0_Pt
                0x0800341c       0x56 obj/stm32_can.o
                0x0800341c                Stm32Can::SetFilterBank(int&, int&, unsigned short*)
 .text._ZN8Stm32Can17SetFilterBankMaskERiS0_Pt
                0x08003472       0x5a obj/stm32_can.o
                0x08003472                Stm32Can::SetFilterBankMask(int&, int&, unsigned short*)
 .text._ZN8Stm32Can15SetFilterBank29ERiS0_Pm
                0x080034cc       0x38 obj/stm32_can.o
                0x080034cc                Stm32Can::SetFilterBank29(int&, int&, unsigned long*)
 .text._ZN8Stm32Can16ConfigureFiltersEv
                0x08003504      0x134 obj/stm32_can.o
                0x08003504                Stm32Can::ConfigureFilters()
 .text._ZN8Stm32CanC2EmN11CanHardware9baudratesEb
                0x08003638      0x174 obj/stm32_can.o
                0x08003638                Stm32Can::Stm32Can(unsigned long, CanHardware::baudrates, bool)
                0x08003638                Stm32Can::Stm32Can(unsigned long, CanHardware::baudrates, bool)
 .text.usb_lp_can_rx0_isr
                0x080037ac       0x10 obj/stm32_can.o
                0x080037ac                usb_lp_can_rx0_isr
 .text.can_rx1_isr
                0x080037bc       0x10 obj/stm32_can.o
                0x080037bc                can_rx1_isr
 .text.usb_hp_can_tx_isr
                0x080037cc        0xe obj/stm32_can.o
                0x080037cc                usb_hp_can_tx_isr
 .text.can2_rx0_isr
                0x080037da       0x10 obj/stm32_can.o
                0x080037da                can2_rx0_isr
 .text.can2_rx1_isr
                0x080037ea       0x10 obj/stm32_can.o
                0x080037ea                can2_rx1_isr
 .text.can2_tx_isr
                0x080037fa        0xe obj/stm32_can.o
                0x080037fa                can2_tx_isr
 .text._ZN12NullCallback8HandleRxEmPmh
                0x08003808        0x2 obj/canhardware.o
                0x08003808                NullCallback::HandleRx(unsigned long, unsigned long*, unsigned char)
 .text._ZN12NullCallback11HandleClearEv
                0x0800380a        0x2 obj/canhardware.o
                0x0800380a                NullCallback::HandleClear()
 .text._ZN11CanHardwareC2Ev
                0x0800380c       0x2c obj/canhardware.o
                0x0800380c                CanHardware::CanHardware()
                0x0800380c                CanHardware::CanHardware()
 .text._ZN11CanHardware11AddCallbackEP11CanCallback
                0x08003838       0x1e obj/canhardware.o
                0x08003838                CanHardware::AddCallback(CanCallback*)
 .text._ZN11CanHardware19RegisterUserMessageEmm
                0x08003856       0x46 obj/canhardware.o
                0x08003856                CanHardware::RegisterUserMessage(unsigned long, unsigned long)
 .text._ZN11CanHardware17ClearUserMessagesEv
                0x0800389c       0x2c obj/canhardware.o
                0x0800389c                CanHardware::ClearUserMessages()
 .text._ZN11CanHardware8HandleRxEmPmh
                0x080038c8       0x32 obj/canhardware.o
                0x080038c8                CanHardware::HandleRx(unsigned long, unsigned long*, unsigned char)
 .text._ZN6CanMap11HandleClearEv
                0x080038fa       0x32 obj/canmap.o
                0x080038fa                CanMap::HandleClear()
 .text._ZN6CanMap7SendAllEv
                0x0800392c      0x148 obj/canmap.o
                0x0800392c                CanMap::SendAll()
 .text._ZN6CanMap6RemoveEbhh
                0x08003a74       0xa4 obj/canmap.o
                0x08003a74                CanMap::Remove(bool, unsigned char, unsigned char)
 .text._ZN6CanMap6RemoveEN5Param9PARAM_NUME
                0x08003b18       0x80 obj/canmap.o
                0x08003b18                CanMap::Remove(Param::PARAM_NUM)
 .text._ZN6CanMap7FindMapEN5Param9PARAM_NUMERmRhRaRfS4_Rb
                0x08003b98       0x9a obj/canmap.o
                0x08003b98                CanMap::FindMap(Param::PARAM_NUM, unsigned long&, unsigned char&, signed char&, float&, signed char&, bool&)
 .text._ZN6CanMap6GetMapEbhhRm
                0x08003c32       0x6c obj/canmap.o
                0x08003c32                CanMap::GetMap(bool, unsigned char, unsigned char, unsigned long&)
 .text._ZN6CanMap13IterateCanMapEPFvN5Param9PARAM_NUMEmhafabE
                0x08003c9e       0x7a obj/canmap.o
                0x08003c9e                CanMap::IterateCanMap(void (*)(Param::PARAM_NUM, unsigned long, unsigned char, signed char, float, signed char, bool))
 .text._ZN6CanMap8ClearMapEPNS_8CANIDMAPE
                0x08003d18       0x30 obj/canmap.o
                0x08003d18                CanMap::ClearMap(CanMap::CANIDMAP*)
 .text._ZN6CanMap5ClearEv
                0x08003d48       0x1e obj/canmap.o
                0x08003d48                CanMap::Clear()
 .text._ZN6CanMap11SaveToFlashEmPmi
                0x08003d66       0x30 obj/canmap.o
                0x08003d66                CanMap::SaveToFlash(unsigned long, unsigned long*, int)
 .text._ZN6CanMap8FindByIdEPNS_8CANIDMAPEm
                0x08003d96       0x26 obj/canmap.o
                0x08003d96                CanMap::FindById(CanMap::CANIDMAP*, unsigned long)
 .text._ZN6CanMap8HandleRxEmPmh
                0x08003dbc      0x134 obj/canmap.o
                0x08003dbc                CanMap::HandleRx(unsigned long, unsigned long*, unsigned char)
 .text._ZN6CanMap3AddEPNS_8CANIDMAPEN5Param9PARAM_NUMEmhafa
                0x08003ef0      0x128 obj/canmap.o
                0x08003ef0                CanMap::Add(CanMap::CANIDMAP*, Param::PARAM_NUM, unsigned long, unsigned char, signed char, float, signed char)
 .text._ZN6CanMap7AddSendEN5Param9PARAM_NUMEmhafa
                0x08004018       0x32 obj/canmap.o
                0x08004018                CanMap::AddSend(Param::PARAM_NUM, unsigned long, unsigned char, signed char, float, signed char)
 .text._ZN6CanMap7AddRecvEN5Param9PARAM_NUMEmhafa
                0x0800404a       0x50 obj/canmap.o
                0x0800404a                CanMap::AddRecv(Param::PARAM_NUM, unsigned long, unsigned char, signed char, float, signed char)
 .text._ZZN6CanMap19LegacyLoadFromFlashEvENKUlPZNS_19LegacyLoadFromFlashEvE15LEGACY_CANIDMAPPNS_8CANIDMAPEbE_clES1_S3_b
                0x0800409a       0x9e obj/canmap.o
 .text._ZN6CanMap15GetFlashAddressEv
                0x08004138       0x12 obj/canmap.o
                0x08004138                CanMap::GetFlashAddress()
 .text._ZN6CanMap19LegacyLoadFromFlashEv
                0x0800414a       0x4a obj/canmap.o
                0x0800414a                CanMap::LegacyLoadFromFlash()
 .text._ZN6CanMap21ReplaceParamEnumByUidEPNS_8CANIDMAPE
                0x08004194       0x42 obj/canmap.o
                0x08004194                CanMap::ReplaceParamEnumByUid(CanMap::CANIDMAP*)
 .text._ZN6CanMap21ReplaceParamUidByEnumEPNS_8CANIDMAPE
                0x080041d6       0x40 obj/canmap.o
                0x080041d6                CanMap::ReplaceParamUidByEnum(CanMap::CANIDMAP*)
 *fill*         0x08004216        0x2 
 .text._ZN6CanMap4SaveEv
                0x08004218       0xbc obj/canmap.o
                0x08004218                CanMap::Save()
 .text._ZN6CanMap13LoadFromFlashEv
                0x080042d4       0x66 obj/canmap.o
                0x080042d4                CanMap::LoadFromFlash()
 *fill*         0x0800433a        0x2 
 .text._ZN6CanMapC2EP11CanHardwareb
                0x0800433c       0x48 obj/canmap.o
                0x0800433c                CanMap::CanMap(CanHardware*, bool)
                0x0800433c                CanMap::CanMap(CanHardware*, bool)
 .text._ZN16TerminalCommands11PrintCanMapEN5Param9PARAM_NUMEmhafab
                0x08004384       0x80 obj/terminalcommands.o
                0x08004384                TerminalCommands::PrintCanMap(Param::PARAM_NUM, unsigned long, unsigned char, signed char, float, signed char, bool)
 .text._ZN16TerminalCommands8ParamSetEP8TerminalPc
                0x08004404       0x70 obj/terminalcommands.o
                0x08004404                TerminalCommands::ParamSet(Terminal*, char*)
 .text._ZN16TerminalCommands8ParamGetEP8TerminalPc
                0x08004474       0x58 obj/terminalcommands.o
                0x08004474                TerminalCommands::ParamGet(Terminal*, char*)
 .text._ZN16TerminalCommands9ParamFlagEP8TerminalPc
                0x080044cc       0xa4 obj/terminalcommands.o
                0x080044cc                TerminalCommands::ParamFlag(Terminal*, char*)
 .text._ZN16TerminalCommands15PrintParamsJsonEP8IPutCharPc
                0x08004570      0x158 obj/terminalcommands.o
                0x08004570                TerminalCommands::PrintParamsJson(IPutChar*, char*)
 .text._ZN16TerminalCommands6MapCanEP8TerminalPc
                0x080046c8      0x21c obj/terminalcommands.o
                0x080046c8                TerminalCommands::MapCan(Terminal*, char*)
 .text._ZN16TerminalCommands14SaveParametersEP8TerminalPc
                0x080048e4       0x4c obj/terminalcommands.o
                0x080048e4                TerminalCommands::SaveParameters(Terminal*, char*)
 .text._ZN16TerminalCommands14LoadParametersEP8TerminalPc
                0x08004930       0x30 obj/terminalcommands.o
                0x08004930                TerminalCommands::LoadParameters(Terminal*, char*)
 .text._ZN16TerminalCommands5ResetEP8TerminalPc
                0x08004960        0x6 obj/terminalcommands.o
                0x08004960                TerminalCommands::Reset(Terminal*, char*)
 .text._ZN16TerminalCommands19ParamNamesToIndexesEPcPN5Param9PARAM_NUMEm
                0x08004966       0x48 obj/terminalcommands.o
                0x08004966                TerminalCommands::ParamNamesToIndexes(char*, Param::PARAM_NUM*, unsigned long)
 *fill*         0x080049ae        0x2 
 .text._ZN16TerminalCommands11ParamStreamEP8TerminalPc
                0x080049b0       0xb0 obj/terminalcommands.o
                0x080049b0                TerminalCommands::ParamStream(Terminal*, char*)
 .text._ZN6CanSdo7PutCharEc
                0x08004a60       0x1e obj/cansdo.o
                0x08004a60                CanSdo::PutChar(char)
 .text._ZThn4_N6CanSdo7PutCharEc
                0x08004a7e        0x8 obj/cansdo.o
                0x08004a7e                non-virtual thunk to CanSdo::PutChar(char)
 .text._ZN6CanSdo11HandleClearEv
                0x08004a86       0x28 obj/cansdo.o
                0x08004a86                CanSdo::HandleClear()
 *fill*         0x08004aae        0x2 
 .text._ZN6CanSdoC2EP11CanHardwareP6CanMap
                0x08004ab0       0x48 obj/cansdo.o
                0x08004ab0                CanSdo::CanSdo(CanHardware*, CanMap*)
                0x08004ab0                CanSdo::CanSdo(CanHardware*, CanMap*)
 .text._ZN6CanSdo9SetNodeIdEh
                0x08004af8        0xc obj/cansdo.o
                0x08004af8                CanSdo::SetNodeId(unsigned char)
 .text._ZN6CanSdo24ProcessSpecialSDOObjectsEPNS_7CAN_SDOE
                0x08004b04      0x124 obj/cansdo.o
                0x08004b04                CanSdo::ProcessSpecialSDOObjects(CanSdo::CAN_SDO*)
 .text._ZN6CanSdo18ReadOrDeleteCanMapEPNS_7CAN_SDOE
                0x08004c28       0xdc obj/cansdo.o
                0x08004c28                CanSdo::ReadOrDeleteCanMap(CanSdo::CAN_SDO*)
 .text._ZN6CanSdo9AddCanMapEPNS_7CAN_SDOEb
                0x08004d04       0xf4 obj/cansdo.o
                0x08004d04                CanSdo::AddCanMap(CanSdo::CAN_SDO*, bool)
 .text._ZN6CanSdo10ProcessSDOEPm
                0x08004df8      0x130 obj/cansdo.o
                0x08004df8                CanSdo::ProcessSDO(unsigned long*)
 .text._ZN6CanSdo8HandleRxEmPmh
                0x08004f28       0x36 obj/cansdo.o
                0x08004f28                CanSdo::HandleRx(unsigned long, unsigned long*, unsigned char)
 .text.adc_power_on
                0x08004f5e       0x10 libopencm3/lib\libopencm3_stm32f1.a(adc.o)
                0x08004f5e                adc_power_on
 *fill*         0x08004f6e        0x2 
 .text.adc_enable_temperature_sensor
                0x08004f70       0x14 libopencm3/lib\libopencm3_stm32f1.a(adc.o)
                0x08004f70                adc_enable_temperature_sensor
 .text.adc_enable_external_trigger_regular
                0x08004f84       0x14 libopencm3/lib\libopencm3_stm32f1.a(adc.o)
                0x08004f84                adc_enable_external_trigger_regular
 .text.adc_reset_calibration
                0x08004f98       0x14 libopencm3/lib\libopencm3_stm32f1.a(adc.o)
                0x08004f98                adc_reset_calibration
 .text.adc_calibrate_async
                0x08004fac        0xa libopencm3/lib\libopencm3_stm32f1.a(adc.o)
                0x08004fac                adc_calibrate_async
 .text.adc_is_calibrating
                0x08004fb6        0x8 libopencm3/lib\libopencm3_stm32f1.a(adc.o)
                0x08004fb6                adc_is_calibrating
 .text.adc_calibrate
                0x08004fbe       0x14 libopencm3/lib\libopencm3_stm32f1.a(adc.o)
                0x08004fbe                adc_calibrate
 .text.adc_set_sample_time_on_all_channels
                0x08004fd2       0x2a libopencm3/lib\libopencm3_stm32f1.a(adc.o)
                0x08004fd2                adc_set_sample_time_on_all_channels
 .text.adc_power_off
                0x08004ffc        0xa libopencm3/lib\libopencm3_stm32f1.a(adc_common_v1.o)
                0x08004ffc                adc_power_off
 .text.adc_enable_scan_mode
                0x08005006        0xa libopencm3/lib\libopencm3_stm32f1.a(adc_common_v1.o)
                0x08005006                adc_enable_scan_mode
 .text.adc_set_right_aligned
                0x08005010        0xa libopencm3/lib\libopencm3_stm32f1.a(adc_common_v1.o)
                0x08005010                adc_set_right_aligned
 .text.adc_set_continuous_conversion_mode
                0x0800501a        0xa libopencm3/lib\libopencm3_stm32f1.a(adc_common_v1.o)
                0x0800501a                adc_set_continuous_conversion_mode
 .text.adc_set_regular_sequence
                0x08005024       0x5c libopencm3/lib\libopencm3_stm32f1.a(adc_common_v1.o)
                0x08005024                adc_set_regular_sequence
 .text.adc_start_conversion_regular
                0x08005080       0x14 libopencm3/lib\libopencm3_stm32f1.a(adc_common_v1.o)
                0x08005080                adc_start_conversion_regular
 .text.adc_enable_dma
                0x08005094        0xa libopencm3/lib\libopencm3_stm32f1.a(adc_common_v1.o)
                0x08005094                adc_enable_dma
 *fill*         0x0800509e        0x2 
 .text.can_reset
                0x080050a0       0x18 libopencm3/lib\libopencm3_stm32f1.a(can.o)
                0x080050a0                can_reset
 .text.can_init
                0x080050b8      0x12a libopencm3/lib\libopencm3_stm32f1.a(can.o)
                0x080050b8                can_init
 *fill*         0x080051e2        0x2 
 .text.can_filter_init
                0x080051e4       0x98 libopencm3/lib\libopencm3_stm32f1.a(can.o)
                0x080051e4                can_filter_init
 .text.can_filter_id_mask_16bit_init
                0x0800527c       0x20 libopencm3/lib\libopencm3_stm32f1.a(can.o)
                0x0800527c                can_filter_id_mask_16bit_init
 .text.can_filter_id_list_16bit_init
                0x0800529c       0x20 libopencm3/lib\libopencm3_stm32f1.a(can.o)
                0x0800529c                can_filter_id_list_16bit_init
 .text.can_filter_id_list_32bit_init
                0x080052bc       0x1a libopencm3/lib\libopencm3_stm32f1.a(can.o)
                0x080052bc                can_filter_id_list_32bit_init
 .text.can_enable_irq
                0x080052d6        0x8 libopencm3/lib\libopencm3_stm32f1.a(can.o)
                0x080052d6                can_enable_irq
 .text.can_disable_irq
                0x080052de        0xa libopencm3/lib\libopencm3_stm32f1.a(can.o)
                0x080052de                can_disable_irq
 .text.can_transmit
                0x080052e8       0xca libopencm3/lib\libopencm3_stm32f1.a(can.o)
                0x080052e8                can_transmit
 .text.can_fifo_release
                0x080053b2       0x16 libopencm3/lib\libopencm3_stm32f1.a(can.o)
                0x080053b2                can_fifo_release
 .text.can_fifo_pending
                0x080053c8        0xe libopencm3/lib\libopencm3_stm32f1.a(can.o)
                0x080053c8                can_fifo_pending
 .text.can_receive
                0x080053d6       0xb8 libopencm3/lib\libopencm3_stm32f1.a(can.o)
                0x080053d6                can_receive
 *fill*         0x0800548e        0x2 
 .text.crc_reset
                0x08005490       0x10 libopencm3/lib\libopencm3_stm32f1.a(crc_common_all.o)
                0x08005490                crc_reset
 .text.crc_calculate
                0x080054a0        0xc libopencm3/lib\libopencm3_stm32f1.a(crc_common_all.o)
                0x080054a0                crc_calculate
 .text.crc_calculate_block
                0x080054ac       0x1c libopencm3/lib\libopencm3_stm32f1.a(crc_common_all.o)
                0x080054ac                crc_calculate_block
 .text.desig_get_flash_size
                0x080054c8        0xc libopencm3/lib\libopencm3_stm32f1.a(desig_common_v1.o)
                0x080054c8                desig_get_flash_size
 .text.dma_channel_reset
                0x080054d4       0x20 libopencm3/lib\libopencm3_stm32f1.a(dma_common_l1f013.o)
                0x080054d4                dma_channel_reset
 .text.dma_clear_interrupt_flags
                0x080054f4        0xa libopencm3/lib\libopencm3_stm32f1.a(dma_common_l1f013.o)
                0x080054f4                dma_clear_interrupt_flags
 .text.dma_get_interrupt_flag
                0x080054fe       0x12 libopencm3/lib\libopencm3_stm32f1.a(dma_common_l1f013.o)
                0x080054fe                dma_get_interrupt_flag
 .text.dma_set_memory_size
                0x08005510       0x18 libopencm3/lib\libopencm3_stm32f1.a(dma_common_l1f013.o)
                0x08005510                dma_set_memory_size
 .text.dma_set_peripheral_size
                0x08005528       0x18 libopencm3/lib\libopencm3_stm32f1.a(dma_common_l1f013.o)
                0x08005528                dma_set_peripheral_size
 .text.dma_enable_memory_increment_mode
                0x08005540       0x12 libopencm3/lib\libopencm3_stm32f1.a(dma_common_l1f013.o)
                0x08005540                dma_enable_memory_increment_mode
 .text.dma_enable_circular_mode
                0x08005552       0x1a libopencm3/lib\libopencm3_stm32f1.a(dma_common_l1f013.o)
                0x08005552                dma_enable_circular_mode
 .text.dma_set_read_from_memory
                0x0800556c       0x12 libopencm3/lib\libopencm3_stm32f1.a(dma_common_l1f013.o)
                0x0800556c                dma_set_read_from_memory
 .text.dma_enable_channel
                0x0800557e       0x12 libopencm3/lib\libopencm3_stm32f1.a(dma_common_l1f013.o)
                0x0800557e                dma_enable_channel
 .text.dma_disable_channel
                0x08005590       0x12 libopencm3/lib\libopencm3_stm32f1.a(dma_common_l1f013.o)
                0x08005590                dma_disable_channel
 .text.dma_set_peripheral_address
                0x080055a2       0x12 libopencm3/lib\libopencm3_stm32f1.a(dma_common_l1f013.o)
                0x080055a2                dma_set_peripheral_address
 .text.dma_set_memory_address
                0x080055b4       0x12 libopencm3/lib\libopencm3_stm32f1.a(dma_common_l1f013.o)
                0x080055b4                dma_set_memory_address
 .text.dma_get_number_of_data
                0x080055c6        0xe libopencm3/lib\libopencm3_stm32f1.a(dma_common_l1f013.o)
                0x080055c6                dma_get_number_of_data
 .text.dma_set_number_of_data
                0x080055d4        0xc libopencm3/lib\libopencm3_stm32f1.a(dma_common_l1f013.o)
                0x080055d4                dma_set_number_of_data
 .text.flash_get_status_flags
                0x080055e0       0x20 libopencm3/lib\libopencm3_stm32f1.a(flash.o)
                0x080055e0                flash_get_status_flags
 .text.flash_program_half_word
                0x08005600       0x64 libopencm3/lib\libopencm3_stm32f1.a(flash.o)
                0x08005600                flash_program_half_word
 .text.flash_erase_page
                0x08005664       0x74 libopencm3/lib\libopencm3_stm32f1.a(flash.o)
                0x08005664                flash_erase_page
 .text.flash_set_ws
                0x080056d8       0x14 libopencm3/lib\libopencm3_stm32f1.a(flash_common_all.o)
                0x080056d8                flash_set_ws
 .text.flash_unlock
                0x080056ec       0x18 libopencm3/lib\libopencm3_stm32f1.a(flash_common_f.o)
                0x080056ec                flash_unlock
 .text.flash_lock
                0x08005704       0x10 libopencm3/lib\libopencm3_stm32f1.a(flash_common_f.o)
                0x08005704                flash_lock
 .text.flash_wait_for_last_operation
                0x08005714        0xc libopencm3/lib\libopencm3_stm32f1.a(flash_common_f01.o)
                0x08005714                flash_wait_for_last_operation
 .text.flash_program_word
                0x08005720       0x18 libopencm3/lib\libopencm3_stm32f1.a(flash_common_f01.o)
                0x08005720                flash_program_word
 .text.gpio_set_mode
                0x08005738       0x5e libopencm3/lib\libopencm3_stm32f1.a(gpio.o)
                0x08005738                gpio_set_mode
 *fill*         0x08005796        0x2 
 .text.gpio_primary_remap
                0x08005798       0x14 libopencm3/lib\libopencm3_stm32f1.a(gpio.o)
                0x08005798                gpio_primary_remap
 .text.gpio_set
                0x080057ac        0x4 libopencm3/lib\libopencm3_stm32f1.a(gpio_common_all.o)
                0x080057ac                gpio_set
 .text.gpio_clear
                0x080057b0        0x6 libopencm3/lib\libopencm3_stm32f1.a(gpio_common_all.o)
                0x080057b0                gpio_clear
 .text.gpio_toggle
                0x080057b6       0x12 libopencm3/lib\libopencm3_stm32f1.a(gpio_common_all.o)
                0x080057b6                gpio_toggle
 .text.iwdg_reset
                0x080057c8       0x10 libopencm3/lib\libopencm3_stm32f1.a(iwdg_common_all.o)
                0x080057c8                iwdg_reset
 .text.rcc_is_osc_ready
                0x080057d8       0x58 libopencm3/lib\libopencm3_stm32f1.a(rcc.o)
                0x080057d8                rcc_is_osc_ready
 .text.rcc_wait_for_osc_ready
                0x08005830       0x10 libopencm3/lib\libopencm3_stm32f1.a(rcc.o)
                0x08005830                rcc_wait_for_osc_ready
 .text.rcc_osc_on
                0x08005840       0x60 libopencm3/lib\libopencm3_stm32f1.a(rcc.o)
                0x08005840                rcc_osc_on
 .text.rcc_set_sysclk_source
                0x080058a0       0x14 libopencm3/lib\libopencm3_stm32f1.a(rcc.o)
                0x080058a0                rcc_set_sysclk_source
 .text.rcc_set_pll_multiplication_factor
                0x080058b4       0x14 libopencm3/lib\libopencm3_stm32f1.a(rcc.o)
                0x080058b4                rcc_set_pll_multiplication_factor
 .text.rcc_set_pll2_multiplication_factor
                0x080058c8       0x14 libopencm3/lib\libopencm3_stm32f1.a(rcc.o)
                0x080058c8                rcc_set_pll2_multiplication_factor
 .text.rcc_set_pll3_multiplication_factor
                0x080058dc       0x14 libopencm3/lib\libopencm3_stm32f1.a(rcc.o)
                0x080058dc                rcc_set_pll3_multiplication_factor
 .text.rcc_set_pll_source
                0x080058f0       0x14 libopencm3/lib\libopencm3_stm32f1.a(rcc.o)
                0x080058f0                rcc_set_pll_source
 .text.rcc_set_pllxtpre
                0x08005904       0x14 libopencm3/lib\libopencm3_stm32f1.a(rcc.o)
                0x08005904                rcc_set_pllxtpre
 .text.rcc_rtc_clock_enabled_flag
                0x08005918       0x10 libopencm3/lib\libopencm3_stm32f1.a(rcc.o)
                0x08005918                rcc_rtc_clock_enabled_flag
 .text.rcc_enable_rtc_clock
                0x08005928       0x10 libopencm3/lib\libopencm3_stm32f1.a(rcc.o)
                0x08005928                rcc_enable_rtc_clock
 .text.rcc_set_rtc_clock_source
                0x08005938       0x84 libopencm3/lib\libopencm3_stm32f1.a(rcc.o)
                0x08005938                rcc_set_rtc_clock_source
 .text.rcc_set_adcpre
                0x080059bc       0x14 libopencm3/lib\libopencm3_stm32f1.a(rcc.o)
                0x080059bc                rcc_set_adcpre
 .text.rcc_set_ppre2
                0x080059d0       0x14 libopencm3/lib\libopencm3_stm32f1.a(rcc.o)
                0x080059d0                rcc_set_ppre2
 .text.rcc_set_ppre1
                0x080059e4       0x14 libopencm3/lib\libopencm3_stm32f1.a(rcc.o)
                0x080059e4                rcc_set_ppre1
 .text.rcc_set_hpre
                0x080059f8       0x14 libopencm3/lib\libopencm3_stm32f1.a(rcc.o)
                0x080059f8                rcc_set_hpre
 .text.rcc_set_usbpre
                0x08005a0c       0x18 libopencm3/lib\libopencm3_stm32f1.a(rcc.o)
                0x08005a0c                rcc_set_usbpre
 .text.rcc_set_prediv1
                0x08005a24       0x14 libopencm3/lib\libopencm3_stm32f1.a(rcc.o)
                0x08005a24                rcc_set_prediv1
 .text.rcc_set_prediv2
                0x08005a38       0x14 libopencm3/lib\libopencm3_stm32f1.a(rcc.o)
                0x08005a38                rcc_set_prediv2
 .text.rcc_set_prediv1_source
                0x08005a4c       0x18 libopencm3/lib\libopencm3_stm32f1.a(rcc.o)
                0x08005a4c                rcc_set_prediv1_source
 .text.rcc_clock_setup_pll
                0x08005a64       0xbc libopencm3/lib\libopencm3_stm32f1.a(rcc.o)
                0x08005a64                rcc_clock_setup_pll
 .text.rcc_periph_clock_enable
                0x08005b20       0x1a libopencm3/lib\libopencm3_stm32f1.a(rcc_common_all.o)
                0x08005b20                rcc_periph_clock_enable
 .text.rcc_periph_reset_pulse
                0x08005b3a       0x22 libopencm3/lib\libopencm3_stm32f1.a(rcc_common_all.o)
                0x08005b3a                rcc_periph_reset_pulse
 .text.rtc_enter_config_mode
                0x08005b5c       0x1c libopencm3/lib\libopencm3_stm32f1.a(rtc.o)
                0x08005b5c                rtc_enter_config_mode
 .text.rtc_exit_config_mode
                0x08005b78       0x1c libopencm3/lib\libopencm3_stm32f1.a(rtc.o)
                0x08005b78                rtc_exit_config_mode
 .text.rtc_awake_from_off
                0x08005b94       0x6c libopencm3/lib\libopencm3_stm32f1.a(rtc.o)
                0x08005b94                rtc_awake_from_off
 .text.rtc_set_prescale_val
                0x08005c00       0x24 libopencm3/lib\libopencm3_stm32f1.a(rtc.o)
                0x08005c00                rtc_set_prescale_val
 .text.rtc_get_counter_val
                0x08005c24       0x14 libopencm3/lib\libopencm3_stm32f1.a(rtc.o)
                0x08005c24                rtc_get_counter_val
 .text.rtc_set_counter_val
                0x08005c38       0x20 libopencm3/lib\libopencm3_stm32f1.a(rtc.o)
                0x08005c38                rtc_set_counter_val
 .text.rtc_awake_from_standby
                0x08005c58       0x3c libopencm3/lib\libopencm3_stm32f1.a(rtc.o)
                0x08005c58                rtc_awake_from_standby
 .text.rtc_auto_awake
                0x08005c94       0x34 libopencm3/lib\libopencm3_stm32f1.a(rtc.o)
                0x08005c94                rtc_auto_awake
 .text.timer_enable_irq
                0x08005cc8        0x8 libopencm3/lib\libopencm3_stm32f1.a(timer_common_all.o)
                0x08005cc8                timer_enable_irq
 .text.timer_get_flag
                0x08005cd0        0xc libopencm3/lib\libopencm3_stm32f1.a(timer_common_all.o)
                0x08005cd0                timer_get_flag
 .text.timer_clear_flag
                0x08005cdc        0x6 libopencm3/lib\libopencm3_stm32f1.a(timer_common_all.o)
                0x08005cdc                timer_clear_flag
 .text.timer_enable_preload
                0x08005ce2        0xa libopencm3/lib\libopencm3_stm32f1.a(timer_common_all.o)
                0x08005ce2                timer_enable_preload
 .text.timer_direction_up
                0x08005cec        0xa libopencm3/lib\libopencm3_stm32f1.a(timer_common_all.o)
                0x08005cec                timer_direction_up
 .text.timer_enable_counter
                0x08005cf6        0xa libopencm3/lib\libopencm3_stm32f1.a(timer_common_all.o)
                0x08005cf6                timer_enable_counter
 .text.timer_disable_counter
                0x08005d00        0xa libopencm3/lib\libopencm3_stm32f1.a(timer_common_all.o)
                0x08005d00                timer_disable_counter
 .text.timer_set_prescaler
                0x08005d0a        0x4 libopencm3/lib\libopencm3_stm32f1.a(timer_common_all.o)
                0x08005d0a                timer_set_prescaler
 .text.timer_set_period
                0x08005d0e        0x4 libopencm3/lib\libopencm3_stm32f1.a(timer_common_all.o)
                0x08005d0e                timer_set_period
 .text.timer_set_oc_mode
                0x08005d12      0x18c libopencm3/lib\libopencm3_stm32f1.a(timer_common_all.o)
                0x08005d12                timer_set_oc_mode
 .text.timer_set_oc_value
                0x08005e9e       0x20 libopencm3/lib\libopencm3_stm32f1.a(timer_common_all.o)
                0x08005e9e                timer_set_oc_value
 .text.timer_get_counter
                0x08005ebe        0x4 libopencm3/lib\libopencm3_stm32f1.a(timer_common_all.o)
                0x08005ebe                timer_get_counter
 .text.timer_set_counter
                0x08005ec2        0x4 libopencm3/lib\libopencm3_stm32f1.a(timer_common_all.o)
                0x08005ec2                timer_set_counter
 *fill*         0x08005ec6        0x2 
 .text.usart_set_baudrate
                0x08005ec8       0x28 libopencm3/lib\libopencm3_stm32f1.a(usart_common_all.o)
                0x08005ec8                usart_set_baudrate
 .text.usart_set_databits
                0x08005ef0       0x12 libopencm3/lib\libopencm3_stm32f1.a(usart_common_all.o)
                0x08005ef0                usart_set_databits
 .text.usart_set_stopbits
                0x08005f02        0xc libopencm3/lib\libopencm3_stm32f1.a(usart_common_all.o)
                0x08005f02                usart_set_stopbits
 .text.usart_set_parity
                0x08005f0e        0xc libopencm3/lib\libopencm3_stm32f1.a(usart_common_all.o)
                0x08005f0e                usart_set_parity
 .text.usart_set_mode
                0x08005f1a        0xc libopencm3/lib\libopencm3_stm32f1.a(usart_common_all.o)
                0x08005f1a                usart_set_mode
 .text.usart_set_flow_control
                0x08005f26        0xc libopencm3/lib\libopencm3_stm32f1.a(usart_common_all.o)
                0x08005f26                usart_set_flow_control
 .text.usart_enable
                0x08005f32        0xa libopencm3/lib\libopencm3_stm32f1.a(usart_common_all.o)
                0x08005f32                usart_enable
 .text.usart_send_blocking
                0x08005f3c       0x16 libopencm3/lib\libopencm3_stm32f1.a(usart_common_all.o)
                0x08005f3c                usart_send_blocking
 .text.usart_enable_rx_dma
                0x08005f52        0xa libopencm3/lib\libopencm3_stm32f1.a(usart_common_all.o)
                0x08005f52                usart_enable_rx_dma
 .text.usart_enable_tx_dma
                0x08005f5c        0xa libopencm3/lib\libopencm3_stm32f1.a(usart_common_all.o)
                0x08005f5c                usart_enable_tx_dma
 .text.usart_send
                0x08005f66        0x8 libopencm3/lib\libopencm3_stm32f1.a(usart_common_f124.o)
                0x08005f66                usart_send
 .text.usart_recv
                0x08005f6e        0x8 libopencm3/lib\libopencm3_stm32f1.a(usart_common_f124.o)
                0x08005f6e                usart_recv
 .text.usart_wait_send_ready
                0x08005f76        0x8 libopencm3/lib\libopencm3_stm32f1.a(usart_common_f124.o)
                0x08005f76                usart_wait_send_ready
 .text.usart_get_flag
                0x08005f7e        0xc libopencm3/lib\libopencm3_stm32f1.a(usart_common_f124.o)
                0x08005f7e                usart_get_flag
 .text.blocking_handler
                0x08005f8a        0x2 libopencm3/lib\libopencm3_stm32f1.a(vector.o)
                0x08005f8a                usart3_isr
                0x08005f8a                rtc_isr
                0x08005f8a                tim7_isr
                0x08005f8a                adc1_2_isr
                0x08005f8a                tim1_trg_com_isr
                0x08005f8a                tim6_isr
                0x08005f8a                usb_wakeup_isr
                0x08005f8a                blocking_handler
                0x08005f8a                tim5_isr
                0x08005f8a                otg_fs_isr
                0x08005f8a                spi1_isr
                0x08005f8a                exti2_isr
                0x08005f8a                dma1_channel6_isr
                0x08005f8a                dma1_channel5_isr
                0x08005f8a                dma2_channel5_isr
                0x08005f8a                usart1_isr
                0x08005f8a                usage_fault_handler
                0x08005f8a                tim8_trg_com_isr
                0x08005f8a                tim1_brk_isr
                0x08005f8a                tim1_cc_isr
                0x08005f8a                sdio_isr
                0x08005f8a                eth_isr
                0x08005f8a                dma1_channel4_isr
                0x08005f8a                tim8_brk_isr
                0x08005f8a                dma2_channel4_5_isr
                0x08005f8a                pvd_isr
                0x08005f8a                rcc_isr
                0x08005f8a                flash_isr
                0x08005f8a                uart4_isr
                0x08005f8a                rtc_alarm_isr
                0x08005f8a                exti15_10_isr
                0x08005f8a                hard_fault_handler
                0x08005f8a                exti1_isr
                0x08005f8a                i2c1_ev_isr
                0x08005f8a                dma2_channel1_isr
                0x08005f8a                spi2_isr
                0x08005f8a                tim8_up_isr
                0x08005f8a                dma2_channel2_isr
                0x08005f8a                exti3_isr
                0x08005f8a                adc3_isr
                0x08005f8a                tim3_isr
                0x08005f8a                usart2_isr
                0x08005f8a                i2c2_er_isr
                0x08005f8a                i2c2_ev_isr
                0x08005f8a                uart5_isr
                0x08005f8a                fsmc_isr
                0x08005f8a                dma1_channel1_isr
                0x08005f8a                exti4_isr
                0x08005f8a                mem_manage_handler
                0x08005f8a                exti9_5_isr
                0x08005f8a                dma2_channel3_isr
                0x08005f8a                dma1_channel7_isr
                0x08005f8a                tim1_up_isr
                0x08005f8a                can2_sce_isr
                0x08005f8a                tim4_isr
                0x08005f8a                dma1_channel2_isr
                0x08005f8a                i2c1_er_isr
                0x08005f8a                can_sce_isr
                0x08005f8a                tim8_cc_isr
                0x08005f8a                tamper_isr
                0x08005f8a                eth_wkup_isr
                0x08005f8a                bus_fault_handler
                0x08005f8a                wwdg_isr
                0x08005f8a                dma1_channel3_isr
                0x08005f8a                spi3_isr
                0x08005f8a                exti0_isr
 .text.null_handler
                0x08005f8c        0x2 libopencm3/lib\libopencm3_stm32f1.a(vector.o)
                0x08005f8c                sv_call_handler
                0x08005f8c                pend_sv_handler
                0x08005f8c                debug_monitor_handler
                0x08005f8c                sys_tick_handler
                0x08005f8c                nmi_handler
                0x08005f8c                null_handler
 *fill*         0x08005f8e        0x2 
 .text.reset_handler
                0x08005f90       0xc8 libopencm3/lib\libopencm3_stm32f1.a(vector.o)
                0x08005f90                reset_handler
 .text.scb_reset_system
                0x08006058       0x10 libopencm3/lib\libopencm3_stm32f1.a(scb.o)
                0x08006058                scb_reset_system
 .text.nvic_enable_irq
                0x08006068       0x18 libopencm3/lib\libopencm3_stm32f1.a(nvic.o)
                0x08006068                nvic_enable_irq
 .text.nvic_set_priority
                0x08006080       0x20 libopencm3/lib\libopencm3_stm32f1.a(nvic.o)
                0x08006080                nvic_set_priority
 .text.pwr_disable_backup_domain_write_protect
                0x080060a0       0x10 libopencm3/lib\libopencm3_stm32f1.a(pwr_common_v1.o)
                0x080060a0                pwr_disable_backup_domain_write_protect
 .text          0x080060b0      0x378 C:/msys64/mingw64/bin/../lib/gcc/arm-none-eabi/13.3.0/thumb/v7/nofp\libgcc.a(_arm_addsubdf3.o)
                0x080060b0                __aeabi_drsub
                0x080060b8                __aeabi_dsub
                0x080060b8                __subdf3
                0x080060bc                __aeabi_dadd
                0x080060bc                __adddf3
                0x08006334                __floatunsidf
                0x08006334                __aeabi_ui2d
                0x08006354                __floatsidf
                0x08006354                __aeabi_i2d
                0x08006378                __aeabi_f2d
                0x08006378                __extendsfdf2
                0x080063bc                __floatundidf
                0x080063bc                __aeabi_ul2d
                0x080063cc                __floatdidf
                0x080063cc                __aeabi_l2d
 .text          0x08006428      0x424 C:/msys64/mingw64/bin/../lib/gcc/arm-none-eabi/13.3.0/thumb/v7/nofp\libgcc.a(_arm_muldivdf3.o)
                0x08006428                __aeabi_dmul
                0x08006428                __muldf3
                0x0800667c                __divdf3
                0x0800667c                __aeabi_ddiv
 .text          0x0800684c       0xa0 C:/msys64/mingw64/bin/../lib/gcc/arm-none-eabi/13.3.0/thumb/v7/nofp\libgcc.a(_arm_truncdfsf2.o)
                0x0800684c                __truncdfsf2
                0x0800684c                __aeabi_d2f
 .text          0x080068ec      0x21c C:/msys64/mingw64/bin/../lib/gcc/arm-none-eabi/13.3.0/thumb/v7/nofp\libgcc.a(_arm_addsubsf3.o)
                0x080068ec                __aeabi_frsub
                0x080068f4                __subsf3
                0x080068f4                __aeabi_fsub
                0x080068f8                __aeabi_fadd
                0x080068f8                __addsf3
                0x08006a58                __aeabi_ui2f
                0x08006a58                __floatunsisf
                0x08006a60                __aeabi_i2f
                0x08006a60                __floatsisf
                0x08006a7c                __aeabi_ul2f
                0x08006a7c                __floatundisf
                0x08006a8c                __aeabi_l2f
                0x08006a8c                __floatdisf
 .text          0x08006b08      0x2a0 C:/msys64/mingw64/bin/../lib/gcc/arm-none-eabi/13.3.0/thumb/v7/nofp\libgcc.a(_arm_muldivsf3.o)
                0x08006b08                __mulsf3
                0x08006b08                __aeabi_fmul
                0x08006c70                __aeabi_fdiv
                0x08006c70                __divsf3
 .text          0x08006da8       0x4c C:/msys64/mingw64/bin/../lib/gcc/arm-none-eabi/13.3.0/thumb/v7/nofp\libgcc.a(_arm_fixsfsi.o)
                0x08006da8                __aeabi_f2iz
                0x08006da8                __fixsfsi
                0x08006df4                        . = ALIGN (0x4)
 *(.rodata*)
 .rodata._ZTV11CanCallback
                0x08006df4       0x10 obj/main.o
                0x08006df4                vtable for CanCallback
 .rodata._ZTV23FunctionPointerCallback
                0x08006e04       0x10 obj/main.o
                0x08006e04                vtable for FunctionPointerCallback
 .rodata._ZN14Stm32Scheduler5ocMapE
                0x08006e14        0x4 obj/stm32scheduler.o
                0x08006e14                Stm32Scheduler::ocMap
 .rodata.str1.4
                0x08006e18      0x7dd obj/params.o
                                0x296 (size before relaxing)
 *fill*         0x080075f5        0x3 
 .rodata._ZN5ParamL7attribsE
                0x080075f8      0x47c obj/params.o
 .rodata._ZN8Terminal10EnableUartEPc.str1.4
                0x08007a74        0x5 obj/terminal.o
 .rodata._ZN8Terminal8FastUartEPc.str1.4
                0x08007a74       0x1b obj/terminal.o
 .rodata._ZN8Terminal4EchoEPc.str1.4
                0x08007a74       0x17 obj/terminal.o
 .rodata._ZN8Terminal3RunEv.str1.4
                0x08007a74       0x3b obj/terminal.o
 .rodata._ZTV8IPutChar
                0x08007a74        0xc obj/terminal.o
                0x08007a74                vtable for IPutChar
 .rodata._ZTV8Terminal
                0x08007a80        0xc obj/terminal.o
                0x08007a80                vtable for Terminal
 .rodata._ZN8Terminal6hwInfoE
                0x08007a8c       0x70 obj/terminal.o
                0x08007a8c                Terminal::hwInfo
 .rodata._ZL11PrintSerialP8TerminalPc.str1.4
                0x08007afc       0x11 obj/terminal_prj.o
 .rodata._ZL12LoadDefaultsP8TerminalPc.str1.4
                0x08007afc       0x12 obj/terminal_prj.o
 .rodata.str1.4
                0x08007afc       0x5f obj/terminal_prj.o
 .rodata.termCmds
                0x08007afc       0x70 obj/terminal_prj.o
                0x08007afc                termCmds
 .rodata._ZL5printP8IPutCharPKcSt9__va_list.str1.4
                0x08007b6c        0x7 obj/printf.o
 .rodata._ZTV13ExternPutChar
                0x08007b6c        0xc obj/printf.o
                0x08007b6c                vtable for ExternPutChar
 .rodata        0x08007b78        0x8 obj/anain.o
 .rodata._ZN12ErrorMessage10PrintErrorEm17ERROR_MESSAGE_NUM.str1.4
                0x08007b80       0x10 obj/errormessage.o
 .rodata._ZN12ErrorMessage14PrintAllErrorsEv.str1.4
                0x08007b80        0xc obj/errormessage.o
 .rodata.str1.4
                0x08007b80       0x57 obj/errormessage.o
 .rodata._ZL5types
                0x08007b80        0xc obj/errormessage.o
 .rodata._ZL16errorDescriptors
                0x08007b8c       0x18 obj/errormessage.o
 .rodata._ZTV8Stm32Can
                0x08007ba4       0x14 obj/stm32_can.o
                0x08007ba4                vtable for Stm32Can
 .rodata._ZL8canSpeed
                0x08007bb8       0x3c obj/stm32_can.o
 .rodata        0x08007bf4        0x8 obj/stm32_can.o
 .rodata._ZTV11CanHardware
                0x08007bfc       0x14 obj/canhardware.o
                0x08007bfc                vtable for CanHardware
 .rodata._ZTV12NullCallback
                0x08007c10       0x10 obj/canhardware.o
                0x08007c10                vtable for NullCallback
 .rodata._ZTV6CanMap
                0x08007c20       0x10 obj/canmap.o
                0x08007c20                vtable for CanMap
 .rodata._ZN16TerminalCommands11PrintCanMapEN5Param9PARAM_NUMEmhafab.str1.4
                0x08007c30       0x24 obj/terminalcommands.o
 .rodata._ZN16TerminalCommands8ParamSetEP8TerminalPc.str1.4
                0x08007c30       0x57 obj/terminalcommands.o
 .rodata._ZN16TerminalCommands8ParamGetEP8TerminalPc.str1.4
                0x08007c30       0x22 obj/terminalcommands.o
 .rodata._ZN16TerminalCommands9ParamFlagEP8TerminalPc.str1.4
                0x08007c30       0x39 obj/terminalcommands.o
 .rodata._ZN16TerminalCommands15PrintParamsJsonEP8IPutCharPc.str1.4
                0x08007c30      0x13a obj/terminalcommands.o
 .rodata._ZN16TerminalCommands6MapCanEP8TerminalPc.str1.4
                0x08007c30      0x116 obj/terminalcommands.o
 .rodata._ZN16TerminalCommands14SaveParametersEP8TerminalPc.str1.4
                0x08007c30       0x6f obj/terminalcommands.o
 .rodata._ZN16TerminalCommands14LoadParametersEP8TerminalPc.str1.4
                0x08007c30       0x2a obj/terminalcommands.o
 .rodata._ZN16TerminalCommands11ParamStreamEP8TerminalPc.str1.4
                0x08007c30       0x2f obj/terminalcommands.o
 .rodata._ZTV6CanSdo
                0x08007c30       0x20 obj/cansdo.o
                0x08007c30                vtable for CanSdo
 .rodata.rcc_hse_configs
                0x08007c50       0x8c libopencm3/lib\libopencm3_stm32f1.a(rcc.o)
                0x08007c50                rcc_hse_configs
                0x08007d6c                        . = ALIGN (0x4)

.glue_7         0x08007cdc        0x0
 .glue_7        0x08007cdc        0x0 linker stubs

.glue_7t        0x08007cdc        0x0
 .glue_7t       0x08007cdc        0x0 linker stubs

.vfp11_veneer   0x08007cdc        0x0
 .vfp11_veneer  0x08007cdc        0x0 linker stubs

.v4_bx          0x08007cdc        0x0
 .v4_bx         0x08007cdc        0x0 linker stubs

.iplt           0x08007cdc        0x0
 .iplt          0x08007cdc        0x0 obj/main.o

.rel.dyn        0x08007cdc        0x0
 .rel.iplt      0x08007cdc        0x0 obj/main.o

.preinit_array  0x08007cdc        0x0
                0x08007cdc                        . = ALIGN (0x4)
                0x08007cdc                        __preinit_array_start = .
 *(.preinit_array)
                0x08007cdc                        __preinit_array_end = .

.init_array     0x08007cdc        0x4
                0x08007cdc                        . = ALIGN (0x4)
                0x08007cdc                        __init_array_start = .
 *(SORT_BY_NAME(.init_array.*))
 *(.init_array)
 .init_array    0x08007cdc        0x4 obj/anain.o
                0x08007ce0                        __init_array_end = .

.fini_array     0x08007ce0        0x0
                0x08007ce0                        . = ALIGN (0x4)
                0x08007ce0                        __fini_array_start = .
 *(.fini_array)
 *(SORT_BY_NAME(.fini_array.*))
                0x08007ce0                        __fini_array_end = .

.ARM.extab
 *(.ARM.extab*)

.ARM.exidx      0x08007ce0        0x0
                0x08007ce0                        __exidx_start = .
 *(.ARM.exidx*)
                0x08007ce0                        __exidx_end = .
                0x08007ce0                        . = ALIGN (0x4)
                0x08007ce0                        _etext = .

.noinit
 *(.noinit*)
                0x08007ce0                        . = ALIGN (0x4)

.data           0x20000000       0xe0 load address 0x08007ce0
                0x20000000                        _data = .
 *(.data*)
 .data.analogGain
                0x20000000        0x4 obj/main.o
                0x20000000                analogGain
 .data.uauxGain
                0x20000004        0x4 obj/main.o
                0x20000004                uauxGain
 .data._ZN5ParamL6valuesE
                0x20000008       0xa4 obj/params.o
 .data.errorBuffer
                0x200000ac       0x20 obj/errormessage.o
                0x200000ac                errorBuffer
 .data._ZL12nullCallback
                0x200000cc        0x4 obj/canhardware.o
 .data._ZN16TerminalCommands11saveEnabledE
                0x200000d0        0x1 obj/terminalcommands.o
                0x200000d0                TerminalCommands::saveEnabled
 *fill*         0x200000d1        0x3 
 .data.rcc_ahb_frequency
                0x200000d4        0x4 libopencm3/lib\libopencm3_stm32f1.a(rcc.o)
                0x200000d4                rcc_ahb_frequency
 .data.rcc_apb2_frequency
                0x200000d8        0x4 libopencm3/lib\libopencm3_stm32f1.a(rcc.o)
                0x200000d8                rcc_apb2_frequency
 .data.rcc_apb1_frequency
                0x200000dc        0x4 libopencm3/lib\libopencm3_stm32f1.a(rcc.o)
                0x200000dc                rcc_apb1_frequency
 *(.ramtext*)
                0x200000e0                        . = ALIGN (0x4)
                0x200000e0                        _edata = .
                0x08007ce0                        _data_loadaddr = LOADADDR (.data)

.igot.plt       0x200000e0        0x0 load address 0x08007dc0
 .igot.plt      0x200000e0        0x0 obj/main.o

.bss            0x200000e0      0x210 load address 0x08007dc0
 *(.bss*)
 .bss.Gcount    0x200000e0        0x1 obj/main.o
                0x200000e0                Gcount
 *fill*         0x200000e1        0x3 
 .bss.L_Count   0x200000e4        0x4 obj/main.o
                0x200000e4                L_Count
 .bss.R_Count   0x200000e8        0x4 obj/main.o
                0x200000e8                R_Count
 .bss.L_Lock    0x200000ec        0x4 obj/main.o
                0x200000ec                L_Lock
 .bss.R_Lock    0x200000f0        0x4 obj/main.o
                0x200000f0                R_Lock
 .bss._ZL6canSdo
                0x200000f4        0x4 obj/main.o
 .bss._ZL6canMap
                0x200000f8        0x4 obj/main.o
 .bss._ZL3can   0x200000fc        0x4 obj/main.o
 .bss._ZL9scheduler
                0x20000100        0x4 obj/main.o
 .bss._ZN5ParamL5flagsE
                0x20000104       0x29 obj/params.o
 *fill*         0x2000012d        0x3 
 .bss._ZN8Terminal15defaultTerminalE
                0x20000130        0x4 obj/terminal.o
                0x20000130                Terminal::defaultTerminal
 .bss._ZN5DigIo5G_LEDE
                0x20000134        0x8 obj/digio.o
                0x20000134                DigIo::G_LED
 .bss._ZN5DigIo5R_LEDE
                0x2000013c        0x8 obj/digio.o
                0x2000013c                DigIo::R_LED
 .bss._ZN5DigIo6Aux_ENE
                0x20000144        0x8 obj/digio.o
                0x20000144                DigIo::Aux_EN
 .bss._ZN5DigIo10CompressorE
                0x2000014c        0x8 obj/digio.o
                0x2000014c                DigIo::Compressor
 .bss._ZN5DigIo9Rvrs2_VlvE
                0x20000154        0x8 obj/digio.o
                0x20000154                DigIo::Rvrs2_Vlv
 .bss._ZN5DigIo9Rvrs1_VlvE
                0x2000015c        0x8 obj/digio.o
                0x2000015c                DigIo::Rvrs1_Vlv
 .bss._ZN5DigIo7Amb_VlvE
                0x20000164        0x8 obj/digio.o
                0x20000164                DigIo::Amb_Vlv
 .bss._ZN5DigIo6RL_VlvE
                0x2000016c        0x8 obj/digio.o
                0x2000016c                DigIo::RL_Vlv
 .bss._ZN5DigIo6RR_VlvE
                0x20000174        0x8 obj/digio.o
                0x20000174                DigIo::RR_Vlv
 .bss._ZN5DigIo5L2_ENE
                0x2000017c        0x8 obj/digio.o
                0x2000017c                DigIo::L2_EN
 .bss._ZN5DigIo5L1_ENE
                0x20000184        0x8 obj/digio.o
                0x20000184                DigIo::L1_EN
 .bss._ZN5DigIo5R2_ENE
                0x2000018c        0x8 obj/digio.o
                0x2000018c                DigIo::R2_EN
 .bss._ZN5DigIo5R1_ENE
                0x20000194        0x8 obj/digio.o
                0x20000194                DigIo::R1_EN
 .bss._ZN5DigIo3REVE
                0x2000019c        0x8 obj/digio.o
                0x2000019c                DigIo::REV
 .bss._ZN5DigIo3FORE
                0x200001a4        0x8 obj/digio.o
                0x200001a4                DigIo::FOR
 .bss._ZN5DigIo7led_outE
                0x200001ac        0x8 obj/digio.o
                0x200001ac                DigIo::led_out
 .bss._ZN5AnaIn7Btn_SigE
                0x200001b4        0x4 obj/anain.o
                0x200001b4                AnaIn::Btn_Sig
 .bss._ZN5AnaIn6VsenseE
                0x200001b8        0x4 obj/anain.o
                0x200001b8                AnaIn::Vsense
 .bss._ZN5AnaIn8Comp_TmpE
                0x200001bc        0x4 obj/anain.o
                0x200001bc                AnaIn::Comp_Tmp
 .bss._ZN5AnaIn5Sus_LE
                0x200001c0        0x4 obj/anain.o
                0x200001c0                AnaIn::Sus_L
 .bss._ZN5AnaIn5Sus_RE
                0x200001c4        0x4 obj/anain.o
                0x200001c4                AnaIn::Sus_R
 .bss._ZN5AnaIn5PressE
                0x200001c8        0x4 obj/anain.o
                0x200001c8                AnaIn::Press
 .bss._ZN5AnaIn6Hall_LE
                0x200001cc        0x4 obj/anain.o
                0x200001cc                AnaIn::Hall_L
 .bss._ZN5AnaIn6Hall_RE
                0x200001d0        0x4 obj/anain.o
                0x200001d0                AnaIn::Hall_R
 .bss._ZN5AnaIn8ActCur_LE
                0x200001d4        0x4 obj/anain.o
                0x200001d4                AnaIn::ActCur_L
 .bss._ZN5AnaIn8ActCur_RE
                0x200001d8        0x4 obj/anain.o
                0x200001d8                AnaIn::ActCur_R
 .bss._ZN5AnaIn6valuesE
                0x200001dc       0xf0 obj/anain.o
                0x200001dc                AnaIn::values
 .bss._ZN5AnaIn13channel_arrayE
                0x200002cc        0xa obj/anain.o
                0x200002cc                AnaIn::channel_array
 *fill*         0x200002d6        0x2 
 .bss._ZN12ErrorMessage8timeTickE
                0x200002d8        0x4 obj/errormessage.o
                0x200002d8                ErrorMessage::timeTick
 .bss._ZN8Stm32Can10interfacesE
                0x200002dc        0x8 obj/stm32_can.o
                0x200002dc                Stm32Can::interfaces
 .bss._ZN6CanMap8isSavingE
                0x200002e4        0x1 obj/canmap.o
                0x200002e4                CanMap::isSaving
 *fill*         0x200002e5        0x3 
 .bss._ZN16TerminalCommands6canMapE
                0x200002e8        0x4 obj/terminalcommands.o
                0x200002e8                TerminalCommands::canMap
 .bss._ZL7curTerm
                0x200002ec        0x4 obj/terminalcommands.o
 *(COMMON)
                0x200002f0                        . = ALIGN (0x4)
                0x200002f0                        _ebss = .

/DISCARD/
 *(.eh_frame)
                0x200002f0                        . = ALIGN (0x4)
                0x200002f0                        end = .
                0x20005000                        PROVIDE (_stack = (ORIGIN (ram) + LENGTH (ram)))
OUTPUT(stm32_eBrake elf32-littlearm)
LOAD linker stubs

.debug_info     0x00000000    0x17342
 .debug_info    0x00000000     0x327b obj/main.o
 .debug_info    0x0000327b      0x82d obj/hwinit.o
 .debug_info    0x00003aa8      0x641 obj/stm32scheduler.o
 .debug_info    0x000040e9      0x959 obj/params.o
 .debug_info    0x00004a42     0x171d obj/terminal.o
 .debug_info    0x0000615f      0x6b9 obj/terminal_prj.o
 .debug_info    0x00006818      0x47b obj/digio.o
 .debug_info    0x00006c93      0xb4a obj/printf.o
 .debug_info    0x000077dd      0xbac obj/anain.o
 .debug_info    0x00008389      0x7a5 obj/param_save.o
 .debug_info    0x00008b2e      0x483 obj/errormessage.o
 .debug_info    0x00008fb1     0x14dd obj/stm32_can.o
 .debug_info    0x0000a48e      0x7dd obj/canhardware.o
 .debug_info    0x0000ac6b     0x2571 obj/canmap.o
 .debug_info    0x0000d1dc     0x1b24 obj/terminalcommands.o
 .debug_info    0x0000ed00     0x150f obj/cansdo.o
 .debug_info    0x0001020f      0x397 libopencm3/lib\libopencm3_stm32f1.a(adc.o)
 .debug_info    0x000105a6      0x888 libopencm3/lib\libopencm3_stm32f1.a(adc_common_v1.o)
 .debug_info    0x00010e2e      0xbaf libopencm3/lib\libopencm3_stm32f1.a(can.o)
 .debug_info    0x000119dd      0x119 libopencm3/lib\libopencm3_stm32f1.a(crc_common_all.o)
 .debug_info    0x00011af6       0xe8 libopencm3/lib\libopencm3_stm32f1.a(desig_common_v1.o)
 .debug_info    0x00011bde      0x781 libopencm3/lib\libopencm3_stm32f1.a(dma_common_l1f013.o)
 .debug_info    0x0001235f      0x35e libopencm3/lib\libopencm3_stm32f1.a(flash.o)
 .debug_info    0x000126bd       0xf1 libopencm3/lib\libopencm3_stm32f1.a(flash_common_all.o)
 .debug_info    0x000127ae       0xb9 libopencm3/lib\libopencm3_stm32f1.a(flash_common_f.o)
 .debug_info    0x00012867      0x20d libopencm3/lib\libopencm3_stm32f1.a(flash_common_f01.o)
 .debug_info    0x00012a74      0x1f8 libopencm3/lib\libopencm3_stm32f1.a(gpio.o)
 .debug_info    0x00012c6c      0x256 libopencm3/lib\libopencm3_stm32f1.a(gpio_common_all.o)
 .debug_info    0x00012ec2      0x177 libopencm3/lib\libopencm3_stm32f1.a(iwdg_common_all.o)
 .debug_info    0x00013039     0x14d0 libopencm3/lib\libopencm3_stm32f1.a(rcc.o)
 .debug_info    0x00014509      0x60d libopencm3/lib\libopencm3_stm32f1.a(rcc_common_all.o)
 .debug_info    0x00014b16      0x6e9 libopencm3/lib\libopencm3_stm32f1.a(rtc.o)
 .debug_info    0x000151ff      0xff0 libopencm3/lib\libopencm3_stm32f1.a(timer_common_all.o)
 .debug_info    0x000161ef      0x582 libopencm3/lib\libopencm3_stm32f1.a(usart_common_all.o)
 .debug_info    0x00016771      0x192 libopencm3/lib\libopencm3_stm32f1.a(usart_common_f124.o)
 .debug_info    0x00016903      0x2c4 libopencm3/lib\libopencm3_stm32f1.a(vector.o)
 .debug_info    0x00016bc7       0xdb libopencm3/lib\libopencm3_stm32f1.a(scb.o)
 .debug_info    0x00016ca2      0x239 libopencm3/lib\libopencm3_stm32f1.a(nvic.o)
 .debug_info    0x00016edb      0x1a1 libopencm3/lib\libopencm3_stm32f1.a(pwr_common_v1.o)
 .debug_info    0x0001707c       0xd3 C:/msys64/mingw64/bin/../lib/gcc/arm-none-eabi/13.3.0/thumb/v7/nofp\libgcc.a(_arm_addsubdf3.o)
 .debug_info    0x0001714f       0x57 C:/msys64/mingw64/bin/../lib/gcc/arm-none-eabi/13.3.0/thumb/v7/nofp\libgcc.a(_arm_muldivdf3.o)
 .debug_info    0x000171a6       0x3f C:/msys64/mingw64/bin/../lib/gcc/arm-none-eabi/13.3.0/thumb/v7/nofp\libgcc.a(_arm_truncdfsf2.o)
 .debug_info    0x000171e5       0xca C:/msys64/mingw64/bin/../lib/gcc/arm-none-eabi/13.3.0/thumb/v7/nofp\libgcc.a(_arm_addsubsf3.o)
 .debug_info    0x000172af       0x57 C:/msys64/mingw64/bin/../lib/gcc/arm-none-eabi/13.3.0/thumb/v7/nofp\libgcc.a(_arm_muldivsf3.o)
 .debug_info    0x00017306       0x3c C:/msys64/mingw64/bin/../lib/gcc/arm-none-eabi/13.3.0/thumb/v7/nofp\libgcc.a(_arm_fixsfsi.o)

.debug_abbrev   0x00000000     0x576e
 .debug_abbrev  0x00000000      0x752 obj/main.o
 .debug_abbrev  0x00000752      0x213 obj/hwinit.o
 .debug_abbrev  0x00000965      0x27a obj/stm32scheduler.o
 .debug_abbrev  0x00000bdf      0x25c obj/params.o
 .debug_abbrev  0x00000e3b      0x4bf obj/terminal.o
 .debug_abbrev  0x000012fa      0x23d obj/terminal_prj.o
 .debug_abbrev  0x00001537      0x1fe obj/digio.o
 .debug_abbrev  0x00001735      0x384 obj/printf.o
 .debug_abbrev  0x00001ab9      0x332 obj/anain.o
 .debug_abbrev  0x00001deb      0x255 obj/param_save.o
 .debug_abbrev  0x00002040      0x267 obj/errormessage.o
 .debug_abbrev  0x000022a7      0x499 obj/stm32_can.o
 .debug_abbrev  0x00002740      0x342 obj/canhardware.o
 .debug_abbrev  0x00002a82      0x688 obj/canmap.o
 .debug_abbrev  0x0000310a      0x3fa obj/terminalcommands.o
 .debug_abbrev  0x00003504      0x51a obj/cansdo.o
 .debug_abbrev  0x00003a1e      0x195 libopencm3/lib\libopencm3_stm32f1.a(adc.o)
 .debug_abbrev  0x00003bb3      0x1ab libopencm3/lib\libopencm3_stm32f1.a(adc_common_v1.o)
 .debug_abbrev  0x00003d5e      0x2bd libopencm3/lib\libopencm3_stm32f1.a(can.o)
 .debug_abbrev  0x0000401b       0xb6 libopencm3/lib\libopencm3_stm32f1.a(crc_common_all.o)
 .debug_abbrev  0x000040d1       0x8e libopencm3/lib\libopencm3_stm32f1.a(desig_common_v1.o)
 .debug_abbrev  0x0000415f      0x168 libopencm3/lib\libopencm3_stm32f1.a(dma_common_l1f013.o)
 .debug_abbrev  0x000042c7      0x1a2 libopencm3/lib\libopencm3_stm32f1.a(flash.o)
 .debug_abbrev  0x00004469       0x96 libopencm3/lib\libopencm3_stm32f1.a(flash_common_all.o)
 .debug_abbrev  0x000044ff       0x56 libopencm3/lib\libopencm3_stm32f1.a(flash_common_f.o)
 .debug_abbrev  0x00004555       0xf5 libopencm3/lib\libopencm3_stm32f1.a(flash_common_f01.o)
 .debug_abbrev  0x0000464a       0xd2 libopencm3/lib\libopencm3_stm32f1.a(gpio.o)
 .debug_abbrev  0x0000471c      0x115 libopencm3/lib\libopencm3_stm32f1.a(gpio_common_all.o)
 .debug_abbrev  0x00004831      0x10e libopencm3/lib\libopencm3_stm32f1.a(iwdg_common_all.o)
 .debug_abbrev  0x0000493f      0x2be libopencm3/lib\libopencm3_stm32f1.a(rcc.o)
 .debug_abbrev  0x00004bfd      0x185 libopencm3/lib\libopencm3_stm32f1.a(rcc_common_all.o)
 .debug_abbrev  0x00004d82      0x20e libopencm3/lib\libopencm3_stm32f1.a(rtc.o)
 .debug_abbrev  0x00004f90      0x1ae libopencm3/lib\libopencm3_stm32f1.a(timer_common_all.o)
 .debug_abbrev  0x0000513e      0x164 libopencm3/lib\libopencm3_stm32f1.a(usart_common_all.o)
 .debug_abbrev  0x000052a2       0xb6 libopencm3/lib\libopencm3_stm32f1.a(usart_common_f124.o)
 .debug_abbrev  0x00005358      0x149 libopencm3/lib\libopencm3_stm32f1.a(vector.o)
 .debug_abbrev  0x000054a1       0x88 libopencm3/lib\libopencm3_stm32f1.a(scb.o)
 .debug_abbrev  0x00005529       0xb6 libopencm3/lib\libopencm3_stm32f1.a(nvic.o)
 .debug_abbrev  0x000055df       0x9f libopencm3/lib\libopencm3_stm32f1.a(pwr_common_v1.o)
 .debug_abbrev  0x0000567e       0x28 C:/msys64/mingw64/bin/../lib/gcc/arm-none-eabi/13.3.0/thumb/v7/nofp\libgcc.a(_arm_addsubdf3.o)
 .debug_abbrev  0x000056a6       0x28 C:/msys64/mingw64/bin/../lib/gcc/arm-none-eabi/13.3.0/thumb/v7/nofp\libgcc.a(_arm_muldivdf3.o)
 .debug_abbrev  0x000056ce       0x28 C:/msys64/mingw64/bin/../lib/gcc/arm-none-eabi/13.3.0/thumb/v7/nofp\libgcc.a(_arm_truncdfsf2.o)
 .debug_abbrev  0x000056f6       0x28 C:/msys64/mingw64/bin/../lib/gcc/arm-none-eabi/13.3.0/thumb/v7/nofp\libgcc.a(_arm_addsubsf3.o)
 .debug_abbrev  0x0000571e       0x28 C:/msys64/mingw64/bin/../lib/gcc/arm-none-eabi/13.3.0/thumb/v7/nofp\libgcc.a(_arm_muldivsf3.o)
 .debug_abbrev  0x00005746       0x28 C:/msys64/mingw64/bin/../lib/gcc/arm-none-eabi/13.3.0/thumb/v7/nofp\libgcc.a(_arm_fixsfsi.o)

.debug_loclists
                0x00000000     0x67f5
 .debug_loclists
                0x00000000      0x1a7 obj/main.o
 .debug_loclists
                0x000001a7       0x6b obj/hwinit.o
 .debug_loclists
                0x00000212      0x152 obj/stm32scheduler.o
 .debug_loclists
                0x00000364      0x2f5 obj/params.o
 .debug_loclists
                0x00000659      0x5a9 obj/terminal.o
 .debug_loclists
                0x00000c02       0xfb obj/terminal_prj.o
 .debug_loclists
                0x00000cfd      0x245 obj/digio.o
 .debug_loclists
                0x00000f42      0x5cd obj/printf.o
 .debug_loclists
                0x0000150f      0x30f obj/anain.o
 .debug_loclists
                0x0000181e      0x118 obj/param_save.o
 .debug_loclists
                0x00001936       0x6d obj/errormessage.o
 .debug_loclists
                0x000019a3      0x35a obj/stm32_can.o
 .debug_loclists
                0x00001cfd      0x1aa obj/canhardware.o
 .debug_loclists
                0x00001ea7     0x155e obj/canmap.o
 .debug_loclists
                0x00003405      0x984 obj/terminalcommands.o
 .debug_loclists
                0x00003d89      0x8aa obj/cansdo.o
 .debug_loclists
                0x00004633      0x164 libopencm3/lib\libopencm3_stm32f1.a(adc.o)
 .debug_loclists
                0x00004797      0x325 libopencm3/lib\libopencm3_stm32f1.a(adc_common_v1.o)
 .debug_loclists
                0x00004abc      0x7c7 libopencm3/lib\libopencm3_stm32f1.a(can.o)
 .debug_loclists
                0x00005283       0x6a libopencm3/lib\libopencm3_stm32f1.a(crc_common_all.o)
 .debug_loclists
                0x000052ed       0x2b libopencm3/lib\libopencm3_stm32f1.a(desig_common_v1.o)
 .debug_loclists
                0x00005318      0x6a9 libopencm3/lib\libopencm3_stm32f1.a(dma_common_l1f013.o)
 .debug_loclists
                0x000059c1       0x82 libopencm3/lib\libopencm3_stm32f1.a(flash.o)
 .debug_loclists
                0x00005a43       0x17 libopencm3/lib\libopencm3_stm32f1.a(flash_common_all.o)
 .debug_loclists
                0x00005a5a       0xa5 libopencm3/lib\libopencm3_stm32f1.a(flash_common_f01.o)
 .debug_loclists
                0x00005aff       0xd5 libopencm3/lib\libopencm3_stm32f1.a(gpio.o)
 .debug_loclists
                0x00005bd4       0x96 libopencm3/lib\libopencm3_stm32f1.a(gpio_common_all.o)
 .debug_loclists
                0x00005c6a       0x9d libopencm3/lib\libopencm3_stm32f1.a(iwdg_common_all.o)
 .debug_loclists
                0x00005d07      0x2cb libopencm3/lib\libopencm3_stm32f1.a(rcc.o)
 .debug_loclists
                0x00005fd2       0x87 libopencm3/lib\libopencm3_stm32f1.a(rcc_common_all.o)
 .debug_loclists
                0x00006059      0x1d9 libopencm3/lib\libopencm3_stm32f1.a(rtc.o)
 .debug_loclists
                0x00006232      0x220 libopencm3/lib\libopencm3_stm32f1.a(timer_common_all.o)
 .debug_loclists
                0x00006452      0x10e libopencm3/lib\libopencm3_stm32f1.a(usart_common_all.o)
 .debug_loclists
                0x00006560       0x79 libopencm3/lib\libopencm3_stm32f1.a(usart_common_f124.o)
 .debug_loclists
                0x000065d9       0xe2 libopencm3/lib\libopencm3_stm32f1.a(vector.o)
 .debug_loclists
                0x000066bb       0x29 libopencm3/lib\libopencm3_stm32f1.a(scb.o)
 .debug_loclists
                0x000066e4      0x111 libopencm3/lib\libopencm3_stm32f1.a(nvic.o)

.debug_aranges  0x00000000     0x1490
 .debug_aranges
                0x00000000       0xa0 obj/main.o
 .debug_aranges
                0x000000a0       0x38 obj/hwinit.o
 .debug_aranges
                0x000000d8       0x38 obj/stm32scheduler.o
 .debug_aranges
                0x00000110       0xa8 obj/params.o
 .debug_aranges
                0x000001b8       0xa0 obj/terminal.o
 .debug_aranges
                0x00000258       0x40 obj/terminal_prj.o
 .debug_aranges
                0x00000298       0x20 obj/digio.o
 .debug_aranges
                0x000002b8       0x60 obj/printf.o
 .debug_aranges
                0x00000318       0x50 obj/anain.o
 .debug_aranges
                0x00000368       0x30 obj/param_save.o
 .debug_aranges
                0x00000398       0x50 obj/errormessage.o
 .debug_aranges
                0x000003e8       0x98 obj/stm32_can.o
 .debug_aranges
                0x00000480       0x50 obj/canhardware.o
 .debug_aranges
                0x000004d0       0xe0 obj/canmap.o
 .debug_aranges
                0x000005b0       0x78 obj/terminalcommands.o
 .debug_aranges
                0x00000628       0x88 obj/cansdo.o
 .debug_aranges
                0x000006b0       0x98 libopencm3/lib\libopencm3_stm32f1.a(adc.o)
 .debug_aranges
                0x00000748      0x158 libopencm3/lib\libopencm3_stm32f1.a(adc_common_v1.o)
 .debug_aranges
                0x000008a0       0x88 libopencm3/lib\libopencm3_stm32f1.a(can.o)
 .debug_aranges
                0x00000928       0x30 libopencm3/lib\libopencm3_stm32f1.a(crc_common_all.o)
 .debug_aranges
                0x00000958       0x28 libopencm3/lib\libopencm3_stm32f1.a(desig_common_v1.o)
 .debug_aranges
                0x00000980       0xe8 libopencm3/lib\libopencm3_stm32f1.a(dma_common_l1f013.o)
 .debug_aranges
                0x00000a68       0x80 libopencm3/lib\libopencm3_stm32f1.a(flash.o)
 .debug_aranges
                0x00000ae8       0x38 libopencm3/lib\libopencm3_stm32f1.a(flash_common_all.o)
 .debug_aranges
                0x00000b20       0x30 libopencm3/lib\libopencm3_stm32f1.a(flash_common_f.o)
 .debug_aranges
                0x00000b50       0x48 libopencm3/lib\libopencm3_stm32f1.a(flash_common_f01.o)
 .debug_aranges
                0x00000b98       0x38 libopencm3/lib\libopencm3_stm32f1.a(gpio.o)
 .debug_aranges
                0x00000bd0       0x50 libopencm3/lib\libopencm3_stm32f1.a(gpio_common_all.o)
 .debug_aranges
                0x00000c20       0x40 libopencm3/lib\libopencm3_stm32f1.a(iwdg_common_all.o)
 .debug_aranges
                0x00000c60      0x170 libopencm3/lib\libopencm3_stm32f1.a(rcc.o)
 .debug_aranges
                0x00000dd0       0x80 libopencm3/lib\libopencm3_stm32f1.a(rcc_common_all.o)
 .debug_aranges
                0x00000e50       0xa0 libopencm3/lib\libopencm3_stm32f1.a(rtc.o)
 .debug_aranges
                0x00000ef0      0x278 libopencm3/lib\libopencm3_stm32f1.a(timer_common_all.o)
 .debug_aranges
                0x00001168       0xd8 libopencm3/lib\libopencm3_stm32f1.a(usart_common_all.o)
 .debug_aranges
                0x00001240       0x40 libopencm3/lib\libopencm3_stm32f1.a(usart_common_f124.o)
 .debug_aranges
                0x00001280       0x30 libopencm3/lib\libopencm3_stm32f1.a(vector.o)
 .debug_aranges
                0x000012b0       0x30 libopencm3/lib\libopencm3_stm32f1.a(scb.o)
 .debug_aranges
                0x000012e0       0x60 libopencm3/lib\libopencm3_stm32f1.a(nvic.o)
 .debug_aranges
                0x00001340       0x90 libopencm3/lib\libopencm3_stm32f1.a(pwr_common_v1.o)
 .debug_aranges
                0x000013d0       0x20 C:/msys64/mingw64/bin/../lib/gcc/arm-none-eabi/13.3.0/thumb/v7/nofp\libgcc.a(_arm_addsubdf3.o)
 .debug_aranges
                0x000013f0       0x20 C:/msys64/mingw64/bin/../lib/gcc/arm-none-eabi/13.3.0/thumb/v7/nofp\libgcc.a(_arm_muldivdf3.o)
 .debug_aranges
                0x00001410       0x20 C:/msys64/mingw64/bin/../lib/gcc/arm-none-eabi/13.3.0/thumb/v7/nofp\libgcc.a(_arm_truncdfsf2.o)
 .debug_aranges
                0x00001430       0x20 C:/msys64/mingw64/bin/../lib/gcc/arm-none-eabi/13.3.0/thumb/v7/nofp\libgcc.a(_arm_addsubsf3.o)
 .debug_aranges
                0x00001450       0x20 C:/msys64/mingw64/bin/../lib/gcc/arm-none-eabi/13.3.0/thumb/v7/nofp\libgcc.a(_arm_muldivsf3.o)
 .debug_aranges
                0x00001470       0x20 C:/msys64/mingw64/bin/../lib/gcc/arm-none-eabi/13.3.0/thumb/v7/nofp\libgcc.a(_arm_fixsfsi.o)

.debug_rnglists
                0x00000000     0x1163
 .debug_rnglists
                0x00000000       0x91 obj/main.o
 .debug_rnglists
                0x00000091       0x26 obj/hwinit.o
 .debug_rnglists
                0x000000b7       0x3d obj/stm32scheduler.o
 .debug_rnglists
                0x000000f4       0x9d obj/params.o
 .debug_rnglists
                0x00000191       0x85 obj/terminal.o
 .debug_rnglists
                0x00000216       0x2b obj/terminal_prj.o
 .debug_rnglists
                0x00000241       0x14 obj/digio.o
 .debug_rnglists
                0x00000255       0x55 obj/printf.o
 .debug_rnglists
                0x000002aa       0x45 obj/anain.o
 .debug_rnglists
                0x000002ef       0x38 obj/param_save.o
 .debug_rnglists
                0x00000327       0x43 obj/errormessage.o
 .debug_rnglists
                0x0000036a       0x7c obj/stm32_can.o
 .debug_rnglists
                0x000003e6       0x37 obj/canhardware.o
 .debug_rnglists
                0x0000041d      0x222 obj/canmap.o
 .debug_rnglists
                0x0000063f       0xc0 obj/terminalcommands.o
 .debug_rnglists
                0x000006ff       0x9c obj/cansdo.o
 .debug_rnglists
                0x0000079b       0x6d libopencm3/lib\libopencm3_stm32f1.a(adc.o)
 .debug_rnglists
                0x00000808       0xfd libopencm3/lib\libopencm3_stm32f1.a(adc_common_v1.o)
 .debug_rnglists
                0x00000905       0x65 libopencm3/lib\libopencm3_stm32f1.a(can.o)
 .debug_rnglists
                0x0000096a       0x1f libopencm3/lib\libopencm3_stm32f1.a(crc_common_all.o)
 .debug_rnglists
                0x00000989       0x19 libopencm3/lib\libopencm3_stm32f1.a(desig_common_v1.o)
 .debug_rnglists
                0x000009a2       0xa9 libopencm3/lib\libopencm3_stm32f1.a(dma_common_l1f013.o)
 .debug_rnglists
                0x00000a4b       0x5b libopencm3/lib\libopencm3_stm32f1.a(flash.o)
 .debug_rnglists
                0x00000aa6       0x25 libopencm3/lib\libopencm3_stm32f1.a(flash_common_all.o)
 .debug_rnglists
                0x00000acb       0x1f libopencm3/lib\libopencm3_stm32f1.a(flash_common_f.o)
 .debug_rnglists
                0x00000aea       0x31 libopencm3/lib\libopencm3_stm32f1.a(flash_common_f01.o)
 .debug_rnglists
                0x00000b1b       0x25 libopencm3/lib\libopencm3_stm32f1.a(gpio.o)
 .debug_rnglists
                0x00000b40       0x37 libopencm3/lib\libopencm3_stm32f1.a(gpio_common_all.o)
 .debug_rnglists
                0x00000b77       0x37 libopencm3/lib\libopencm3_stm32f1.a(iwdg_common_all.o)
 .debug_rnglists
                0x00000bae      0x160 libopencm3/lib\libopencm3_stm32f1.a(rcc.o)
 .debug_rnglists
                0x00000d0e       0x5b libopencm3/lib\libopencm3_stm32f1.a(rcc_common_all.o)
 .debug_rnglists
                0x00000d69       0x73 libopencm3/lib\libopencm3_stm32f1.a(rtc.o)
 .debug_rnglists
                0x00000ddc      0x1d6 libopencm3/lib\libopencm3_stm32f1.a(timer_common_all.o)
 .debug_rnglists
                0x00000fb2       0x9d libopencm3/lib\libopencm3_stm32f1.a(usart_common_all.o)
 .debug_rnglists
                0x0000104f       0x2b libopencm3/lib\libopencm3_stm32f1.a(usart_common_f124.o)
 .debug_rnglists
                0x0000107a       0x20 libopencm3/lib\libopencm3_stm32f1.a(vector.o)
 .debug_rnglists
                0x0000109a       0x1f libopencm3/lib\libopencm3_stm32f1.a(scb.o)
 .debug_rnglists
                0x000010b9       0x43 libopencm3/lib\libopencm3_stm32f1.a(nvic.o)
 .debug_rnglists
                0x000010fc       0x67 libopencm3/lib\libopencm3_stm32f1.a(pwr_common_v1.o)

.debug_macro    0x00000000     0xa615
 .debug_macro   0x00000000      0x278 obj/main.o
 .debug_macro   0x00000278      0xb62 obj/main.o
 .debug_macro   0x00000dda       0x1c obj/main.o
 .debug_macro   0x00000df6       0x22 obj/main.o
 .debug_macro   0x00000e18       0x56 obj/main.o
 .debug_macro   0x00000e6e       0x51 obj/main.o
 .debug_macro   0x00000ebf      0x103 obj/main.o
 .debug_macro   0x00000fc2       0x6a obj/main.o
 .debug_macro   0x0000102c      0x1df obj/main.o
 .debug_macro   0x0000120b       0x1c obj/main.o
 .debug_macro   0x00001227       0x16 obj/main.o
 .debug_macro   0x0000123d       0xe8 obj/main.o
 .debug_macro   0x00001325       0x76 obj/main.o
 .debug_macro   0x0000139b      0x1b4 obj/main.o
 .debug_macro   0x0000154f       0x94 obj/main.o
 .debug_macro   0x000015e3      0x29e obj/main.o
 .debug_macro   0x00001881      0xf8f obj/main.o
 .debug_macro   0x00002810       0x8e obj/main.o
 .debug_macro   0x0000289e      0x8c6 obj/main.o
 .debug_macro   0x00003164       0x76 obj/main.o
 .debug_macro   0x000031da      0x519 obj/main.o
 .debug_macro   0x000036f3       0x70 obj/main.o
 .debug_macro   0x00003763       0x16 obj/main.o
 .debug_macro   0x00003779       0x46 obj/main.o
 .debug_macro   0x000037bf       0x58 obj/main.o
 .debug_macro   0x00003817       0x28 obj/main.o
 .debug_macro   0x0000383f       0x40 obj/main.o
 .debug_macro   0x0000387f       0x10 obj/main.o
 .debug_macro   0x0000388f       0x3a obj/main.o
 .debug_macro   0x000038c9       0x76 obj/main.o
 .debug_macro   0x0000393f      0xe04 obj/main.o
 .debug_macro   0x00004743       0x1c obj/main.o
 .debug_macro   0x0000475f       0x1c obj/main.o
 .debug_macro   0x0000477b       0x2e obj/main.o
 .debug_macro   0x000047a9       0x46 obj/main.o
 .debug_macro   0x000047ef       0x16 obj/main.o
 .debug_macro   0x00004805       0x10 obj/main.o
 .debug_macro   0x00004815       0x1c obj/main.o
 .debug_macro   0x00004831      0x269 obj/hwinit.o
 .debug_macro   0x00004a9a       0x68 obj/hwinit.o
 .debug_macro   0x00004b02      0x1a2 obj/hwinit.o
 .debug_macro   0x00004ca4      0x39b obj/hwinit.o
 .debug_macro   0x0000503f      0x1ba obj/hwinit.o
 .debug_macro   0x000051f9      0x449 obj/hwinit.o
 .debug_macro   0x00005642      0x456 obj/hwinit.o
 .debug_macro   0x00005a98      0x4f5 obj/hwinit.o
 .debug_macro   0x00005f8d       0x1c obj/hwinit.o
 .debug_macro   0x00005fa9       0xee obj/hwinit.o
 .debug_macro   0x00006097       0x82 obj/hwinit.o
 .debug_macro   0x00006119      0x2eb obj/hwinit.o
 .debug_macro   0x00006404       0x16 obj/hwinit.o
 .debug_macro   0x0000641a       0x2e obj/hwinit.o
 .debug_macro   0x00006448       0xe0 obj/stm32scheduler.o
 .debug_macro   0x00006528      0x159 obj/params.o
 .debug_macro   0x00006681       0x52 obj/params.o
 .debug_macro   0x000066d3      0x126 obj/terminal.o
 .debug_macro   0x000067f9      0x137 obj/terminal_prj.o
 .debug_macro   0x00006930       0xfd obj/digio.o
 .debug_macro   0x00006a2d       0x9b obj/printf.o
 .debug_macro   0x00006ac8       0x58 obj/printf.o
 .debug_macro   0x00006b20      0x14a obj/anain.o
 .debug_macro   0x00006c6a       0x16 obj/anain.o
 .debug_macro   0x00006c80      0x12f obj/param_save.o
 .debug_macro   0x00006daf       0xb0 obj/errormessage.o
 .debug_macro   0x00006e5f      0x17f obj/stm32_can.o
 .debug_macro   0x00006fde      0x513 obj/stm32_can.o
 .debug_macro   0x000074f1       0x6e obj/stm32_can.o
 .debug_macro   0x0000755f       0x77 obj/canhardware.o
 .debug_macro   0x000075d6       0x10 obj/canhardware.o
 .debug_macro   0x000075e6      0x18e obj/canmap.o
 .debug_macro   0x00007774      0x13f obj/terminalcommands.o
 .debug_macro   0x000078b3      0x395 obj/terminalcommands.o
 .debug_macro   0x00007c48       0x1f obj/terminalcommands.o
 .debug_macro   0x00007c67      0x1dc obj/cansdo.o
 .debug_macro   0x00007e43       0x46 obj/cansdo.o
 .debug_macro   0x00007e89       0xb8 libopencm3/lib\libopencm3_stm32f1.a(adc.o)
 .debug_macro   0x00007f41      0xac0 libopencm3/lib\libopencm3_stm32f1.a(adc.o)
 .debug_macro   0x00008a01       0x1c libopencm3/lib\libopencm3_stm32f1.a(adc.o)
 .debug_macro   0x00008a1d       0x56 libopencm3/lib\libopencm3_stm32f1.a(adc.o)
 .debug_macro   0x00008a73       0x22 libopencm3/lib\libopencm3_stm32f1.a(adc.o)
 .debug_macro   0x00008a95       0xb8 libopencm3/lib\libopencm3_stm32f1.a(adc_common_v1.o)
 .debug_macro   0x00008b4d       0xc9 libopencm3/lib\libopencm3_stm32f1.a(can.o)
 .debug_macro   0x00008c16       0xb3 libopencm3/lib\libopencm3_stm32f1.a(crc_common_all.o)
 .debug_macro   0x00008cc9       0xa6 libopencm3/lib\libopencm3_stm32f1.a(desig_common_v1.o)
 .debug_macro   0x00008d6f       0xb3 libopencm3/lib\libopencm3_stm32f1.a(dma_common_l1f013.o)
 .debug_macro   0x00008e22       0xca libopencm3/lib\libopencm3_stm32f1.a(flash.o)
 .debug_macro   0x00008eec       0xc0 libopencm3/lib\libopencm3_stm32f1.a(flash_common_all.o)
 .debug_macro   0x00008fac       0xc0 libopencm3/lib\libopencm3_stm32f1.a(flash_common_f.o)
 .debug_macro   0x0000906c       0xc0 libopencm3/lib\libopencm3_stm32f1.a(flash_common_f01.o)
 .debug_macro   0x0000912c       0xb8 libopencm3/lib\libopencm3_stm32f1.a(gpio.o)
 .debug_macro   0x000091e4       0xb8 libopencm3/lib\libopencm3_stm32f1.a(gpio_common_all.o)
 .debug_macro   0x0000929c       0xc5 libopencm3/lib\libopencm3_stm32f1.a(iwdg_common_all.o)